Archive member included to satisfy reference by file (symbol)

c:/st/stm32cubeide_1.6.0/stm32cubeide/plugins/com.st.stm32cube.ide.mcu.externaltools.gnu-tools-for-stm32.9-2020-q2-update.win32_1.5.0.202011040924/tools/bin/../lib/gcc/arm-none-eabi/9.3.1/../../../../arm-none-eabi/lib/thumb/v7-m/nofp\libc_nano.a(lib_a-errno.o)
                              src/bsp/syscalls.o (__errno)
c:/st/stm32cubeide_1.6.0/stm32cubeide/plugins/com.st.stm32cube.ide.mcu.externaltools.gnu-tools-for-stm32.9-2020-q2-update.win32_1.5.0.202011040924/tools/bin/../lib/gcc/arm-none-eabi/9.3.1/../../../../arm-none-eabi/lib/thumb/v7-m/nofp\libc_nano.a(lib_a-exit.o)
                              c:/st/stm32cubeide_1.6.0/stm32cubeide/plugins/com.st.stm32cube.ide.mcu.externaltools.gnu-tools-for-stm32.9-2020-q2-update.win32_1.5.0.202011040924/tools/bin/../lib/gcc/arm-none-eabi/9.3.1/../../../../arm-none-eabi/lib/thumb/v7-m/nofp/crt0.o (exit)
c:/st/stm32cubeide_1.6.0/stm32cubeide/plugins/com.st.stm32cube.ide.mcu.externaltools.gnu-tools-for-stm32.9-2020-q2-update.win32_1.5.0.202011040924/tools/bin/../lib/gcc/arm-none-eabi/9.3.1/../../../../arm-none-eabi/lib/thumb/v7-m/nofp\libc_nano.a(lib_a-impure.o)
                              c:/st/stm32cubeide_1.6.0/stm32cubeide/plugins/com.st.stm32cube.ide.mcu.externaltools.gnu-tools-for-stm32.9-2020-q2-update.win32_1.5.0.202011040924/tools/bin/../lib/gcc/arm-none-eabi/9.3.1/../../../../arm-none-eabi/lib/thumb/v7-m/nofp\libc_nano.a(lib_a-exit.o) (_global_impure_ptr)
c:/st/stm32cubeide_1.6.0/stm32cubeide/plugins/com.st.stm32cube.ide.mcu.externaltools.gnu-tools-for-stm32.9-2020-q2-update.win32_1.5.0.202011040924/tools/bin/../lib/gcc/arm-none-eabi/9.3.1/../../../../arm-none-eabi/lib/thumb/v7-m/nofp\libc_nano.a(lib_a-init.o)
                              c:/st/stm32cubeide_1.6.0/stm32cubeide/plugins/com.st.stm32cube.ide.mcu.externaltools.gnu-tools-for-stm32.9-2020-q2-update.win32_1.5.0.202011040924/tools/bin/../lib/gcc/arm-none-eabi/9.3.1/../../../../arm-none-eabi/lib/thumb/v7-m/nofp/crt0.o (__libc_init_array)
c:/st/stm32cubeide_1.6.0/stm32cubeide/plugins/com.st.stm32cube.ide.mcu.externaltools.gnu-tools-for-stm32.9-2020-q2-update.win32_1.5.0.202011040924/tools/bin/../lib/gcc/arm-none-eabi/9.3.1/../../../../arm-none-eabi/lib/thumb/v7-m/nofp\libc_nano.a(lib_a-memset.o)
                              c:/st/stm32cubeide_1.6.0/stm32cubeide/plugins/com.st.stm32cube.ide.mcu.externaltools.gnu-tools-for-stm32.9-2020-q2-update.win32_1.5.0.202011040924/tools/bin/../lib/gcc/arm-none-eabi/9.3.1/../../../../arm-none-eabi/lib/thumb/v7-m/nofp/crt0.o (memset)

Allocating common symbols
Common symbol       size              file

hUsbDeviceFS        0x2c4             src/lib/cube_remind_f103/USB_DEVICE/App/usb_device.o
uwTick              0x4               src/lib/cube_remind_f103/Drivers/STM32F1xx_HAL_Driver/Src/stm32f1xx_hal.o
pFlash              0x20              src/lib/cube_remind_f103/Drivers/STM32F1xx_HAL_Driver/Src/stm32f1xx_hal_flash.o
hpcd_USB_FS         0x2ec             src/lib/cube_remind_f103/USB_DEVICE/Target/usbd_conf.o
USBD_StrDesc        0x200             src/lib/cube_remind_f103/USB_DEVICE/App/usbd_desc.o

Discarded input sections

 .text          0x0000000000000000        0x0 c:/st/stm32cubeide_1.6.0/stm32cubeide/plugins/com.st.stm32cube.ide.mcu.externaltools.gnu-tools-for-stm32.9-2020-q2-update.win32_1.5.0.202011040924/tools/bin/../lib/gcc/arm-none-eabi/9.3.1/thumb/v7-m/nofp/crti.o
 .data          0x0000000000000000        0x0 c:/st/stm32cubeide_1.6.0/stm32cubeide/plugins/com.st.stm32cube.ide.mcu.externaltools.gnu-tools-for-stm32.9-2020-q2-update.win32_1.5.0.202011040924/tools/bin/../lib/gcc/arm-none-eabi/9.3.1/thumb/v7-m/nofp/crti.o
 .bss           0x0000000000000000        0x0 c:/st/stm32cubeide_1.6.0/stm32cubeide/plugins/com.st.stm32cube.ide.mcu.externaltools.gnu-tools-for-stm32.9-2020-q2-update.win32_1.5.0.202011040924/tools/bin/../lib/gcc/arm-none-eabi/9.3.1/thumb/v7-m/nofp/crti.o
 .data          0x0000000000000000        0x4 c:/st/stm32cubeide_1.6.0/stm32cubeide/plugins/com.st.stm32cube.ide.mcu.externaltools.gnu-tools-for-stm32.9-2020-q2-update.win32_1.5.0.202011040924/tools/bin/../lib/gcc/arm-none-eabi/9.3.1/thumb/v7-m/nofp/crtbegin.o
 .text          0x0000000000000000       0x7c c:/st/stm32cubeide_1.6.0/stm32cubeide/plugins/com.st.stm32cube.ide.mcu.externaltools.gnu-tools-for-stm32.9-2020-q2-update.win32_1.5.0.202011040924/tools/bin/../lib/gcc/arm-none-eabi/9.3.1/../../../../arm-none-eabi/lib/thumb/v7-m/nofp/crt0.o
 .data          0x0000000000000000        0x0 c:/st/stm32cubeide_1.6.0/stm32cubeide/plugins/com.st.stm32cube.ide.mcu.externaltools.gnu-tools-for-stm32.9-2020-q2-update.win32_1.5.0.202011040924/tools/bin/../lib/gcc/arm-none-eabi/9.3.1/../../../../arm-none-eabi/lib/thumb/v7-m/nofp/crt0.o
[...]
Memory Configuration

Name             Origin             Length             Attributes
RAM              0x0000000020000000 0x0000000000005000 xrw
FLASH            0x0000000008000000 0x0000000000005000 xr
*default*        0x0000000000000000 0xffffffffffffffff

Linker script and memory map

LOAD c:/st/stm32cubeide_1.6.0/stm32cubeide/plugins/com.st.stm32cube.ide.mcu.externaltools.gnu-tools-for-stm32.9-2020-q2-update.win32_1.5.0.202011040924/tools/bin/../lib/gcc/arm-none-eabi/9.3.1/thumb/v7-m/nofp/crti.o
LOAD c:/st/stm32cubeide_1.6.0/stm32cubeide/plugins/com.st.stm32cube.ide.mcu.externaltools.gnu-tools-for-stm32.9-2020-q2-update.win32_1.5.0.202011040924/tools/bin/../lib/gcc/arm-none-eabi/9.3.1/thumb/v7-m/nofp/crtbegin.o
LOAD c:/st/stm32cubeide_1.6.0/stm32cubeide/plugins/com.st.stm32cube.ide.mcu.externaltools.gnu-tools-for-stm32.9-2020-q2-update.win32_1.5.0.202011040924/tools/bin/../lib/gcc/arm-none-eabi/9.3.1/../../../../arm-none-eabi/lib/thumb/v7-m/nofp/crt0.o
LOAD src/ap/ap.o
LOAD src/bsp/bsp.o
LOAD src/bsp/stm32f1xx_hal_msp.o
LOAD src/bsp/stm32f1xx_it.o
LOAD src/bsp/syscalls.o
LOAD src/bsp/sysmem.o
LOAD src/bsp/system_stm32f1xx.o
LOAD src/bsp/startup/startup_stm32f103c8tx.o
LOAD src/common/core/qbuffer.o
LOAD src/hw/driver/cdc.o
LOAD src/hw/driver/flash.o
LOAD src/hw/driver/led.o
LOAD src/hw/driver/reset.o
LOAD src/hw/driver/rtc.o
LOAD src/hw/driver/usb.o
LOAD src/hw/hw.o
LOAD src/lib/cube_remind_f103/Drivers/STM32F1xx_HAL_Driver/Src/stm32f1xx_hal.o
LOAD src/lib/cube_remind_f103/Drivers/STM32F1xx_HAL_Driver/Src/stm32f1xx_hal_cortex.o
LOAD src/lib/cube_remind_f103/Drivers/STM32F1xx_HAL_Driver/Src/stm32f1xx_hal_dma.o
LOAD src/lib/cube_remind_f103/Drivers/STM32F1xx_HAL_Driver/Src/stm32f1xx_hal_exti.o
LOAD src/lib/cube_remind_f103/Drivers/STM32F1xx_HAL_Driver/Src/stm32f1xx_hal_flash.o
LOAD src/lib/cube_remind_f103/Drivers/STM32F1xx_HAL_Driver/Src/stm32f1xx_hal_flash_ex.o
LOAD src/lib/cube_remind_f103/Drivers/STM32F1xx_HAL_Driver/Src/stm32f1xx_hal_gpio.o
LOAD src/lib/cube_remind_f103/Drivers/STM32F1xx_HAL_Driver/Src/stm32f1xx_hal_gpio_ex.o
LOAD src/lib/cube_remind_f103/Drivers/STM32F1xx_HAL_Driver/Src/stm32f1xx_hal_pcd.o
LOAD src/lib/cube_remind_f103/Drivers/STM32F1xx_HAL_Driver/Src/stm32f1xx_hal_pcd_ex.o
LOAD src/lib/cube_remind_f103/Drivers/STM32F1xx_HAL_Driver/Src/stm32f1xx_hal_pwr.o
LOAD src/lib/cube_remind_f103/Drivers/STM32F1xx_HAL_Driver/Src/stm32f1xx_hal_rcc.o
LOAD src/lib/cube_remind_f103/Drivers/STM32F1xx_HAL_Driver/Src/stm32f1xx_hal_rcc_ex.o
LOAD src/lib/cube_remind_f103/Drivers/STM32F1xx_HAL_Driver/Src/stm32f1xx_hal_rtc.o
LOAD src/lib/cube_remind_f103/Drivers/STM32F1xx_HAL_Driver/Src/stm32f1xx_hal_rtc_ex.o
LOAD src/lib/cube_remind_f103/Drivers/STM32F1xx_HAL_Driver/Src/stm32f1xx_hal_tim.o
LOAD src/lib/cube_remind_f103/Drivers/STM32F1xx_HAL_Driver/Src/stm32f1xx_hal_tim_ex.o
LOAD src/lib/cube_remind_f103/Drivers/STM32F1xx_HAL_Driver/Src/stm32f1xx_ll_usb.o
LOAD src/lib/cube_remind_f103/Middlewares/ST/STM32_USB_Device_Library/Class/DFU/Src/usbd_dfu.o
LOAD src/lib/cube_remind_f103/Middlewares/ST/STM32_USB_Device_Library/Core/Src/usbd_core.o
LOAD src/lib/cube_remind_f103/Middlewares/ST/STM32_USB_Device_Library/Core/Src/usbd_ctlreq.o
LOAD src/lib/cube_remind_f103/Middlewares/ST/STM32_USB_Device_Library/Core/Src/usbd_ioreq.o
LOAD src/lib/cube_remind_f103/USB_DEVICE/App/usb_device.o
LOAD src/lib/cube_remind_f103/USB_DEVICE/App/usbd_desc.o
LOAD src/lib/cube_remind_f103/USB_DEVICE/App/usbd_dfu_if.o
LOAD src/lib/cube_remind_f103/USB_DEVICE/Target/usbd_conf.o
LOAD src/main.o
START GROUP
LOAD c:/st/stm32cubeide_1.6.0/stm32cubeide/plugins/com.st.stm32cube.ide.mcu.externaltools.gnu-tools-for-stm32.9-2020-q2-update.win32_1.5.0.202011040924/tools/bin/../lib/gcc/arm-none-eabi/9.3.1/../../../../arm-none-eabi/lib/thumb/v7-m/nofp\libc_nano.a
LOAD c:/st/stm32cubeide_1.6.0/stm32cubeide/plugins/com.st.stm32cube.ide.mcu.externaltools.gnu-tools-for-stm32.9-2020-q2-update.win32_1.5.0.202011040924/tools/bin/../lib/gcc/arm-none-eabi/9.3.1/../../../../arm-none-eabi/lib/thumb/v7-m/nofp\libm.a
END GROUP
START GROUP
LOAD c:/st/stm32cubeide_1.6.0/stm32cubeide/plugins/com.st.stm32cube.ide.mcu.externaltools.gnu-tools-for-stm32.9-2020-q2-update.win32_1.5.0.202011040924/tools/bin/../lib/gcc/arm-none-eabi/9.3.1/thumb/v7-m/nofp\libgcc.a
LOAD c:/st/stm32cubeide_1.6.0/stm32cubeide/plugins/com.st.stm32cube.ide.mcu.externaltools.gnu-tools-for-stm32.9-2020-q2-update.win32_1.5.0.202011040924/tools/bin/../lib/gcc/arm-none-eabi/9.3.1/../../../../arm-none-eabi/lib/thumb/v7-m/nofp\libc_nano.a
END GROUP
START GROUP
LOAD c:/st/stm32cubeide_1.6.0/stm32cubeide/plugins/com.st.stm32cube.ide.mcu.externaltools.gnu-tools-for-stm32.9-2020-q2-update.win32_1.5.0.202011040924/tools/bin/../lib/gcc/arm-none-eabi/9.3.1/thumb/v7-m/nofp\libgcc.a
LOAD c:/st/stm32cubeide_1.6.0/stm32cubeide/plugins/com.st.stm32cube.ide.mcu.externaltools.gnu-tools-for-stm32.9-2020-q2-update.win32_1.5.0.202011040924/tools/bin/../lib/gcc/arm-none-eabi/9.3.1/../../../../arm-none-eabi/lib/thumb/v7-m/nofp\libc_nano.a
LOAD c:/st/stm32cubeide_1.6.0/stm32cubeide/plugins/com.st.stm32cube.ide.mcu.externaltools.gnu-tools-for-stm32.9-2020-q2-update.win32_1.5.0.202011040924/tools/bin/../lib/gcc/arm-none-eabi/9.3.1/../../../../arm-none-eabi/lib/thumb/v7-m/nofp\libnosys.a
END GROUP
START GROUP
LOAD c:/st/stm32cubeide_1.6.0/stm32cubeide/plugins/com.st.stm32cube.ide.mcu.externaltools.gnu-tools-for-stm32.9-2020-q2-update.win32_1.5.0.202011040924/tools/bin/../lib/gcc/arm-none-eabi/9.3.1/thumb/v7-m/nofp\libgcc.a
LOAD c:/st/stm32cubeide_1.6.0/stm32cubeide/plugins/com.st.stm32cube.ide.mcu.externaltools.gnu-tools-for-stm32.9-2020-q2-update.win32_1.5.0.202011040924/tools/bin/../lib/gcc/arm-none-eabi/9.3.1/../../../../arm-none-eabi/lib/thumb/v7-m/nofp\libc_nano.a
LOAD c:/st/stm32cubeide_1.6.0/stm32cubeide/plugins/com.st.stm32cube.ide.mcu.externaltools.gnu-tools-for-stm32.9-2020-q2-update.win32_1.5.0.202011040924/tools/bin/../lib/gcc/arm-none-eabi/9.3.1/../../../../arm-none-eabi/lib/thumb/v7-m/nofp\libnosys.a
END GROUP
LOAD c:/st/stm32cubeide_1.6.0/stm32cubeide/plugins/com.st.stm32cube.ide.mcu.externaltools.gnu-tools-for-stm32.9-2020-q2-update.win32_1.5.0.202011040924/tools/bin/../lib/gcc/arm-none-eabi/9.3.1/thumb/v7-m/nofp/crtend.o
LOAD c:/st/stm32cubeide_1.6.0/stm32cubeide/plugins/com.st.stm32cube.ide.mcu.externaltools.gnu-tools-for-stm32.9-2020-q2-update.win32_1.5.0.202011040924/tools/bin/../lib/gcc/arm-none-eabi/9.3.1/thumb/v7-m/nofp/crtn.o
                0x0000000020005000                _estack = (ORIGIN (RAM) + LENGTH (RAM))
                0x0000000000000200                _Min_Heap_Size = 0x200
                0x0000000000000400                _Min_Stack_Size = 0x400

.isr_vector     0x0000000008000000      0x10c
                0x0000000008000000                . = ALIGN (0x4)
 *(.isr_vector)
 .isr_vector    0x0000000008000000      0x10c src/bsp/startup/startup_stm32f103c8tx.o
                0x0000000008000000                g_pfnVectors
                0x000000000800010c                . = ALIGN (0x4)

.text           0x000000000800010c     0x3d2c
                0x000000000800010c                . = ALIGN (0x4)
 *(.text)
 .text          0x000000000800010c       0x40 c:/st/stm32cubeide_1.6.0/stm32cubeide/plugins/com.st.stm32cube.ide.mcu.externaltools.gnu-tools-for-stm32.9-2020-q2-update.win32_1.5.0.202011040924/tools/bin/../lib/gcc/arm-none-eabi/9.3.1/thumb/v7-m/nofp/crtbegin.o
 *(.text*)
 .text.apInit   0x000000000800014c        0x2 src/ap/ap.o
                0x000000000800014c                apInit
 .text.apMain   0x000000000800014e       0x20 src/ap/ap.o
                0x000000000800014e                apMain
 .text.delay    0x000000000800016e        0x4 src/bsp/bsp.o
                0x000000000800016e                delay
 .text.millis   0x0000000008000172        0x4 src/bsp/bsp.o
                0x0000000008000172                millis
 .text.SystemClock_Config
                0x0000000008000176       0x84 src/bsp/bsp.o
                0x0000000008000176                SystemClock_Config
 *fill*         0x00000000080001fa        0x2 
 .text.bspInit  0x00000000080001fc       0x88 src/bsp/bsp.o
                0x00000000080001fc                bspInit
 .text.Error_Handler
                0x0000000008000284        0x4 src/bsp/bsp.o
                0x0000000008000284                Error_Handler
 .text.HAL_MspInit
                0x0000000008000288       0x44 src/bsp/stm32f1xx_hal_msp.o
                0x0000000008000288                HAL_MspInit
 .text.NMI_Handler
                0x00000000080002cc        0x2 src/bsp/stm32f1xx_it.o
                0x00000000080002cc                NMI_Handler
 .text.HardFault_Handler
                0x00000000080002ce        0x2 src/bsp/stm32f1xx_it.o
                0x00000000080002ce                HardFault_Handler
 .text.MemManage_Handler
                0x00000000080002d0        0x2 src/bsp/stm32f1xx_it.o
                0x00000000080002d0                MemManage_Handler
 .text.BusFault_Handler
                0x00000000080002d2        0x2 src/bsp/stm32f1xx_it.o
                0x00000000080002d2                BusFault_Handler
 .text.UsageFault_Handler
                0x00000000080002d4        0x2 src/bsp/stm32f1xx_it.o
                0x00000000080002d4                UsageFault_Handler
 .text.SVC_Handler
                0x00000000080002d6        0x2 src/bsp/stm32f1xx_it.o
                0x00000000080002d6                SVC_Handler
 .text.DebugMon_Handler
                0x00000000080002d8        0x2 src/bsp/stm32f1xx_it.o
                0x00000000080002d8                DebugMon_Handler
 .text.PendSV_Handler
                0x00000000080002da        0x2 src/bsp/stm32f1xx_it.o
                0x00000000080002da                PendSV_Handler
 .text.SysTick_Handler
                0x00000000080002dc        0x4 src/bsp/stm32f1xx_it.o
                0x00000000080002dc                SysTick_Handler
 .text.USB_LP_CAN1_RX0_IRQHandler
                0x00000000080002e0        0xc src/bsp/stm32f1xx_it.o
                0x00000000080002e0                USB_LP_CAN1_RX0_IRQHandler
 .text.SystemInit
                0x00000000080002ec        0x2 src/bsp/system_stm32f1xx.o
                0x00000000080002ec                SystemInit
 *fill*         0x00000000080002ee        0x2 
 .text.Reset_Handler
                0x00000000080002f0       0x48 src/bsp/startup/startup_stm32f103c8tx.o
                0x00000000080002f0                Reset_Handler
 .text.Default_Handler
                0x0000000008000338        0x2 src/bsp/startup/startup_stm32f103c8tx.o
                0x0000000008000338                RTC_Alarm_IRQHandler
                0x0000000008000338                EXTI2_IRQHandler
                0x0000000008000338                TIM1_CC_IRQHandler
                0x0000000008000338                PVD_IRQHandler
                0x0000000008000338                EXTI3_IRQHandler
                0x0000000008000338                EXTI0_IRQHandler
                0x0000000008000338                I2C2_EV_IRQHandler
                0x0000000008000338                ADC1_2_IRQHandler
                0x0000000008000338                SPI1_IRQHandler
                0x0000000008000338                TAMPER_IRQHandler
                0x0000000008000338                DMA1_Channel4_IRQHandler
                0x0000000008000338                USART3_IRQHandler
                0x0000000008000338                RTC_IRQHandler
                0x0000000008000338                DMA1_Channel7_IRQHandler
                0x0000000008000338                CAN1_RX1_IRQHandler
                0x0000000008000338                TIM4_IRQHandler
                0x0000000008000338                I2C1_EV_IRQHandler
                0x0000000008000338                DMA1_Channel6_IRQHandler
                0x0000000008000338                TIM3_IRQHandler
                0x0000000008000338                RCC_IRQHandler
                0x0000000008000338                TIM1_TRG_COM_IRQHandler
                0x0000000008000338                DMA1_Channel1_IRQHandler
                0x0000000008000338                Default_Handler
                0x0000000008000338                EXTI15_10_IRQHandler
                0x0000000008000338                EXTI9_5_IRQHandler
                0x0000000008000338                SPI2_IRQHandler
                0x0000000008000338                DMA1_Channel5_IRQHandler
                0x0000000008000338                EXTI4_IRQHandler
                0x0000000008000338                USB_HP_CAN1_TX_IRQHandler
                0x0000000008000338                DMA1_Channel3_IRQHandler
                0x0000000008000338                TIM1_UP_IRQHandler
                0x0000000008000338                WWDG_IRQHandler
                0x0000000008000338                TIM2_IRQHandler
                0x0000000008000338                TIM1_BRK_IRQHandler
                0x0000000008000338                EXTI1_IRQHandler
                0x0000000008000338                USART2_IRQHandler
                0x0000000008000338                I2C2_ER_IRQHandler
                0x0000000008000338                DMA1_Channel2_IRQHandler
                0x0000000008000338                CAN1_SCE_IRQHandler
                0x0000000008000338                FLASH_IRQHandler
                0x0000000008000338                USART1_IRQHandler
                0x0000000008000338                I2C1_ER_IRQHandler
                0x0000000008000338                USBWakeUp_IRQHandler
 *fill*         0x000000000800033a        0x2 
 .text.flashInit
                0x000000000800033c       0x28 src/hw/driver/flash.o
                0x000000000800033c                flashInit
 .text.flashErase
                0x0000000008000364       0x9c src/hw/driver/flash.o
                0x0000000008000364                flashErase
 .text.flashWrite
                0x0000000008000400       0x44 src/hw/driver/flash.o
                0x0000000008000400                flashWrite
 .text.ledOff.part.0
                0x0000000008000444       0x10 src/hw/driver/led.o
 .text.ledInit  0x0000000008000454       0x2c src/hw/driver/led.o
                0x0000000008000454                ledInit
 .text.ledToggle
                0x0000000008000480       0x14 src/hw/driver/led.o
                0x0000000008000480                ledToggle
 .text.resetInit
                0x0000000008000494       0x8c src/hw/driver/reset.o
                0x0000000008000494                resetInit
 .text.rtcInit  0x0000000008000520       0x2c src/hw/driver/rtc.o
                0x0000000008000520                rtcInit
 .text.rtcBackupRegRead
                0x000000000800054c        0xc src/hw/driver/rtc.o
                0x000000000800054c                rtcBackupRegRead
 .text.rtcBackupRegWrite
                0x0000000008000558       0x10 src/hw/driver/rtc.o
                0x0000000008000558                rtcBackupRegWrite
 .text.HAL_RTC_MspInit
                0x0000000008000568       0x3c src/hw/driver/rtc.o
                0x0000000008000568                HAL_RTC_MspInit
 .text.usbInit  0x00000000080005a4       0x50 src/hw/driver/usb.o
                0x00000000080005a4                usbInit
 .text.hwInit   0x00000000080005f4       0x1e src/hw/hw.o
                0x00000000080005f4                hwInit
 .text.HAL_MspDeInit
                0x0000000008000612        0x2 src/lib/cube_remind_f103/Drivers/STM32F1xx_HAL_Driver/Src/stm32f1xx_hal.o
                0x0000000008000612                HAL_MspDeInit
 .text.HAL_DeInit
                0x0000000008000614       0x20 src/lib/cube_remind_f103/Drivers/STM32F1xx_HAL_Driver/Src/stm32f1xx_hal.o
                0x0000000008000614                HAL_DeInit
 .text.HAL_InitTick
                0x0000000008000634       0x48 src/lib/cube_remind_f103/Drivers/STM32F1xx_HAL_Driver/Src/stm32f1xx_hal.o
                0x0000000008000634                HAL_InitTick
 .text.HAL_Init
                0x000000000800067c       0x24 src/lib/cube_remind_f103/Drivers/STM32F1xx_HAL_Driver/Src/stm32f1xx_hal.o
                0x000000000800067c                HAL_Init
 .text.HAL_IncTick
                0x00000000080006a0       0x18 src/lib/cube_remind_f103/Drivers/STM32F1xx_HAL_Driver/Src/stm32f1xx_hal.o
                0x00000000080006a0                HAL_IncTick
 .text.HAL_GetTick
                0x00000000080006b8        0xc src/lib/cube_remind_f103/Drivers/STM32F1xx_HAL_Driver/Src/stm32f1xx_hal.o
                0x00000000080006b8                HAL_GetTick
 .text.HAL_Delay
                0x00000000080006c4       0x24 src/lib/cube_remind_f103/Drivers/STM32F1xx_HAL_Driver/Src/stm32f1xx_hal.o
                0x00000000080006c4                HAL_Delay
 .text.HAL_NVIC_SetPriorityGrouping
                0x00000000080006e8       0x24 src/lib/cube_remind_f103/Drivers/STM32F1xx_HAL_Driver/Src/stm32f1xx_hal_cortex.o
                0x00000000080006e8                HAL_NVIC_SetPriorityGrouping
 .text.HAL_NVIC_SetPriority
                0x000000000800070c       0x64 src/lib/cube_remind_f103/Drivers/STM32F1xx_HAL_Driver/Src/stm32f1xx_hal_cortex.o
                0x000000000800070c                HAL_NVIC_SetPriority
 .text.HAL_NVIC_EnableIRQ
                0x0000000008000770       0x1c src/lib/cube_remind_f103/Drivers/STM32F1xx_HAL_Driver/Src/stm32f1xx_hal_cortex.o
                0x0000000008000770                HAL_NVIC_EnableIRQ
 .text.HAL_SYSTICK_Config
                0x000000000800078c       0x2c src/lib/cube_remind_f103/Drivers/STM32F1xx_HAL_Driver/Src/stm32f1xx_hal_cortex.o
                0x000000000800078c                HAL_SYSTICK_Config
 .text.FLASH_SetErrorCode
                0x00000000080007b8       0x50 src/lib/cube_remind_f103/Drivers/STM32F1xx_HAL_Driver/Src/stm32f1xx_hal_flash.o
 .text.HAL_FLASH_Unlock
                0x0000000008000808       0x24 src/lib/cube_remind_f103/Drivers/STM32F1xx_HAL_Driver/Src/stm32f1xx_hal_flash.o
                0x0000000008000808                HAL_FLASH_Unlock
 .text.FLASH_WaitForLastOperation
                0x000000000800082c       0x54 src/lib/cube_remind_f103/Drivers/STM32F1xx_HAL_Driver/Src/stm32f1xx_hal_flash.o
                0x000000000800082c                FLASH_WaitForLastOperation
 .text.HAL_FLASH_Program
                0x0000000008000880       0xa4 src/lib/cube_remind_f103/Drivers/STM32F1xx_HAL_Driver/Src/stm32f1xx_hal_flash.o
                0x0000000008000880                HAL_FLASH_Program
 .text.FLASH_MassErase.isra.0
                0x0000000008000924       0x24 src/lib/cube_remind_f103/Drivers/STM32F1xx_HAL_Driver/Src/stm32f1xx_hal_flash_ex.o
 .text.FLASH_PageErase
                0x0000000008000948       0x24 src/lib/cube_remind_f103/Drivers/STM32F1xx_HAL_Driver/Src/stm32f1xx_hal_flash_ex.o
                0x0000000008000948                FLASH_PageErase
 .text.HAL_FLASHEx_Erase
                0x000000000800096c       0x98 src/lib/cube_remind_f103/Drivers/STM32F1xx_HAL_Driver/Src/stm32f1xx_hal_flash_ex.o
                0x000000000800096c                HAL_FLASHEx_Erase
 .text.HAL_GPIO_Init
                0x0000000008000a04      0x1b8 src/lib/cube_remind_f103/Drivers/STM32F1xx_HAL_Driver/Src/stm32f1xx_hal_gpio.o
                0x0000000008000a04                HAL_GPIO_Init
 .text.HAL_GPIO_WritePin
                0x0000000008000bbc        0xa src/lib/cube_remind_f103/Drivers/STM32F1xx_HAL_Driver/Src/stm32f1xx_hal_gpio.o
                0x0000000008000bbc                HAL_GPIO_WritePin
 .text.HAL_GPIO_TogglePin
                0x0000000008000bc6       0x12 src/lib/cube_remind_f103/Drivers/STM32F1xx_HAL_Driver/Src/stm32f1xx_hal_gpio.o
                0x0000000008000bc6                HAL_GPIO_TogglePin
 .text.HAL_PCD_Init
                0x0000000008000bd8       0xf2 src/lib/cube_remind_f103/Drivers/STM32F1xx_HAL_Driver/Src/stm32f1xx_hal_pcd.o
                0x0000000008000bd8                HAL_PCD_Init
 .text.HAL_PCD_Start
                0x0000000008000cca       0x32 src/lib/cube_remind_f103/Drivers/STM32F1xx_HAL_Driver/Src/stm32f1xx_hal_pcd.o
                0x0000000008000cca                HAL_PCD_Start
 .text.HAL_PCD_Stop
                0x0000000008000cfc       0x32 src/lib/cube_remind_f103/Drivers/STM32F1xx_HAL_Driver/Src/stm32f1xx_hal_pcd.o
                0x0000000008000cfc                HAL_PCD_Stop
 .text.HAL_PCD_SetAddress
                0x0000000008000d2e       0x28 src/lib/cube_remind_f103/Drivers/STM32F1xx_HAL_Driver/Src/stm32f1xx_hal_pcd.o
                0x0000000008000d2e                HAL_PCD_SetAddress
 *fill*         0x0000000008000d56        0x2 
 .text.HAL_PCD_IRQHandler
                0x0000000008000d58      0x9a8 src/lib/cube_remind_f103/Drivers/STM32F1xx_HAL_Driver/Src/stm32f1xx_hal_pcd.o
                0x0000000008000d58                HAL_PCD_IRQHandler
 .text.HAL_PCD_EP_Open
                0x0000000008001700       0x64 src/lib/cube_remind_f103/Drivers/STM32F1xx_HAL_Driver/Src/stm32f1xx_hal_pcd.o
                0x0000000008001700                HAL_PCD_EP_Open
 .text.HAL_PCD_EP_Receive
                0x0000000008001764       0x2e src/lib/cube_remind_f103/Drivers/STM32F1xx_HAL_Driver/Src/stm32f1xx_hal_pcd.o
                0x0000000008001764                HAL_PCD_EP_Receive
 .text.HAL_PCD_EP_Transmit
                0x0000000008001792       0x34 src/lib/cube_remind_f103/Drivers/STM32F1xx_HAL_Driver/Src/stm32f1xx_hal_pcd.o
                0x0000000008001792                HAL_PCD_EP_Transmit
 .text.HAL_PCD_EP_SetStall
                0x00000000080017c6       0x68 src/lib/cube_remind_f103/Drivers/STM32F1xx_HAL_Driver/Src/stm32f1xx_hal_pcd.o
                0x00000000080017c6                HAL_PCD_EP_SetStall
 .text.HAL_PCD_EP_ClrStall
                0x000000000800182e       0x64 src/lib/cube_remind_f103/Drivers/STM32F1xx_HAL_Driver/Src/stm32f1xx_hal_pcd.o
                0x000000000800182e                HAL_PCD_EP_ClrStall
 .text.HAL_PCDEx_PMAConfig
                0x0000000008001892       0x32 src/lib/cube_remind_f103/Drivers/STM32F1xx_HAL_Driver/Src/stm32f1xx_hal_pcd_ex.o
                0x0000000008001892                HAL_PCDEx_PMAConfig
 .text.HAL_PWR_EnableBkUpAccess
                0x00000000080018c4        0xc src/lib/cube_remind_f103/Drivers/STM32F1xx_HAL_Driver/Src/stm32f1xx_hal_pwr.o
                0x00000000080018c4                HAL_PWR_EnableBkUpAccess
 .text.HAL_RCC_DeInit
                0x00000000080018d0       0xd8 src/lib/cube_remind_f103/Drivers/STM32F1xx_HAL_Driver/Src/stm32f1xx_hal_rcc.o
                0x00000000080018d0                HAL_RCC_DeInit
 .text.HAL_RCC_OscConfig
                0x00000000080019a8      0x338 src/lib/cube_remind_f103/Drivers/STM32F1xx_HAL_Driver/Src/stm32f1xx_hal_rcc.o
                0x00000000080019a8                HAL_RCC_OscConfig
 .text.HAL_RCC_GetSysClockFreq
                0x0000000008001ce0       0x74 src/lib/cube_remind_f103/Drivers/STM32F1xx_HAL_Driver/Src/stm32f1xx_hal_rcc.o
                0x0000000008001ce0                HAL_RCC_GetSysClockFreq
 .text.HAL_RCC_ClockConfig
                0x0000000008001d54      0x138 src/lib/cube_remind_f103/Drivers/STM32F1xx_HAL_Driver/Src/stm32f1xx_hal_rcc.o
                0x0000000008001d54                HAL_RCC_ClockConfig
 .text.HAL_RCC_GetPCLK2Freq
                0x0000000008001e8c       0x20 src/lib/cube_remind_f103/Drivers/STM32F1xx_HAL_Driver/Src/stm32f1xx_hal_rcc.o
                0x0000000008001e8c                HAL_RCC_GetPCLK2Freq
 .text.HAL_RCCEx_PeriphCLKConfig
                0x0000000008001eac       0xf0 src/lib/cube_remind_f103/Drivers/STM32F1xx_HAL_Driver/Src/stm32f1xx_hal_rcc_ex.o
                0x0000000008001eac                HAL_RCCEx_PeriphCLKConfig
 .text.HAL_RCCEx_GetPeriphCLKFreq
                0x0000000008001f9c       0xe8 src/lib/cube_remind_f103/Drivers/STM32F1xx_HAL_Driver/Src/stm32f1xx_hal_rcc_ex.o
                0x0000000008001f9c                HAL_RCCEx_GetPeriphCLKFreq
 .text.RTC_EnterInitMode
                0x0000000008002084       0x2e src/lib/cube_remind_f103/Drivers/STM32F1xx_HAL_Driver/Src/stm32f1xx_hal_rtc.o
 .text.RTC_ExitInitMode
                0x00000000080020b2       0x30 src/lib/cube_remind_f103/Drivers/STM32F1xx_HAL_Driver/Src/stm32f1xx_hal_rtc.o
 .text.HAL_RTC_WaitForSynchro
                0x00000000080020e2       0x36 src/lib/cube_remind_f103/Drivers/STM32F1xx_HAL_Driver/Src/stm32f1xx_hal_rtc.o
                0x00000000080020e2                HAL_RTC_WaitForSynchro
 .text.HAL_RTC_Init
                0x0000000008002118       0x9c src/lib/cube_remind_f103/Drivers/STM32F1xx_HAL_Driver/Src/stm32f1xx_hal_rtc.o
                0x0000000008002118                HAL_RTC_Init
 .text.HAL_RTCEx_BKUPWrite
                0x00000000080021b4       0x10 src/lib/cube_remind_f103/Drivers/STM32F1xx_HAL_Driver/Src/stm32f1xx_hal_rtc_ex.o
                0x00000000080021b4                HAL_RTCEx_BKUPWrite
 .text.HAL_RTCEx_BKUPRead
                0x00000000080021c4       0x10 src/lib/cube_remind_f103/Drivers/STM32F1xx_HAL_Driver/Src/stm32f1xx_hal_rtc_ex.o
                0x00000000080021c4                HAL_RTCEx_BKUPRead
 .text.USB_CoreInit
                0x00000000080021d4        0xe src/lib/cube_remind_f103/Drivers/STM32F1xx_HAL_Driver/Src/stm32f1xx_ll_usb.o
                0x00000000080021d4                USB_CoreInit
 .text.USB_EnableGlobalInt
                0x00000000080021e2       0x12 src/lib/cube_remind_f103/Drivers/STM32F1xx_HAL_Driver/Src/stm32f1xx_ll_usb.o
                0x00000000080021e2                USB_EnableGlobalInt
 .text.USB_DisableGlobalInt
                0x00000000080021f4       0x14 src/lib/cube_remind_f103/Drivers/STM32F1xx_HAL_Driver/Src/stm32f1xx_ll_usb.o
                0x00000000080021f4                USB_DisableGlobalInt
 .text.USB_SetCurrentMode
                0x0000000008002208        0x4 src/lib/cube_remind_f103/Drivers/STM32F1xx_HAL_Driver/Src/stm32f1xx_ll_usb.o
                0x0000000008002208                USB_SetCurrentMode
 .text.USB_DevInit
                0x000000000800220c       0x28 src/lib/cube_remind_f103/Drivers/STM32F1xx_HAL_Driver/Src/stm32f1xx_ll_usb.o
                0x000000000800220c                USB_DevInit
 .text.USB_ActivateEndpoint
                0x0000000008002234      0x2b0 src/lib/cube_remind_f103/Drivers/STM32F1xx_HAL_Driver/Src/stm32f1xx_ll_usb.o
                0x0000000008002234                USB_ActivateEndpoint
 .text.USB_EPSetStall
                0x00000000080024e4       0x40 src/lib/cube_remind_f103/Drivers/STM32F1xx_HAL_Driver/Src/stm32f1xx_ll_usb.o
                0x00000000080024e4                USB_EPSetStall
 .text.USB_EPClearStall
                0x0000000008002524       0x96 src/lib/cube_remind_f103/Drivers/STM32F1xx_HAL_Driver/Src/stm32f1xx_ll_usb.o
                0x0000000008002524                USB_EPClearStall
 .text.USB_SetDevAddress
                0x00000000080025ba        0xc src/lib/cube_remind_f103/Drivers/STM32F1xx_HAL_Driver/Src/stm32f1xx_ll_usb.o
                0x00000000080025ba                USB_SetDevAddress
 .text.USB_DevConnect
                0x00000000080025c6        0x4 src/lib/cube_remind_f103/Drivers/STM32F1xx_HAL_Driver/Src/stm32f1xx_ll_usb.o
                0x00000000080025c6                USB_DevConnect
 .text.USB_DevDisconnect
                0x00000000080025ca        0x4 src/lib/cube_remind_f103/Drivers/STM32F1xx_HAL_Driver/Src/stm32f1xx_ll_usb.o
                0x00000000080025ca                USB_DevDisconnect
 .text.USB_ReadInterrupts
                0x00000000080025ce        0x8 src/lib/cube_remind_f103/Drivers/STM32F1xx_HAL_Driver/Src/stm32f1xx_ll_usb.o
                0x00000000080025ce                USB_ReadInterrupts
 .text.USB_EP0_OutStart
                0x00000000080025d6        0x4 src/lib/cube_remind_f103/Drivers/STM32F1xx_HAL_Driver/Src/stm32f1xx_ll_usb.o
                0x00000000080025d6                USB_EP0_OutStart
 .text.USB_WritePMA
                0x00000000080025da       0x20 src/lib/cube_remind_f103/Drivers/STM32F1xx_HAL_Driver/Src/stm32f1xx_ll_usb.o
                0x00000000080025da                USB_WritePMA
 *fill*         0x00000000080025fa        0x2 
 .text.USB_EPStartXfer
                0x00000000080025fc      0x71c src/lib/cube_remind_f103/Drivers/STM32F1xx_HAL_Driver/Src/stm32f1xx_ll_usb.o
                0x00000000080025fc                USB_EPStartXfer
 .text.USB_ReadPMA
                0x0000000008002d18       0x38 src/lib/cube_remind_f103/Drivers/STM32F1xx_HAL_Driver/Src/stm32f1xx_ll_usb.o
                0x0000000008002d18                USB_ReadPMA
 .text.USBD_DFU_GetCfgDesc
                0x0000000008002d50        0xc src/lib/cube_remind_f103/Middlewares/ST/STM32_USB_Device_Library/Class/DFU/Src/usbd_dfu.o
 .text.USBD_DFU_DataIn
                0x0000000008002d5c        0x4 src/lib/cube_remind_f103/Middlewares/ST/STM32_USB_Device_Library/Class/DFU/Src/usbd_dfu.o
 .text.USBD_DFU_EP0_RxReady
                0x0000000008002d60        0x4 src/lib/cube_remind_f103/Middlewares/ST/STM32_USB_Device_Library/Class/DFU/Src/usbd_dfu.o
 .text.USBD_DFU_GetDeviceQualifierDesc
                0x0000000008002d64        0xc src/lib/cube_remind_f103/Middlewares/ST/STM32_USB_Device_Library/Class/DFU/Src/usbd_dfu.o
 .text.USBD_DFU_EP0_TxReady
                0x0000000008002d70      0x14c src/lib/cube_remind_f103/Middlewares/ST/STM32_USB_Device_Library/Class/DFU/Src/usbd_dfu.o
 .text.USBD_DFU_DeInit
                0x0000000008002ebc       0x38 src/lib/cube_remind_f103/Middlewares/ST/STM32_USB_Device_Library/Class/DFU/Src/usbd_dfu.o
 .text.USBD_DFU_Init
                0x0000000008002ef4       0x48 src/lib/cube_remind_f103/Middlewares/ST/STM32_USB_Device_Library/Class/DFU/Src/usbd_dfu.o
 .text.USBD_DFU_GetUsrStringDesc
                0x0000000008002f3c       0x20 src/lib/cube_remind_f103/Middlewares/ST/STM32_USB_Device_Library/Class/DFU/Src/usbd_dfu.o
 .text.USBD_DFU_Setup
                0x0000000008002f5c      0x31c src/lib/cube_remind_f103/Middlewares/ST/STM32_USB_Device_Library/Class/DFU/Src/usbd_dfu.o
 .text.USBD_DFU_IsoOutIncomplete
                0x0000000008003278        0x4 src/lib/cube_remind_f103/Middlewares/ST/STM32_USB_Device_Library/Class/DFU/Src/usbd_dfu.o
 .text.USBD_DFU_DataOut
                0x000000000800327c        0x4 src/lib/cube_remind_f103/Middlewares/ST/STM32_USB_Device_Library/Class/DFU/Src/usbd_dfu.o
 .text.USBD_DFU_IsoINIncomplete
                0x0000000008003280        0x4 src/lib/cube_remind_f103/Middlewares/ST/STM32_USB_Device_Library/Class/DFU/Src/usbd_dfu.o
 .text.USBD_DFU_SOF
                0x0000000008003284        0x4 src/lib/cube_remind_f103/Middlewares/ST/STM32_USB_Device_Library/Class/DFU/Src/usbd_dfu.o
 .text.USBD_DFU_RegisterMedia
                0x0000000008003288        0xa src/lib/cube_remind_f103/Middlewares/ST/STM32_USB_Device_Library/Class/DFU/Src/usbd_dfu.o
                0x0000000008003288                USBD_DFU_RegisterMedia
 .text.USBD_Init
                0x0000000008003292       0x2a src/lib/cube_remind_f103/Middlewares/ST/STM32_USB_Device_Library/Core/Src/usbd_core.o
                0x0000000008003292                USBD_Init
 .text.USBD_RegisterClass
                0x00000000080032bc        0xe src/lib/cube_remind_f103/Middlewares/ST/STM32_USB_Device_Library/Core/Src/usbd_core.o
                0x00000000080032bc                USBD_RegisterClass
 .text.USBD_Start
                0x00000000080032ca        0xa src/lib/cube_remind_f103/Middlewares/ST/STM32_USB_Device_Library/Core/Src/usbd_core.o
                0x00000000080032ca                USBD_Start
 .text.USBD_Stop
                0x00000000080032d4       0x18 src/lib/cube_remind_f103/Middlewares/ST/STM32_USB_Device_Library/Core/Src/usbd_core.o
                0x00000000080032d4                USBD_Stop
 .text.USBD_SetClassConfig
                0x00000000080032ec       0x16 src/lib/cube_remind_f103/Middlewares/ST/STM32_USB_Device_Library/Core/Src/usbd_core.o
                0x00000000080032ec                USBD_SetClassConfig
 .text.USBD_ClrClassConfig
                0x0000000008003302        0xe src/lib/cube_remind_f103/Middlewares/ST/STM32_USB_Device_Library/Core/Src/usbd_core.o
                0x0000000008003302                USBD_ClrClassConfig
 .text.USBD_LL_SetupStage
                0x0000000008003310       0x5a src/lib/cube_remind_f103/Middlewares/ST/STM32_USB_Device_Library/Core/Src/usbd_core.o
                0x0000000008003310                USBD_LL_SetupStage
 .text.USBD_LL_DataOutStage
                0x000000000800336a       0x74 src/lib/cube_remind_f103/Middlewares/ST/STM32_USB_Device_Library/Core/Src/usbd_core.o
                0x000000000800336a                USBD_LL_DataOutStage
 .text.USBD_LL_DataInStage
                0x00000000080033de       0xb6 src/lib/cube_remind_f103/Middlewares/ST/STM32_USB_Device_Library/Core/Src/usbd_core.o
                0x00000000080033de                USBD_LL_DataInStage
 .text.USBD_LL_Reset
                0x0000000008003494       0x4e src/lib/cube_remind_f103/Middlewares/ST/STM32_USB_Device_Library/Core/Src/usbd_core.o
                0x0000000008003494                USBD_LL_Reset
 .text.USBD_LL_SetSpeed
                0x00000000080034e2        0x6 src/lib/cube_remind_f103/Middlewares/ST/STM32_USB_Device_Library/Core/Src/usbd_core.o
                0x00000000080034e2                USBD_LL_SetSpeed
 .text.USBD_LL_Suspend
                0x00000000080034e8       0x12 src/lib/cube_remind_f103/Middlewares/ST/STM32_USB_Device_Library/Core/Src/usbd_core.o
                0x00000000080034e8                USBD_LL_Suspend
 .text.USBD_LL_Resume
                0x00000000080034fa       0x14 src/lib/cube_remind_f103/Middlewares/ST/STM32_USB_Device_Library/Core/Src/usbd_core.o
                0x00000000080034fa                USBD_LL_Resume
 .text.USBD_LL_SOF
                0x000000000800350e       0x18 src/lib/cube_remind_f103/Middlewares/ST/STM32_USB_Device_Library/Core/Src/usbd_core.o
                0x000000000800350e                USBD_LL_SOF
 .text.USBD_CtlError.constprop.0
                0x0000000008003526       0x16 src/lib/cube_remind_f103/Middlewares/ST/STM32_USB_Device_Library/Core/Src/usbd_ctlreq.o
 .text.USBD_StdDevReq
                0x000000000800353c      0x264 src/lib/cube_remind_f103/Middlewares/ST/STM32_USB_Device_Library/Core/Src/usbd_ctlreq.o
                0x000000000800353c                USBD_StdDevReq
 .text.USBD_StdItfReq
                0x00000000080037a0       0x48 src/lib/cube_remind_f103/Middlewares/ST/STM32_USB_Device_Library/Core/Src/usbd_ctlreq.o
                0x00000000080037a0                USBD_StdItfReq
 .text.USBD_StdEPReq
                0x00000000080037e8      0x114 src/lib/cube_remind_f103/Middlewares/ST/STM32_USB_Device_Library/Core/Src/usbd_ctlreq.o
                0x00000000080037e8                USBD_StdEPReq
 .text.USBD_ParseSetupRequest
                0x00000000080038fc       0x28 src/lib/cube_remind_f103/Middlewares/ST/STM32_USB_Device_Library/Core/Src/usbd_ctlreq.o
                0x00000000080038fc                USBD_ParseSetupRequest
 .text.USBD_CtlError
                0x0000000008003924       0x16 src/lib/cube_remind_f103/Middlewares/ST/STM32_USB_Device_Library/Core/Src/usbd_ctlreq.o
                0x0000000008003924                USBD_CtlError
 .text.USBD_GetString
                0x000000000800393a       0x38 src/lib/cube_remind_f103/Middlewares/ST/STM32_USB_Device_Library/Core/Src/usbd_ctlreq.o
                0x000000000800393a                USBD_GetString
 .text.USBD_CtlSendData
                0x0000000008003972       0x1a src/lib/cube_remind_f103/Middlewares/ST/STM32_USB_Device_Library/Core/Src/usbd_ioreq.o
                0x0000000008003972                USBD_CtlSendData
 .text.USBD_CtlContinueSendData
                0x000000000800398c       0x10 src/lib/cube_remind_f103/Middlewares/ST/STM32_USB_Device_Library/Core/Src/usbd_ioreq.o
                0x000000000800398c                USBD_CtlContinueSendData
 .text.USBD_CtlPrepareRx
                0x000000000800399c       0x1a src/lib/cube_remind_f103/Middlewares/ST/STM32_USB_Device_Library/Core/Src/usbd_ioreq.o
                0x000000000800399c                USBD_CtlPrepareRx
 .text.USBD_CtlContinueRx
                0x00000000080039b6       0x10 src/lib/cube_remind_f103/Middlewares/ST/STM32_USB_Device_Library/Core/Src/usbd_ioreq.o
                0x00000000080039b6                USBD_CtlContinueRx
 .text.USBD_CtlSendStatus
                0x00000000080039c6       0x16 src/lib/cube_remind_f103/Middlewares/ST/STM32_USB_Device_Library/Core/Src/usbd_ioreq.o
                0x00000000080039c6                USBD_CtlSendStatus
 .text.USBD_CtlReceiveStatus
                0x00000000080039dc       0x16 src/lib/cube_remind_f103/Middlewares/ST/STM32_USB_Device_Library/Core/Src/usbd_ioreq.o
                0x00000000080039dc                USBD_CtlReceiveStatus
 *fill*         0x00000000080039f2        0x2 
 .text.MX_USB_DEVICE_Init
                0x00000000080039f4       0x50 src/lib/cube_remind_f103/USB_DEVICE/App/usb_device.o
                0x00000000080039f4                MX_USB_DEVICE_Init
 .text.USBD_FS_DeviceDescriptor
                0x0000000008003a44        0xc src/lib/cube_remind_f103/USB_DEVICE/App/usbd_desc.o
                0x0000000008003a44                USBD_FS_DeviceDescriptor
 .text.USBD_FS_LangIDStrDescriptor
                0x0000000008003a50        0xc src/lib/cube_remind_f103/USB_DEVICE/App/usbd_desc.o
                0x0000000008003a50                USBD_FS_LangIDStrDescriptor
 .text.IntToUnicode
                0x0000000008003a5c       0x2a src/lib/cube_remind_f103/USB_DEVICE/App/usbd_desc.o
 *fill*         0x0000000008003a86        0x2 
 .text.USBD_FS_SerialStrDescriptor
                0x0000000008003a88       0x40 src/lib/cube_remind_f103/USB_DEVICE/App/usbd_desc.o
                0x0000000008003a88                USBD_FS_SerialStrDescriptor
 .text.USBD_FS_ManufacturerStrDescriptor
                0x0000000008003ac8       0x1c src/lib/cube_remind_f103/USB_DEVICE/App/usbd_desc.o
                0x0000000008003ac8                USBD_FS_ManufacturerStrDescriptor
 .text.USBD_FS_ProductStrDescriptor
                0x0000000008003ae4       0x1c src/lib/cube_remind_f103/USB_DEVICE/App/usbd_desc.o
                0x0000000008003ae4                USBD_FS_ProductStrDescriptor
 .text.USBD_FS_ConfigStrDescriptor
                0x0000000008003b00       0x1c src/lib/cube_remind_f103/USB_DEVICE/App/usbd_desc.o
                0x0000000008003b00                USBD_FS_ConfigStrDescriptor
 .text.USBD_FS_InterfaceStrDescriptor
                0x0000000008003b1c       0x1c src/lib/cube_remind_f103/USB_DEVICE/App/usbd_desc.o
                0x0000000008003b1c                USBD_FS_InterfaceStrDescriptor
 .text.MEM_If_Init_FS
                0x0000000008003b38        0x4 src/lib/cube_remind_f103/USB_DEVICE/App/usbd_dfu_if.o
 .text.MEM_If_Read_FS
                0x0000000008003b3c       0x16 src/lib/cube_remind_f103/USB_DEVICE/App/usbd_dfu_if.o
 .text.MEM_If_GetStatus_FS
                0x0000000008003b52        0xc src/lib/cube_remind_f103/USB_DEVICE/App/usbd_dfu_if.o
 .text.MEM_If_Write_FS
                0x0000000008003b5e       0x14 src/lib/cube_remind_f103/USB_DEVICE/App/usbd_dfu_if.o
 .text.MEM_If_Erase_FS
                0x0000000008003b72       0x12 src/lib/cube_remind_f103/USB_DEVICE/App/usbd_dfu_if.o
 .text.MEM_If_DeInit_FS
                0x0000000008003b84        0x4 src/lib/cube_remind_f103/USB_DEVICE/App/usbd_dfu_if.o
 .text.HAL_PCD_MspInit
                0x0000000008003b88       0x40 src/lib/cube_remind_f103/USB_DEVICE/Target/usbd_conf.o
                0x0000000008003b88                HAL_PCD_MspInit
 .text.HAL_PCD_SetupStageCallback
                0x0000000008003bc8        0xc src/lib/cube_remind_f103/USB_DEVICE/Target/usbd_conf.o
                0x0000000008003bc8                HAL_PCD_SetupStageCallback
 .text.HAL_PCD_DataOutStageCallback
                0x0000000008003bd4       0x12 src/lib/cube_remind_f103/USB_DEVICE/Target/usbd_conf.o
                0x0000000008003bd4                HAL_PCD_DataOutStageCallback
 .text.HAL_PCD_DataInStageCallback
                0x0000000008003be6       0x10 src/lib/cube_remind_f103/USB_DEVICE/Target/usbd_conf.o
                0x0000000008003be6                HAL_PCD_DataInStageCallback
 .text.HAL_PCD_SOFCallback
                0x0000000008003bf6        0x8 src/lib/cube_remind_f103/USB_DEVICE/Target/usbd_conf.o
                0x0000000008003bf6                HAL_PCD_SOFCallback
 .text.HAL_PCD_ResetCallback
                0x0000000008003bfe       0x24 src/lib/cube_remind_f103/USB_DEVICE/Target/usbd_conf.o
                0x0000000008003bfe                HAL_PCD_ResetCallback
 *fill*         0x0000000008003c22        0x2 
 .text.HAL_PCD_SuspendCallback
                0x0000000008003c24       0x20 src/lib/cube_remind_f103/USB_DEVICE/Target/usbd_conf.o
                0x0000000008003c24                HAL_PCD_SuspendCallback
 .text.HAL_PCD_ResumeCallback
                0x0000000008003c44        0x8 src/lib/cube_remind_f103/USB_DEVICE/Target/usbd_conf.o
                0x0000000008003c44                HAL_PCD_ResumeCallback
 .text.USBD_LL_Init
                0x0000000008003c4c       0x54 src/lib/cube_remind_f103/USB_DEVICE/Target/usbd_conf.o
                0x0000000008003c4c                USBD_LL_Init
 .text.USBD_LL_Start
                0x0000000008003ca0       0x1c src/lib/cube_remind_f103/USB_DEVICE/Target/usbd_conf.o
                0x0000000008003ca0                USBD_LL_Start
 .text.USBD_LL_Stop
                0x0000000008003cbc       0x1c src/lib/cube_remind_f103/USB_DEVICE/Target/usbd_conf.o
                0x0000000008003cbc                USBD_LL_Stop
 .text.USBD_LL_OpenEP
                0x0000000008003cd8       0x20 src/lib/cube_remind_f103/USB_DEVICE/Target/usbd_conf.o
                0x0000000008003cd8                USBD_LL_OpenEP
 .text.USBD_LL_StallEP
                0x0000000008003cf8       0x1c src/lib/cube_remind_f103/USB_DEVICE/Target/usbd_conf.o
                0x0000000008003cf8                USBD_LL_StallEP
 .text.USBD_LL_ClearStallEP
                0x0000000008003d14       0x1c src/lib/cube_remind_f103/USB_DEVICE/Target/usbd_conf.o
                0x0000000008003d14                USBD_LL_ClearStallEP
 .text.USBD_LL_IsStallEP
                0x0000000008003d30       0x24 src/lib/cube_remind_f103/USB_DEVICE/Target/usbd_conf.o
                0x0000000008003d30                USBD_LL_IsStallEP
 .text.USBD_LL_SetUSBAddress
                0x0000000008003d54       0x1c src/lib/cube_remind_f103/USB_DEVICE/Target/usbd_conf.o
                0x0000000008003d54                USBD_LL_SetUSBAddress
 .text.USBD_LL_Transmit
                0x0000000008003d70       0x1c src/lib/cube_remind_f103/USB_DEVICE/Target/usbd_conf.o
                0x0000000008003d70                USBD_LL_Transmit
 .text.USBD_LL_PrepareReceive
                0x0000000008003d8c       0x1c src/lib/cube_remind_f103/USB_DEVICE/Target/usbd_conf.o
                0x0000000008003d8c                USBD_LL_PrepareReceive
 .text.USBD_static_malloc
                0x0000000008003da8        0x8 src/lib/cube_remind_f103/USB_DEVICE/Target/usbd_conf.o
                0x0000000008003da8                USBD_static_malloc
 .text.USBD_static_free
                0x0000000008003db0        0x2 src/lib/cube_remind_f103/USB_DEVICE/Target/usbd_conf.o
                0x0000000008003db0                USBD_static_free
 .text.HAL_PCDEx_SetConnectionState
                0x0000000008003db2        0x2 src/lib/cube_remind_f103/USB_DEVICE/Target/usbd_conf.o
                0x0000000008003db2                HAL_PCDEx_SetConnectionState
 .text.startup.main
                0x0000000008003db4       0x12 src/main.o
                0x0000000008003db4                main
 *fill*         0x0000000008003dc6        0x2 
 .text.__libc_init_array
                0x0000000008003dc8       0x48 c:/st/stm32cubeide_1.6.0/stm32cubeide/plugins/com.st.stm32cube.ide.mcu.externaltools.gnu-tools-for-stm32.9-2020-q2-update.win32_1.5.0.202011040924/tools/bin/../lib/gcc/arm-none-eabi/9.3.1/../../../../arm-none-eabi/lib/thumb/v7-m/nofp\libc_nano.a(lib_a-init.o)
                0x0000000008003dc8                __libc_init_array
 .text.memset   0x0000000008003e10       0x10 c:/st/stm32cubeide_1.6.0/stm32cubeide/plugins/com.st.stm32cube.ide.mcu.externaltools.gnu-tools-for-stm32.9-2020-q2-update.win32_1.5.0.202011040924/tools/bin/../lib/gcc/arm-none-eabi/9.3.1/../../../../arm-none-eabi/lib/thumb/v7-m/nofp\libc_nano.a(lib_a-memset.o)
                0x0000000008003e10                memset
 *(.glue_7)
 .glue_7        0x0000000008003e20        0x0 linker stubs
 *(.glue_7t)
 .glue_7t       0x0000000008003e20        0x0 linker stubs
 *(.eh_frame)
 .eh_frame      0x0000000008003e20        0x0 c:/st/stm32cubeide_1.6.0/stm32cubeide/plugins/com.st.stm32cube.ide.mcu.externaltools.gnu-tools-for-stm32.9-2020-q2-update.win32_1.5.0.202011040924/tools/bin/../lib/gcc/arm-none-eabi/9.3.1/thumb/v7-m/nofp/crtbegin.o
 *(.init)
 .init          0x0000000008003e20        0x4 c:/st/stm32cubeide_1.6.0/stm32cubeide/plugins/com.st.stm32cube.ide.mcu.externaltools.gnu-tools-for-stm32.9-2020-q2-update.win32_1.5.0.202011040924/tools/bin/../lib/gcc/arm-none-eabi/9.3.1/thumb/v7-m/nofp/crti.o
                0x0000000008003e20                _init
 .init          0x0000000008003e24        0x8 c:/st/stm32cubeide_1.6.0/stm32cubeide/plugins/com.st.stm32cube.ide.mcu.externaltools.gnu-tools-for-stm32.9-2020-q2-update.win32_1.5.0.202011040924/tools/bin/../lib/gcc/arm-none-eabi/9.3.1/thumb/v7-m/nofp/crtn.o
 *(.fini)
 .fini          0x0000000008003e2c        0x4 c:/st/stm32cubeide_1.6.0/stm32cubeide/plugins/com.st.stm32cube.ide.mcu.externaltools.gnu-tools-for-stm32.9-2020-q2-update.win32_1.5.0.202011040924/tools/bin/../lib/gcc/arm-none-eabi/9.3.1/thumb/v7-m/nofp/crti.o
                0x0000000008003e2c                _fini
 .fini          0x0000000008003e30        0x8 c:/st/stm32cubeide_1.6.0/stm32cubeide/plugins/com.st.stm32cube.ide.mcu.externaltools.gnu-tools-for-stm32.9-2020-q2-update.win32_1.5.0.202011040924/tools/bin/../lib/gcc/arm-none-eabi/9.3.1/thumb/v7-m/nofp/crtn.o
                0x0000000008003e38                . = ALIGN (0x4)
                0x0000000008003e38                _etext = .

.vfp11_veneer   0x0000000008003e38        0x0
 .vfp11_veneer  0x0000000008003e38        0x0 linker stubs

.v4_bx          0x0000000008003e38        0x0
 .v4_bx         0x0000000008003e38        0x0 linker stubs

.iplt           0x0000000008003e38        0x0
 .iplt          0x0000000008003e38        0x0 c:/st/stm32cubeide_1.6.0/stm32cubeide/plugins/com.st.stm32cube.ide.mcu.externaltools.gnu-tools-for-stm32.9-2020-q2-update.win32_1.5.0.202011040924/tools/bin/../lib/gcc/arm-none-eabi/9.3.1/thumb/v7-m/nofp/crtbegin.o

.rodata         0x0000000008003e38       0xa8
                0x0000000008003e38                . = ALIGN (0x4)
 *(.rodata)
 *(.rodata*)
 .rodata.AHBPrescTable
                0x0000000008003e38       0x10 src/bsp/system_stm32f1xx.o
                0x0000000008003e38                AHBPrescTable
 .rodata.APBPrescTable
                0x0000000008003e48        0x8 src/bsp/system_stm32f1xx.o
                0x0000000008003e48                APBPrescTable
 .rodata.HAL_RCC_GetSysClockFreq.str1.1
                0x0000000008003e50       0x11 src/lib/cube_remind_f103/Drivers/STM32F1xx_HAL_Driver/Src/stm32f1xx_hal_rcc.o
 .rodata.HAL_RCCEx_GetPeriphCLKFreq.str1.1
                0x0000000008003e61       0x11 src/lib/cube_remind_f103/Drivers/STM32F1xx_HAL_Driver/Src/stm32f1xx_hal_rcc_ex.o
 .rodata.USBD_FS_ManufacturerStrDescriptor.str1.1
                0x0000000008003e61       0x13 src/lib/cube_remind_f103/USB_DEVICE/App/usbd_desc.o
 .rodata.USBD_FS_ProductStrDescriptor.str1.1
                0x0000000008003e74       0x1f src/lib/cube_remind_f103/USB_DEVICE/App/usbd_desc.o
 .rodata.USBD_FS_ConfigStrDescriptor.str1.1
                0x0000000008003e93        0xb src/lib/cube_remind_f103/USB_DEVICE/App/usbd_desc.o
 .rodata.USBD_FS_InterfaceStrDescriptor.str1.1
                0x0000000008003e9e        0xe src/lib/cube_remind_f103/USB_DEVICE/App/usbd_desc.o
 .rodata.str1.1
                0x0000000008003eac       0x2f src/lib/cube_remind_f103/USB_DEVICE/App/usbd_dfu_if.o
 .rodata.CSWTCH.3
                0x0000000008003edb        0x4 src/lib/cube_remind_f103/USB_DEVICE/Target/usbd_conf.o
                0x0000000008003ee0                . = ALIGN (0x4)
 *fill*         0x0000000008003edf        0x1 

.rel.dyn        0x0000000008003ee0        0x0
 .rel.iplt      0x0000000008003ee0        0x0 c:/st/stm32cubeide_1.6.0/stm32cubeide/plugins/com.st.stm32cube.ide.mcu.externaltools.gnu-tools-for-stm32.9-2020-q2-update.win32_1.5.0.202011040924/tools/bin/../lib/gcc/arm-none-eabi/9.3.1/thumb/v7-m/nofp/crtbegin.o

.ARM.extab      0x0000000008003ee0        0x0
                0x0000000008003ee0                . = ALIGN (0x4)
 *(.ARM.extab* .gnu.linkonce.armextab.*)
                0x0000000008003ee0                . = ALIGN (0x4)

.ARM            0x0000000008003ee0        0x0
                0x0000000008003ee0                . = ALIGN (0x4)
                0x0000000008003ee0                __exidx_start = .
 *(.ARM.exidx*)
                0x0000000008003ee0                __exidx_end = .
                0x0000000008003ee0                . = ALIGN (0x4)

.preinit_array  0x0000000008003ee0        0x0
                0x0000000008003ee0                . = ALIGN (0x4)
                0x0000000008003ee0                PROVIDE (__preinit_array_start = .)
 *(.preinit_array*)
                0x0000000008003ee0                PROVIDE (__preinit_array_end = .)
                0x0000000008003ee0                . = ALIGN (0x4)

.init_array     0x0000000008003ee0        0x4
                0x0000000008003ee0                . = ALIGN (0x4)
                0x0000000008003ee0                PROVIDE (__init_array_start = .)
 *(SORT_BY_NAME(.init_array.*))
 *(.init_array*)
 .init_array    0x0000000008003ee0        0x4 c:/st/stm32cubeide_1.6.0/stm32cubeide/plugins/com.st.stm32cube.ide.mcu.externaltools.gnu-tools-for-stm32.9-2020-q2-update.win32_1.5.0.202011040924/tools/bin/../lib/gcc/arm-none-eabi/9.3.1/thumb/v7-m/nofp/crtbegin.o
                0x0000000008003ee4                PROVIDE (__init_array_end = .)
                0x0000000008003ee4                . = ALIGN (0x4)

.fini_array     0x0000000008003ee4        0x4
                0x0000000008003ee4                . = ALIGN (0x4)
                [!provide]                        PROVIDE (__fini_array_start = .)
 *(SORT_BY_NAME(.fini_array.*))
 *(.fini_array*)
 .fini_array    0x0000000008003ee4        0x4 c:/st/stm32cubeide_1.6.0/stm32cubeide/plugins/com.st.stm32cube.ide.mcu.externaltools.gnu-tools-for-stm32.9-2020-q2-update.win32_1.5.0.202011040924/tools/bin/../lib/gcc/arm-none-eabi/9.3.1/thumb/v7-m/nofp/crtbegin.o
                [!provide]                        PROVIDE (__fini_array_end = .)
                0x0000000008003ee8                . = ALIGN (0x4)
                0x0000000008003ee8                _sidata = LOADADDR (.data)

.data           0x0000000020000000       0xe4 load address 0x0000000008003ee8
                0x0000000020000000                . = ALIGN (0x4)
                0x0000000020000000                _sdata = .
 *(.data)
 *(.data*)
 .data.SystemCoreClock
                0x0000000020000000        0x4 src/bsp/system_stm32f1xx.o
                0x0000000020000000                SystemCoreClock
 .data.led_tbl  0x0000000020000004        0x8 src/hw/driver/led.o
                0x0000000020000004                led_tbl
 .data.uwTickFreq
                0x000000002000000c        0x1 src/lib/cube_remind_f103/Drivers/STM32F1xx_HAL_Driver/Src/stm32f1xx_hal.o
                0x000000002000000c                uwTickFreq
 *fill*         0x000000002000000d        0x3 
 .data.uwTickPrio
                0x0000000020000010        0x4 src/lib/cube_remind_f103/Drivers/STM32F1xx_HAL_Driver/Src/stm32f1xx_hal.o
                0x0000000020000010                uwTickPrio
 .data.USBD_DFU
                0x0000000020000014       0x3c src/lib/cube_remind_f103/Middlewares/ST/STM32_USB_Device_Library/Class/DFU/Src/usbd_dfu.o
                0x0000000020000014                USBD_DFU
 .data.USBD_DFU_CfgDesc
                0x0000000020000050       0x1b src/lib/cube_remind_f103/Middlewares/ST/STM32_USB_Device_Library/Class/DFU/Src/usbd_dfu.o
 *fill*         0x000000002000006b        0x1 
 .data.USBD_DFU_DeviceQualifierDesc
                0x000000002000006c        0xa src/lib/cube_remind_f103/Middlewares/ST/STM32_USB_Device_Library/Class/DFU/Src/usbd_dfu.o
 *fill*         0x0000000020000076        0x2 
 .data.FS_Desc  0x0000000020000078       0x1c src/lib/cube_remind_f103/USB_DEVICE/App/usbd_desc.o
                0x0000000020000078                FS_Desc
 .data.USBD_FS_DeviceDesc
                0x0000000020000094       0x12 src/lib/cube_remind_f103/USB_DEVICE/App/usbd_desc.o
                0x0000000020000094                USBD_FS_DeviceDesc
 *fill*         0x00000000200000a6        0x2 
 .data.USBD_LangIDDesc
                0x00000000200000a8        0x4 src/lib/cube_remind_f103/USB_DEVICE/App/usbd_desc.o
                0x00000000200000a8                USBD_LangIDDesc
 .data.USBD_StringSerial
                0x00000000200000ac       0x1a src/lib/cube_remind_f103/USB_DEVICE/App/usbd_desc.o
                0x00000000200000ac                USBD_StringSerial
 *fill*         0x00000000200000c6        0x2 
 .data.USBD_DFU_fops_FS
                0x00000000200000c8       0x1c src/lib/cube_remind_f103/USB_DEVICE/App/usbd_dfu_if.o
                0x00000000200000c8                USBD_DFU_fops_FS
 *(.RamFunc)
 *(.RamFunc*)
                0x00000000200000e4                . = ALIGN (0x4)
                0x00000000200000e4                _edata = .

.igot.plt       0x00000000200000e4        0x0 load address 0x0000000008003fcc
 .igot.plt      0x00000000200000e4        0x0 c:/st/stm32cubeide_1.6.0/stm32cubeide/plugins/com.st.stm32cube.ide.mcu.externaltools.gnu-tools-for-stm32.9-2020-q2-update.win32_1.5.0.202011040924/tools/bin/../lib/gcc/arm-none-eabi/9.3.1/thumb/v7-m/nofp/crtbegin.o
                0x00000000200000e4                . = ALIGN (0x4)

.bss            0x00000000200000e8      0xf28 load address 0x0000000008003fcc
                0x00000000200000e8                _sbss = .
                0x00000000200000e8                __bss_start__ = _sbss
 *(.bss)
 .bss           0x00000000200000e8       0x1c c:/st/stm32cubeide_1.6.0/stm32cubeide/plugins/com.st.stm32cube.ide.mcu.externaltools.gnu-tools-for-stm32.9-2020-q2-update.win32_1.5.0.202011040924/tools/bin/../lib/gcc/arm-none-eabi/9.3.1/thumb/v7-m/nofp/crtbegin.o
 *(.bss*)
 .bss.flash_tbl
                0x0000000020000104      0x200 src/hw/driver/flash.o
 .bss.reset_count
                0x0000000020000304        0x4 src/hw/driver/reset.o
 .bss.hrtc      0x0000000020000308       0x14 src/hw/driver/rtc.o
 .bss.USBD_StrDesc.7945
                0x000000002000031c       0xff src/lib/cube_remind_f103/Middlewares/ST/STM32_USB_Device_Library/Class/DFU/Src/usbd_dfu.o
 .bss.cfgidx.7878
                0x000000002000041b        0x1 src/lib/cube_remind_f103/Middlewares/ST/STM32_USB_Device_Library/Core/Src/usbd_ctlreq.o
 .bss.mem.7953  0x000000002000041c      0x420 src/lib/cube_remind_f103/USB_DEVICE/Target/usbd_conf.o
 *(COMMON)
 COMMON         0x000000002000083c        0x4 src/lib/cube_remind_f103/Drivers/STM32F1xx_HAL_Driver/Src/stm32f1xx_hal.o
                0x000000002000083c                uwTick
 COMMON         0x0000000020000840       0x20 src/lib/cube_remind_f103/Drivers/STM32F1xx_HAL_Driver/Src/stm32f1xx_hal_flash.o
                0x0000000020000840                pFlash
 COMMON         0x0000000020000860      0x2c4 src/lib/cube_remind_f103/USB_DEVICE/App/usb_device.o
                0x0000000020000860                hUsbDeviceFS
 COMMON         0x0000000020000b24      0x200 src/lib/cube_remind_f103/USB_DEVICE/App/usbd_desc.o
                0x0000000020000b24                USBD_StrDesc
 COMMON         0x0000000020000d24      0x2ec src/lib/cube_remind_f103/USB_DEVICE/Target/usbd_conf.o
                0x0000000020000d24                hpcd_USB_FS
                0x0000000020001010                . = ALIGN (0x4)
                0x0000000020001010                _ebss = .
                0x0000000020001010                __bss_end__ = _ebss

._user_heap_stack
                0x0000000020001010      0x600 load address 0x0000000008003fcc
                0x0000000020001010                . = ALIGN (0x8)
                [!provide]                        PROVIDE (end = .)
                0x0000000020001010                PROVIDE (_end = .)
                0x0000000020001210                . = (. + _Min_Heap_Size)
 *fill*         0x0000000020001010      0x200 
                0x0000000020001610                . = (. + _Min_Stack_Size)
 *fill*         0x0000000020001210      0x400 
                0x0000000020001610                . = ALIGN (0x8)

/DISCARD/
 libc.a(*)
 libm.a(*)
 libgcc.a(*)

.ARM.attributes
                0x0000000000000000       0x29
 *(.ARM.attributes)
 .ARM.attributes
                0x0000000000000000       0x1d c:/st/stm32cubeide_1.6.0/stm32cubeide/plugins/com.st.stm32cube.ide.mcu.externaltools.gnu-tools-for-stm32.9-2020-q2-update.win32_1.5.0.202011040924/tools/bin/../lib/gcc/arm-none-eabi/9.3.1/thumb/v7-m/nofp/crti.o
 .ARM.attributes
                0x000000000000001d       0x2d c:/st/stm32cubeide_1.6.0/stm32cubeide/plugins/com.st.stm32cube.ide.mcu.externaltools.gnu-tools-for-stm32.9-2020-q2-update.win32_1.5.0.202011040924/tools/bin/../lib/gcc/arm-none-eabi/9.3.1/thumb/v7-m/nofp/crtbegin.o
 .ARM.attributes
                0x000000000000004a       0x2d src/ap/ap.o
 .ARM.attributes
                0x0000000000000077       0x2d src/bsp/bsp.o
 .ARM.attributes
                0x00000000000000a4       0x2d src/bsp/stm32f1xx_hal_msp.o
 .ARM.attributes
                0x00000000000000d1       0x2d src/bsp/stm32f1xx_it.o
 .ARM.attributes
                0x00000000000000fe       0x2d src/bsp/system_stm32f1xx.o
 .ARM.attributes
                0x000000000000012b       0x21 src/bsp/startup/startup_stm32f103c8tx.o
 .ARM.attributes
                0x000000000000014c       0x2d src/hw/driver/flash.o
 .ARM.attributes
                0x0000000000000179       0x2d src/hw/driver/led.o
 .ARM.attributes
                0x00000000000001a6       0x2d src/hw/driver/reset.o
 .ARM.attributes
                0x00000000000001d3       0x2d src/hw/driver/rtc.o
 .ARM.attributes
                0x0000000000000200       0x2d src/hw/driver/usb.o
 .ARM.attributes
                0x000000000000022d       0x2d src/hw/hw.o
 .ARM.attributes
                0x000000000000025a       0x2d src/lib/cube_remind_f103/Drivers/STM32F1xx_HAL_Driver/Src/stm32f1xx_hal.o
 .ARM.attributes
                0x0000000000000287       0x2d src/lib/cube_remind_f103/Drivers/STM32F1xx_HAL_Driver/Src/stm32f1xx_hal_cortex.o
 .ARM.attributes
                0x00000000000002b4       0x2d src/lib/cube_remind_f103/Drivers/STM32F1xx_HAL_Driver/Src/stm32f1xx_hal_flash.o
 .ARM.attributes
                0x00000000000002e1       0x2d src/lib/cube_remind_f103/Drivers/STM32F1xx_HAL_Driver/Src/stm32f1xx_hal_flash_ex.o
 .ARM.attributes
                0x000000000000030e       0x2d src/lib/cube_remind_f103/Drivers/STM32F1xx_HAL_Driver/Src/stm32f1xx_hal_gpio.o
 .ARM.attributes
                0x000000000000033b       0x2d src/lib/cube_remind_f103/Drivers/STM32F1xx_HAL_Driver/Src/stm32f1xx_hal_pcd.o
 .ARM.attributes
                0x0000000000000368       0x2d src/lib/cube_remind_f103/Drivers/STM32F1xx_HAL_Driver/Src/stm32f1xx_hal_pcd_ex.o
 .ARM.attributes
                0x0000000000000395       0x2d src/lib/cube_remind_f103/Drivers/STM32F1xx_HAL_Driver/Src/stm32f1xx_hal_pwr.o
 .ARM.attributes
                0x00000000000003c2       0x2d src/lib/cube_remind_f103/Drivers/STM32F1xx_HAL_Driver/Src/stm32f1xx_hal_rcc.o
 .ARM.attributes
                0x00000000000003ef       0x2d src/lib/cube_remind_f103/Drivers/STM32F1xx_HAL_Driver/Src/stm32f1xx_hal_rcc_ex.o
 .ARM.attributes
                0x000000000000041c       0x2d src/lib/cube_remind_f103/Drivers/STM32F1xx_HAL_Driver/Src/stm32f1xx_hal_rtc.o
 .ARM.attributes
                0x0000000000000449       0x2d src/lib/cube_remind_f103/Drivers/STM32F1xx_HAL_Driver/Src/stm32f1xx_hal_rtc_ex.o
 .ARM.attributes
                0x0000000000000476       0x2d src/lib/cube_remind_f103/Drivers/STM32F1xx_HAL_Driver/Src/stm32f1xx_ll_usb.o
 .ARM.attributes
                0x00000000000004a3       0x2d src/lib/cube_remind_f103/Middlewares/ST/STM32_USB_Device_Library/Class/DFU/Src/usbd_dfu.o
 .ARM.attributes
                0x00000000000004d0       0x2d src/lib/cube_remind_f103/Middlewares/ST/STM32_USB_Device_Library/Core/Src/usbd_core.o
 .ARM.attributes
                0x00000000000004fd       0x2d src/lib/cube_remind_f103/Middlewares/ST/STM32_USB_Device_Library/Core/Src/usbd_ctlreq.o
 .ARM.attributes
                0x000000000000052a       0x2d src/lib/cube_remind_f103/Middlewares/ST/STM32_USB_Device_Library/Core/Src/usbd_ioreq.o
 .ARM.attributes
                0x0000000000000557       0x2d src/lib/cube_remind_f103/USB_DEVICE/App/usb_device.o
 .ARM.attributes
                0x0000000000000584       0x2d src/lib/cube_remind_f103/USB_DEVICE/App/usbd_desc.o
 .ARM.attributes
                0x00000000000005b1       0x2d src/lib/cube_remind_f103/USB_DEVICE/App/usbd_dfu_if.o
 .ARM.attributes
                0x00000000000005de       0x2d src/lib/cube_remind_f103/USB_DEVICE/Target/usbd_conf.o
 .ARM.attributes
                0x000000000000060b       0x2d src/main.o
 .ARM.attributes
                0x0000000000000638       0x2d c:/st/stm32cubeide_1.6.0/stm32cubeide/plugins/com.st.stm32cube.ide.mcu.externaltools.gnu-tools-for-stm32.9-2020-q2-update.win32_1.5.0.202011040924/tools/bin/../lib/gcc/arm-none-eabi/9.3.1/../../../../arm-none-eabi/lib/thumb/v7-m/nofp\libc_nano.a(lib_a-init.o)
 .ARM.attributes
                0x0000000000000665       0x2d c:/st/stm32cubeide_1.6.0/stm32cubeide/plugins/com.st.stm32cube.ide.mcu.externaltools.gnu-tools-for-stm32.9-2020-q2-update.win32_1.5.0.202011040924/tools/bin/../lib/gcc/arm-none-eabi/9.3.1/../../../../arm-none-eabi/lib/thumb/v7-m/nofp\libc_nano.a(lib_a-memset.o)
 .ARM.attributes
                0x0000000000000692       0x1d c:/st/stm32cubeide_1.6.0/stm32cubeide/plugins/com.st.stm32cube.ide.mcu.externaltools.gnu-tools-for-stm32.9-2020-q2-update.win32_1.5.0.202011040924/tools/bin/../lib/gcc/arm-none-eabi/9.3.1/thumb/v7-m/nofp/crtn.o
OUTPUT(stm32f103_remind2_boot.elf elf32-littlearm)
LOAD linker stubs
LOAD c:/st/stm32cubeide_1.6.0/stm32cubeide/plugins/com.st.stm32cube.ide.mcu.externaltools.gnu-tools-for-stm32.9-2020-q2-update.win32_1.5.0.202011040924/tools/bin/../lib/gcc/arm-none-eabi/9.3.1/../../../../arm-none-eabi/lib/thumb/v7-m/nofp\libc.a
LOAD c:/st/stm32cubeide_1.6.0/stm32cubeide/plugins/com.st.stm32cube.ide.mcu.externaltools.gnu-tools-for-stm32.9-2020-q2-update.win32_1.5.0.202011040924/tools/bin/../lib/gcc/arm-none-eabi/9.3.1/../../../../arm-none-eabi/lib/thumb/v7-m/nofp\libm.a
LOAD c:/st/stm32cubeide_1.6.0/stm32cubeide/plugins/com.st.stm32cube.ide.mcu.externaltools.gnu-tools-for-stm32.9-2020-q2-update.win32_1.5.0.202011040924/tools/bin/../lib/gcc/arm-none-eabi/9.3.1/thumb/v7-m/nofp\libgcc.a

.debug_info     0x0000000000000000    0x1f16e
 .debug_info    0x0000000000000000      0xaa1 src/ap/ap.o
 .debug_info    0x0000000000000aa1     0x1073 src/bsp/bsp.o
 .debug_info    0x0000000000001b14      0xb97 src/bsp/stm32f1xx_hal_msp.o
 .debug_info    0x00000000000026ab      0xfdb src/bsp/stm32f1xx_it.o
 .debug_info    0x0000000000003686      0x26f src/bsp/system_stm32f1xx.o
 .debug_info    0x00000000000038f5       0x22 src/bsp/startup/startup_stm32f103c8tx.o
 .debug_info    0x0000000000003917      0xee0 src/hw/driver/flash.o
 .debug_info    0x00000000000047f7      0xd38 src/hw/driver/led.o
 .debug_info    0x000000000000552f      0xded src/hw/driver/reset.o
 .debug_info    0x000000000000631c      0xea9 src/hw/driver/rtc.o
 .debug_info    0x00000000000071c5      0xc23 src/hw/driver/usb.o
 .debug_info    0x0000000000007de8      0xab7 src/hw/hw.o
 .debug_info    0x000000000000889f      0x869 src/lib/cube_remind_f103/Drivers/STM32F1xx_HAL_Driver/Src/stm32f1xx_hal.o
 .debug_info    0x0000000000009108      0xe26 src/lib/cube_remind_f103/Drivers/STM32F1xx_HAL_Driver/Src/stm32f1xx_hal_cortex.o
 .debug_info    0x0000000000009f2e      0x78a src/lib/cube_remind_f103/Drivers/STM32F1xx_HAL_Driver/Src/stm32f1xx_hal_flash.o
 .debug_info    0x000000000000a6b8      0xce4 src/lib/cube_remind_f103/Drivers/STM32F1xx_HAL_Driver/Src/stm32f1xx_hal_flash_ex.o
 .debug_info    0x000000000000b39c      0x75b src/lib/cube_remind_f103/Drivers/STM32F1xx_HAL_Driver/Src/stm32f1xx_hal_gpio.o
 .debug_info    0x000000000000baf7     0x1d02 src/lib/cube_remind_f103/Drivers/STM32F1xx_HAL_Driver/Src/stm32f1xx_hal_pcd.o
 .debug_info    0x000000000000d7f9      0x7fe src/lib/cube_remind_f103/Drivers/STM32F1xx_HAL_Driver/Src/stm32f1xx_hal_pcd_ex.o
 .debug_info    0x000000000000dff7      0x779 src/lib/cube_remind_f103/Drivers/STM32F1xx_HAL_Driver/Src/stm32f1xx_hal_pwr.o
 .debug_info    0x000000000000e770      0xadd src/lib/cube_remind_f103/Drivers/STM32F1xx_HAL_Driver/Src/stm32f1xx_hal_rcc.o
 .debug_info    0x000000000000f24d      0x4fd src/lib/cube_remind_f103/Drivers/STM32F1xx_HAL_Driver/Src/stm32f1xx_hal_rcc_ex.o
 .debug_info    0x000000000000f74a     0x155d src/lib/cube_remind_f103/Drivers/STM32F1xx_HAL_Driver/Src/stm32f1xx_hal_rtc.o
 .debug_info    0x0000000000010ca7      0x890 src/lib/cube_remind_f103/Drivers/STM32F1xx_HAL_Driver/Src/stm32f1xx_hal_rtc_ex.o
 .debug_info    0x0000000000011537     0x1c77 src/lib/cube_remind_f103/Drivers/STM32F1xx_HAL_Driver/Src/stm32f1xx_ll_usb.o
 .debug_info    0x00000000000131ae     0x1ce5 src/lib/cube_remind_f103/Middlewares/ST/STM32_USB_Device_Library/Class/DFU/Src/usbd_dfu.o
 .debug_info    0x0000000000014e93     0x16ff src/lib/cube_remind_f103/Middlewares/ST/STM32_USB_Device_Library/Core/Src/usbd_core.o
 .debug_info    0x0000000000016592     0x1731 src/lib/cube_remind_f103/Middlewares/ST/STM32_USB_Device_Library/Core/Src/usbd_ctlreq.o
 .debug_info    0x0000000000017cc3     0x1197 src/lib/cube_remind_f103/Middlewares/ST/STM32_USB_Device_Library/Core/Src/usbd_ioreq.o
 .debug_info    0x0000000000018e5a     0x10a1 src/lib/cube_remind_f103/USB_DEVICE/App/usb_device.o
 .debug_info    0x0000000000019efb      0xfe1 src/lib/cube_remind_f103/USB_DEVICE/App/usbd_desc.o
 .debug_info    0x000000000001aedc     0x1176 src/lib/cube_remind_f103/USB_DEVICE/App/usbd_dfu_if.o
 .debug_info    0x000000000001c052     0x26a0 src/lib/cube_remind_f103/USB_DEVICE/Target/usbd_conf.o
 .debug_info    0x000000000001e6f2      0xa7c src/main.o

.debug_abbrev   0x0000000000000000     0x5a26
 .debug_abbrev  0x0000000000000000      0x21c src/ap/ap.o
 .debug_abbrev  0x000000000000021c      0x303 src/bsp/bsp.o
 .debug_abbrev  0x000000000000051f      0x1fb src/bsp/stm32f1xx_hal_msp.o
 .debug_abbrev  0x000000000000071a      0x246 src/bsp/stm32f1xx_it.o
 .debug_abbrev  0x0000000000000960      0x154 src/bsp/system_stm32f1xx.o
 .debug_abbrev  0x0000000000000ab4       0x12 src/bsp/startup/startup_stm32f103c8tx.o
 .debug_abbrev  0x0000000000000ac6      0x2fa src/hw/driver/flash.o
 .debug_abbrev  0x0000000000000dc0      0x2f8 src/hw/driver/led.o
 .debug_abbrev  0x00000000000010b8      0x2fd src/hw/driver/reset.o
 .debug_abbrev  0x00000000000013b5      0x28e src/hw/driver/rtc.o
 .debug_abbrev  0x0000000000001643      0x223 src/hw/driver/usb.o
 .debug_abbrev  0x0000000000001866      0x1e5 src/hw/hw.o
 .debug_abbrev  0x0000000000001a4b      0x27e src/lib/cube_remind_f103/Drivers/STM32F1xx_HAL_Driver/Src/stm32f1xx_hal.o
 .debug_abbrev  0x0000000000001cc9      0x378 src/lib/cube_remind_f103/Drivers/STM32F1xx_HAL_Driver/Src/stm32f1xx_hal_cortex.o
 .debug_abbrev  0x0000000000002041      0x32e src/lib/cube_remind_f103/Drivers/STM32F1xx_HAL_Driver/Src/stm32f1xx_hal_flash.o
 .debug_abbrev  0x000000000000236f      0x30f src/lib/cube_remind_f103/Drivers/STM32F1xx_HAL_Driver/Src/stm32f1xx_hal_flash_ex.o
 .debug_abbrev  0x000000000000267e      0x214 src/lib/cube_remind_f103/Drivers/STM32F1xx_HAL_Driver/Src/stm32f1xx_hal_gpio.o
 .debug_abbrev  0x0000000000002892      0x3c9 src/lib/cube_remind_f103/Drivers/STM32F1xx_HAL_Driver/Src/stm32f1xx_hal_pcd.o
 .debug_abbrev  0x0000000000002c5b      0x1f5 src/lib/cube_remind_f103/Drivers/STM32F1xx_HAL_Driver/Src/stm32f1xx_hal_pcd_ex.o
 .debug_abbrev  0x0000000000002e50      0x207 src/lib/cube_remind_f103/Drivers/STM32F1xx_HAL_Driver/Src/stm32f1xx_hal_pwr.o
 .debug_abbrev  0x0000000000003057      0x2e6 src/lib/cube_remind_f103/Drivers/STM32F1xx_HAL_Driver/Src/stm32f1xx_hal_rcc.o
 .debug_abbrev  0x000000000000333d      0x1f9 src/lib/cube_remind_f103/Drivers/STM32F1xx_HAL_Driver/Src/stm32f1xx_hal_rcc_ex.o
 .debug_abbrev  0x0000000000003536      0x34d src/lib/cube_remind_f103/Drivers/STM32F1xx_HAL_Driver/Src/stm32f1xx_hal_rtc.o
 .debug_abbrev  0x0000000000003883      0x299 src/lib/cube_remind_f103/Drivers/STM32F1xx_HAL_Driver/Src/stm32f1xx_hal_rtc_ex.o
 .debug_abbrev  0x0000000000003b1c      0x2bf src/lib/cube_remind_f103/Drivers/STM32F1xx_HAL_Driver/Src/stm32f1xx_ll_usb.o
 .debug_abbrev  0x0000000000003ddb      0x489 src/lib/cube_remind_f103/Middlewares/ST/STM32_USB_Device_Library/Class/DFU/Src/usbd_dfu.o
 .debug_abbrev  0x0000000000004264      0x375 src/lib/cube_remind_f103/Middlewares/ST/STM32_USB_Device_Library/Core/Src/usbd_core.o
 .debug_abbrev  0x00000000000045d9      0x421 src/lib/cube_remind_f103/Middlewares/ST/STM32_USB_Device_Library/Core/Src/usbd_ctlreq.o
 .debug_abbrev  0x00000000000049fa      0x22c src/lib/cube_remind_f103/Middlewares/ST/STM32_USB_Device_Library/Core/Src/usbd_ioreq.o
 .debug_abbrev  0x0000000000004c26      0x22b src/lib/cube_remind_f103/USB_DEVICE/App/usb_device.o
 .debug_abbrev  0x0000000000004e51      0x39d src/lib/cube_remind_f103/USB_DEVICE/App/usbd_desc.o
 .debug_abbrev  0x00000000000051ee      0x2a5 src/lib/cube_remind_f103/USB_DEVICE/App/usbd_dfu_if.o
 .debug_abbrev  0x0000000000005493      0x3ba src/lib/cube_remind_f103/USB_DEVICE/Target/usbd_conf.o
 .debug_abbrev  0x000000000000584d      0x1d9 src/main.o

.debug_loc      0x0000000000000000     0xa25c
 .debug_loc     0x0000000000000000       0x2f src/ap/ap.o
 .debug_loc     0x000000000000002f       0x25 src/bsp/bsp.o
 .debug_loc     0x0000000000000054       0x15 src/bsp/stm32f1xx_hal_msp.o
 .debug_loc     0x0000000000000069       0xe7 src/bsp/system_stm32f1xx.o
 .debug_loc     0x0000000000000150      0x435 src/hw/driver/flash.o
 .debug_loc     0x0000000000000585       0xea src/hw/driver/led.o
 .debug_loc     0x000000000000066f       0x4c src/hw/driver/reset.o
 .debug_loc     0x00000000000006bb       0xbb src/hw/driver/rtc.o
 .debug_loc     0x0000000000000776      0x139 src/lib/cube_remind_f103/Drivers/STM32F1xx_HAL_Driver/Src/stm32f1xx_hal.o
 .debug_loc     0x00000000000008af      0x4c5 src/lib/cube_remind_f103/Drivers/STM32F1xx_HAL_Driver/Src/stm32f1xx_hal_cortex.o
 .debug_loc     0x0000000000000d74      0x39f src/lib/cube_remind_f103/Drivers/STM32F1xx_HAL_Driver/Src/stm32f1xx_hal_flash.o
 .debug_loc     0x0000000000001113      0x80d src/lib/cube_remind_f103/Drivers/STM32F1xx_HAL_Driver/Src/stm32f1xx_hal_flash_ex.o
 .debug_loc     0x0000000000001920      0x41b src/lib/cube_remind_f103/Drivers/STM32F1xx_HAL_Driver/Src/stm32f1xx_hal_gpio.o
 .debug_loc     0x0000000000001d3b     0x123d src/lib/cube_remind_f103/Drivers/STM32F1xx_HAL_Driver/Src/stm32f1xx_hal_pcd.o
 .debug_loc     0x0000000000002f78       0xae src/lib/cube_remind_f103/Drivers/STM32F1xx_HAL_Driver/Src/stm32f1xx_hal_pcd_ex.o
 .debug_loc     0x0000000000003026       0xe3 src/lib/cube_remind_f103/Drivers/STM32F1xx_HAL_Driver/Src/stm32f1xx_hal_pwr.o
 .debug_loc     0x0000000000003109      0x5dd src/lib/cube_remind_f103/Drivers/STM32F1xx_HAL_Driver/Src/stm32f1xx_hal_rcc.o
 .debug_loc     0x00000000000036e6      0x38c src/lib/cube_remind_f103/Drivers/STM32F1xx_HAL_Driver/Src/stm32f1xx_hal_rcc_ex.o
 .debug_loc     0x0000000000003a72     0x1235 src/lib/cube_remind_f103/Drivers/STM32F1xx_HAL_Driver/Src/stm32f1xx_hal_rtc.o
 .debug_loc     0x0000000000004ca7      0x4a2 src/lib/cube_remind_f103/Drivers/STM32F1xx_HAL_Driver/Src/stm32f1xx_hal_rtc_ex.o
 .debug_loc     0x0000000000005149     0x1e10 src/lib/cube_remind_f103/Drivers/STM32F1xx_HAL_Driver/Src/stm32f1xx_ll_usb.o
 .debug_loc     0x0000000000006f59      0xbe1 src/lib/cube_remind_f103/Middlewares/ST/STM32_USB_Device_Library/Class/DFU/Src/usbd_dfu.o
 .debug_loc     0x0000000000007b3a      0x7c0 src/lib/cube_remind_f103/Middlewares/ST/STM32_USB_Device_Library/Core/Src/usbd_core.o
 .debug_loc     0x00000000000082fa      0xb31 src/lib/cube_remind_f103/Middlewares/ST/STM32_USB_Device_Library/Core/Src/usbd_ctlreq.o
 .debug_loc     0x0000000000008e2b      0x284 src/lib/cube_remind_f103/Middlewares/ST/STM32_USB_Device_Library/Core/Src/usbd_ioreq.o
 .debug_loc     0x00000000000090af      0x38e src/lib/cube_remind_f103/USB_DEVICE/App/usbd_desc.o
 .debug_loc     0x000000000000943d      0x13a src/lib/cube_remind_f103/USB_DEVICE/App/usbd_dfu_if.o
 .debug_loc     0x0000000000009577      0xce5 src/lib/cube_remind_f103/USB_DEVICE/Target/usbd_conf.o

.debug_aranges  0x0000000000000000      0xcf0
 .debug_aranges
                0x0000000000000000       0x28 src/ap/ap.o
 .debug_aranges
                0x0000000000000028       0x40 src/bsp/bsp.o
 .debug_aranges
                0x0000000000000068       0x20 src/bsp/stm32f1xx_hal_msp.o
 .debug_aranges
                0x0000000000000088       0x58 src/bsp/stm32f1xx_it.o
 .debug_aranges
                0x00000000000000e0       0x28 src/bsp/system_stm32f1xx.o
 .debug_aranges
                0x0000000000000108       0x28 src/bsp/startup/startup_stm32f103c8tx.o
 .debug_aranges
                0x0000000000000130       0x38 src/hw/driver/flash.o
 .debug_aranges
                0x0000000000000168       0x40 src/hw/driver/led.o
 .debug_aranges
                0x00000000000001a8       0x28 src/hw/driver/reset.o
 .debug_aranges
                0x00000000000001d0       0x40 src/hw/driver/rtc.o
 .debug_aranges
                0x0000000000000210       0x20 src/hw/driver/usb.o
 .debug_aranges
                0x0000000000000230       0x20 src/hw/hw.o
 .debug_aranges
                0x0000000000000250       0xd8 src/lib/cube_remind_f103/Drivers/STM32F1xx_HAL_Driver/Src/stm32f1xx_hal.o
 .debug_aranges
                0x0000000000000328       0x90 src/lib/cube_remind_f103/Drivers/STM32F1xx_HAL_Driver/Src/stm32f1xx_hal_cortex.o
 .debug_aranges
                0x00000000000003b8       0x78 src/lib/cube_remind_f103/Drivers/STM32F1xx_HAL_Driver/Src/stm32f1xx_hal_flash.o
 .debug_aranges
                0x0000000000000430       0x60 src/lib/cube_remind_f103/Drivers/STM32F1xx_HAL_Driver/Src/stm32f1xx_hal_flash_ex.o
 .debug_aranges
                0x0000000000000490       0x58 src/lib/cube_remind_f103/Drivers/STM32F1xx_HAL_Driver/Src/stm32f1xx_hal_gpio.o
 .debug_aranges
                0x00000000000004e8       0xc8 src/lib/cube_remind_f103/Drivers/STM32F1xx_HAL_Driver/Src/stm32f1xx_hal_pcd.o
 .debug_aranges
                0x00000000000005b0       0x28 src/lib/cube_remind_f103/Drivers/STM32F1xx_HAL_Driver/Src/stm32f1xx_hal_pcd_ex.o
 .debug_aranges
                0x00000000000005d8       0xa8 src/lib/cube_remind_f103/Drivers/STM32F1xx_HAL_Driver/Src/stm32f1xx_hal_pwr.o
 .debug_aranges
                0x0000000000000680       0x88 src/lib/cube_remind_f103/Drivers/STM32F1xx_HAL_Driver/Src/stm32f1xx_hal_rcc.o
 .debug_aranges
                0x0000000000000708       0x30 src/lib/cube_remind_f103/Drivers/STM32F1xx_HAL_Driver/Src/stm32f1xx_hal_rcc_ex.o
 .debug_aranges
                0x0000000000000738       0xd8 src/lib/cube_remind_f103/Drivers/STM32F1xx_HAL_Driver/Src/stm32f1xx_hal_rtc.o
 .debug_aranges
                0x0000000000000810       0x78 src/lib/cube_remind_f103/Drivers/STM32F1xx_HAL_Driver/Src/stm32f1xx_hal_rtc_ex.o
 .debug_aranges
                0x0000000000000888       0xd0 src/lib/cube_remind_f103/Drivers/STM32F1xx_HAL_Driver/Src/stm32f1xx_ll_usb.o
 .debug_aranges
                0x0000000000000958       0x68 src/lib/cube_remind_f103/Middlewares/ST/STM32_USB_Device_Library/Class/DFU/Src/usbd_dfu.o
 .debug_aranges
                0x00000000000009c0       0xa8 src/lib/cube_remind_f103/Middlewares/ST/STM32_USB_Device_Library/Core/Src/usbd_core.o
 .debug_aranges
                0x0000000000000a68       0x50 src/lib/cube_remind_f103/Middlewares/ST/STM32_USB_Device_Library/Core/Src/usbd_ctlreq.o
 .debug_aranges
                0x0000000000000ab8       0x50 src/lib/cube_remind_f103/Middlewares/ST/STM32_USB_Device_Library/Core/Src/usbd_ioreq.o
 .debug_aranges
                0x0000000000000b08       0x20 src/lib/cube_remind_f103/USB_DEVICE/App/usb_device.o
 .debug_aranges
                0x0000000000000b28       0x58 src/lib/cube_remind_f103/USB_DEVICE/App/usbd_desc.o
 .debug_aranges
                0x0000000000000b80       0x40 src/lib/cube_remind_f103/USB_DEVICE/App/usbd_dfu_if.o
 .debug_aranges
                0x0000000000000bc0      0x110 src/lib/cube_remind_f103/USB_DEVICE/Target/usbd_conf.o
 .debug_aranges
                0x0000000000000cd0       0x20 src/main.o

.debug_ranges   0x0000000000000000     0x1810
 .debug_ranges  0x0000000000000000       0x18 src/ap/ap.o
 .debug_ranges  0x0000000000000018       0xc0 src/bsp/bsp.o
 .debug_ranges  0x00000000000000d8       0x58 src/bsp/stm32f1xx_hal_msp.o
 .debug_ranges  0x0000000000000130       0x48 src/bsp/stm32f1xx_it.o
 .debug_ranges  0x0000000000000178       0x18 src/bsp/system_stm32f1xx.o
 .debug_ranges  0x0000000000000190       0x20 src/bsp/startup/startup_stm32f103c8tx.o
 .debug_ranges  0x00000000000001b0       0xe0 src/hw/driver/flash.o
 .debug_ranges  0x0000000000000290       0x30 src/hw/driver/led.o
 .debug_ranges  0x00000000000002c0       0x18 src/hw/driver/reset.o
 .debug_ranges  0x00000000000002d8       0x48 src/hw/driver/rtc.o
 .debug_ranges  0x0000000000000320       0x10 src/hw/driver/usb.o
 .debug_ranges  0x0000000000000330       0x10 src/hw/hw.o
 .debug_ranges  0x0000000000000340       0xc8 src/lib/cube_remind_f103/Drivers/STM32F1xx_HAL_Driver/Src/stm32f1xx_hal.o
 .debug_ranges  0x0000000000000408      0x150 src/lib/cube_remind_f103/Drivers/STM32F1xx_HAL_Driver/Src/stm32f1xx_hal_cortex.o
 .debug_ranges  0x0000000000000558       0xc8 src/lib/cube_remind_f103/Drivers/STM32F1xx_HAL_Driver/Src/stm32f1xx_hal_flash.o
 .debug_ranges  0x0000000000000620      0x108 src/lib/cube_remind_f103/Drivers/STM32F1xx_HAL_Driver/Src/stm32f1xx_hal_flash_ex.o
 .debug_ranges  0x0000000000000728       0x60 src/lib/cube_remind_f103/Drivers/STM32F1xx_HAL_Driver/Src/stm32f1xx_hal_gpio.o
 .debug_ranges  0x0000000000000788      0x248 src/lib/cube_remind_f103/Drivers/STM32F1xx_HAL_Driver/Src/stm32f1xx_hal_pcd.o
 .debug_ranges  0x00000000000009d0       0x18 src/lib/cube_remind_f103/Drivers/STM32F1xx_HAL_Driver/Src/stm32f1xx_hal_pcd_ex.o
 .debug_ranges  0x00000000000009e8       0x98 src/lib/cube_remind_f103/Drivers/STM32F1xx_HAL_Driver/Src/stm32f1xx_hal_pwr.o
 .debug_ranges  0x0000000000000a80       0xb8 src/lib/cube_remind_f103/Drivers/STM32F1xx_HAL_Driver/Src/stm32f1xx_hal_rcc.o
 .debug_ranges  0x0000000000000b38       0x58 src/lib/cube_remind_f103/Drivers/STM32F1xx_HAL_Driver/Src/stm32f1xx_hal_rcc_ex.o
 .debug_ranges  0x0000000000000b90      0x128 src/lib/cube_remind_f103/Drivers/STM32F1xx_HAL_Driver/Src/stm32f1xx_hal_rtc.o
 .debug_ranges  0x0000000000000cb8       0x68 src/lib/cube_remind_f103/Drivers/STM32F1xx_HAL_Driver/Src/stm32f1xx_hal_rtc_ex.o
 .debug_ranges  0x0000000000000d20      0x550 src/lib/cube_remind_f103/Drivers/STM32F1xx_HAL_Driver/Src/stm32f1xx_ll_usb.o
 .debug_ranges  0x0000000000001270       0xd8 src/lib/cube_remind_f103/Middlewares/ST/STM32_USB_Device_Library/Class/DFU/Src/usbd_dfu.o
 .debug_ranges  0x0000000000001348       0x98 src/lib/cube_remind_f103/Middlewares/ST/STM32_USB_Device_Library/Core/Src/usbd_core.o
 .debug_ranges  0x00000000000013e0       0xb8 src/lib/cube_remind_f103/Middlewares/ST/STM32_USB_Device_Library/Core/Src/usbd_ctlreq.o
 .debug_ranges  0x0000000000001498       0x40 src/lib/cube_remind_f103/Middlewares/ST/STM32_USB_Device_Library/Core/Src/usbd_ioreq.o
 .debug_ranges  0x00000000000014d8       0x10 src/lib/cube_remind_f103/USB_DEVICE/App/usb_device.o
 .debug_ranges  0x00000000000014e8       0x90 src/lib/cube_remind_f103/USB_DEVICE/App/usbd_desc.o
 .debug_ranges  0x0000000000001578       0x58 src/lib/cube_remind_f103/USB_DEVICE/App/usbd_dfu_if.o
 .debug_ranges  0x00000000000015d0      0x230 src/lib/cube_remind_f103/USB_DEVICE/Target/usbd_conf.o
 .debug_ranges  0x0000000000001800       0x10 src/main.o

.debug_macro    0x0000000000000000    0x1c9e9
 .debug_macro   0x0000000000000000      0x392 src/ap/ap.o
 .debug_macro   0x0000000000000392      0xa96 src/ap/ap.o
 .debug_macro   0x0000000000000e28       0x22 src/ap/ap.o
 .debug_macro   0x0000000000000e4a       0x4c src/ap/ap.o
 .debug_macro   0x0000000000000e96       0x18 src/ap/ap.o
 .debug_macro   0x0000000000000eae       0x94 src/ap/ap.o
 .debug_macro   0x0000000000000f42       0x3c src/ap/ap.o
 .debug_macro   0x0000000000000f7e       0x34 src/ap/ap.o
 .debug_macro   0x0000000000000fb2       0x16 src/ap/ap.o
 .debug_macro   0x0000000000000fc8       0x57 src/ap/ap.o
 .debug_macro   0x000000000000101f       0x97 src/ap/ap.o
 .debug_macro   0x00000000000010b6      0x339 src/ap/ap.o
 .debug_macro   0x00000000000013ef       0xfd src/ap/ap.o
 .debug_macro   0x00000000000014ec       0x10 src/ap/ap.o
 .debug_macro   0x00000000000014fc       0x16 src/ap/ap.o
 .debug_macro   0x0000000000001512       0x43 src/ap/ap.o
 .debug_macro   0x0000000000001555       0x34 src/ap/ap.o
 .debug_macro   0x0000000000001589       0x10 src/ap/ap.o
 .debug_macro   0x0000000000001599       0x58 src/ap/ap.o
 .debug_macro   0x00000000000015f1       0x71 src/ap/ap.o
 .debug_macro   0x0000000000001662       0x1c src/ap/ap.o
 .debug_macro   0x000000000000167e      0x12a src/ap/ap.o
 .debug_macro   0x00000000000017a8       0x10 src/ap/ap.o
 .debug_macro   0x00000000000017b8       0x6a src/ap/ap.o
 .debug_macro   0x0000000000001822       0x1c src/ap/ap.o
 .debug_macro   0x000000000000183e       0x52 src/ap/ap.o
 .debug_macro   0x0000000000001890       0x22 src/ap/ap.o
 .debug_macro   0x00000000000018b2       0x10 src/ap/ap.o
 .debug_macro   0x00000000000018c2       0x40 src/ap/ap.o
 .debug_macro   0x0000000000001902       0xd5 src/ap/ap.o
 .debug_macro   0x00000000000019d7       0x1c src/ap/ap.o
 .debug_macro   0x00000000000019f3       0x3d src/ap/ap.o
 .debug_macro   0x0000000000001a30       0x16 src/ap/ap.o
 .debug_macro   0x0000000000001a46      0x145 src/ap/ap.o
 .debug_macro   0x0000000000001b8b      0x103 src/ap/ap.o
 .debug_macro   0x0000000000001c8e      0x1df src/ap/ap.o
 .debug_macro   0x0000000000001e6d       0x22 src/ap/ap.o
 .debug_macro   0x0000000000001e8f       0x4c src/ap/ap.o
 .debug_macro   0x0000000000001edb       0x34 src/ap/ap.o
 .debug_macro   0x0000000000001f0f       0x16 src/ap/ap.o
 .debug_macro   0x0000000000001f25      0x21b src/ap/ap.o
 .debug_macro   0x0000000000002140       0x2e src/ap/ap.o
 .debug_macro   0x000000000000216e       0x22 src/ap/ap.o
 .debug_macro   0x0000000000002190       0x1c src/ap/ap.o
 .debug_macro   0x00000000000021ac       0x22 src/ap/ap.o
 .debug_macro   0x00000000000021ce       0xbd src/ap/ap.o
 .debug_macro   0x000000000000228b      0xd23 src/ap/ap.o
 .debug_macro   0x0000000000002fae     0xe09e src/ap/ap.o
 .debug_macro   0x000000000001104c       0x6d src/ap/ap.o
 .debug_macro   0x00000000000110b9     0x3468 src/ap/ap.o
 .debug_macro   0x0000000000014521       0x56 src/ap/ap.o
 .debug_macro   0x0000000000014577      0x5be src/ap/ap.o
 .debug_macro   0x0000000000014b35      0x289 src/ap/ap.o
 .debug_macro   0x0000000000014dbe      0x1cb src/ap/ap.o
 .debug_macro   0x0000000000014f89      0x114 src/ap/ap.o
 .debug_macro   0x000000000001509d      0x1b2 src/ap/ap.o
 .debug_macro   0x000000000001524f       0x27 src/ap/ap.o
 .debug_macro   0x0000000000015276      0x136 src/ap/ap.o
 .debug_macro   0x00000000000153ac      0x1bc src/ap/ap.o
 .debug_macro   0x0000000000015568       0x34 src/ap/ap.o
 .debug_macro   0x000000000001559c       0x3c src/ap/ap.o
 .debug_macro   0x00000000000155d8       0x57 src/ap/ap.o
 .debug_macro   0x000000000001562f       0x88 src/ap/ap.o
 .debug_macro   0x00000000000156b7      0x241 src/ap/ap.o
 .debug_macro   0x00000000000158f8      0x141 src/ap/ap.o
 .debug_macro   0x0000000000015a39      0x1ef src/ap/ap.o
 .debug_macro   0x0000000000015c28       0xec src/ap/ap.o
 .debug_macro   0x0000000000015d14       0x65 src/ap/ap.o
 .debug_macro   0x0000000000015d79      0x249 src/ap/ap.o
 .debug_macro   0x0000000000015fc2       0x83 src/ap/ap.o
 .debug_macro   0x0000000000016045       0x28 src/ap/ap.o
 .debug_macro   0x000000000001606d       0x10 src/ap/ap.o
 .debug_macro   0x000000000001607d      0x340 src/bsp/bsp.o
 .debug_macro   0x00000000000163bd       0x10 src/bsp/bsp.o
 .debug_macro   0x00000000000163cd      0x39c src/bsp/stm32f1xx_hal_msp.o
 .debug_macro   0x0000000000016769      0x3a6 src/bsp/stm32f1xx_it.o
 .debug_macro   0x0000000000016b0f       0xc8 src/bsp/system_stm32f1xx.o
 .debug_macro   0x0000000000016bd7       0x8e src/bsp/system_stm32f1xx.o
 .debug_macro   0x0000000000016c65       0x51 src/bsp/system_stm32f1xx.o
 .debug_macro   0x0000000000016cb6       0xc3 src/bsp/system_stm32f1xx.o
 .debug_macro   0x0000000000016d79      0x359 src/hw/driver/flash.o
 .debug_macro   0x00000000000170d2      0x359 src/hw/driver/led.o
 .debug_macro   0x000000000001742b      0x35d src/hw/driver/reset.o
 .debug_macro   0x0000000000017788      0x353 src/hw/driver/rtc.o
 .debug_macro   0x0000000000017adb      0x428 src/hw/driver/usb.o
 .debug_macro   0x0000000000017f03       0x16 src/hw/driver/usb.o
 .debug_macro   0x0000000000017f19       0x20 src/hw/driver/usb.o
 .debug_macro   0x0000000000017f39       0x72 src/hw/driver/usb.o
 .debug_macro   0x0000000000017fab      0x1c2 src/hw/driver/usb.o
 .debug_macro   0x000000000001816d      0x388 src/hw/hw.o
 .debug_macro   0x00000000000184f5      0x1db src/lib/cube_remind_f103/Drivers/STM32F1xx_HAL_Driver/Src/stm32f1xx_hal.o
 .debug_macro   0x00000000000186d0       0x5c src/lib/cube_remind_f103/Drivers/STM32F1xx_HAL_Driver/Src/stm32f1xx_hal.o
 .debug_macro   0x000000000001872c      0x1b7 src/lib/cube_remind_f103/Drivers/STM32F1xx_HAL_Driver/Src/stm32f1xx_hal_cortex.o
 .debug_macro   0x00000000000188e3      0x1b7 src/lib/cube_remind_f103/Drivers/STM32F1xx_HAL_Driver/Src/stm32f1xx_hal_flash.o
 .debug_macro   0x0000000000018a9a      0x1c9 src/lib/cube_remind_f103/Drivers/STM32F1xx_HAL_Driver/Src/stm32f1xx_hal_flash_ex.o
 .debug_macro   0x0000000000018c63      0x222 src/lib/cube_remind_f103/Drivers/STM32F1xx_HAL_Driver/Src/stm32f1xx_hal_gpio.o
 .debug_macro   0x0000000000018e85      0x1c3 src/lib/cube_remind_f103/Drivers/STM32F1xx_HAL_Driver/Src/stm32f1xx_hal_pcd.o
 .debug_macro   0x0000000000019048      0x1b7 src/lib/cube_remind_f103/Drivers/STM32F1xx_HAL_Driver/Src/stm32f1xx_hal_pcd_ex.o
 .debug_macro   0x00000000000191ff      0x217 src/lib/cube_remind_f103/Drivers/STM32F1xx_HAL_Driver/Src/stm32f1xx_hal_pwr.o
 .debug_macro   0x0000000000019416      0x1c9 src/lib/cube_remind_f103/Drivers/STM32F1xx_HAL_Driver/Src/stm32f1xx_hal_rcc.o
 .debug_macro   0x00000000000195df      0x1b7 src/lib/cube_remind_f103/Drivers/STM32F1xx_HAL_Driver/Src/stm32f1xx_hal_rcc_ex.o
 .debug_macro   0x0000000000019796      0x1c6 src/lib/cube_remind_f103/Drivers/STM32F1xx_HAL_Driver/Src/stm32f1xx_hal_rtc.o
 .debug_macro   0x000000000001995c      0x1b7 src/lib/cube_remind_f103/Drivers/STM32F1xx_HAL_Driver/Src/stm32f1xx_hal_rtc_ex.o
 .debug_macro   0x0000000000019b13      0x1b7 src/lib/cube_remind_f103/Drivers/STM32F1xx_HAL_Driver/Src/stm32f1xx_ll_usb.o
 .debug_macro   0x0000000000019cca      0x459 src/lib/cube_remind_f103/Middlewares/ST/STM32_USB_Device_Library/Class/DFU/Src/usbd_dfu.o
 .debug_macro   0x000000000001a123      0x10a src/lib/cube_remind_f103/Middlewares/ST/STM32_USB_Device_Library/Class/DFU/Src/usbd_dfu.o
 .debug_macro   0x000000000001a22d      0x440 src/lib/cube_remind_f103/Middlewares/ST/STM32_USB_Device_Library/Core/Src/usbd_core.o
 .debug_macro   0x000000000001a66d      0x1c8 src/lib/cube_remind_f103/Middlewares/ST/STM32_USB_Device_Library/Core/Src/usbd_core.o
 .debug_macro   0x000000000001a835      0x44a src/lib/cube_remind_f103/Middlewares/ST/STM32_USB_Device_Library/Core/Src/usbd_ctlreq.o
 .debug_macro   0x000000000001ac7f      0x446 src/lib/cube_remind_f103/Middlewares/ST/STM32_USB_Device_Library/Core/Src/usbd_ioreq.o
 .debug_macro   0x000000000001b0c5      0x480 src/lib/cube_remind_f103/USB_DEVICE/App/usb_device.o
 .debug_macro   0x000000000001b545       0x52 src/lib/cube_remind_f103/USB_DEVICE/App/usb_device.o
 .debug_macro   0x000000000001b597      0x333 src/lib/cube_remind_f103/USB_DEVICE/App/usb_device.o
 .debug_macro   0x000000000001b8ca       0x22 src/lib/cube_remind_f103/USB_DEVICE/App/usb_device.o
 .debug_macro   0x000000000001b8ec      0x47d src/lib/cube_remind_f103/USB_DEVICE/App/usbd_desc.o
 .debug_macro   0x000000000001bd69       0x1c src/lib/cube_remind_f103/USB_DEVICE/App/usbd_desc.o
 .debug_macro   0x000000000001bd85      0x465 src/lib/cube_remind_f103/USB_DEVICE/App/usbd_dfu_if.o
 .debug_macro   0x000000000001c1ea      0x463 src/lib/cube_remind_f103/USB_DEVICE/Target/usbd_conf.o
 .debug_macro   0x000000000001c64d      0x39c src/main.o

.debug_line     0x0000000000000000    0x1f0fa
 .debug_line    0x0000000000000000      0xbb6 src/ap/ap.o
 .debug_line    0x0000000000000bb6      0xc73 src/bsp/bsp.o
 .debug_line    0x0000000000001829      0xc50 src/bsp/stm32f1xx_hal_msp.o
 .debug_line    0x0000000000002479      0xd1b src/bsp/stm32f1xx_it.o
 .debug_line    0x0000000000003194      0x5a6 src/bsp/system_stm32f1xx.o
 .debug_line    0x000000000000373a       0x8a src/bsp/startup/startup_stm32f103c8tx.o
 .debug_line    0x00000000000037c4      0xdad src/hw/driver/flash.o
 .debug_line    0x0000000000004571      0xc09 src/hw/driver/led.o
 .debug_line    0x000000000000517a      0xc43 src/hw/driver/reset.o
 .debug_line    0x0000000000005dbd      0xbfa src/hw/driver/rtc.o
 .debug_line    0x00000000000069b7      0xe47 src/hw/driver/usb.o
 .debug_line    0x00000000000077fe      0xb95 src/hw/hw.o
 .debug_line    0x0000000000008393      0xb9a src/lib/cube_remind_f103/Drivers/STM32F1xx_HAL_Driver/Src/stm32f1xx_hal.o
 .debug_line    0x0000000000008f2d      0xd3f src/lib/cube_remind_f103/Drivers/STM32F1xx_HAL_Driver/Src/stm32f1xx_hal_cortex.o
 .debug_line    0x0000000000009c6c      0xe58 src/lib/cube_remind_f103/Drivers/STM32F1xx_HAL_Driver/Src/stm32f1xx_hal_flash.o
 .debug_line    0x000000000000aac4      0xf58 src/lib/cube_remind_f103/Drivers/STM32F1xx_HAL_Driver/Src/stm32f1xx_hal_flash_ex.o
 .debug_line    0x000000000000ba1c      0xc2b src/lib/cube_remind_f103/Drivers/STM32F1xx_HAL_Driver/Src/stm32f1xx_hal_gpio.o
 .debug_line    0x000000000000c647     0x18fa src/lib/cube_remind_f103/Drivers/STM32F1xx_HAL_Driver/Src/stm32f1xx_hal_pcd.o
 .debug_line    0x000000000000df41      0x8ee src/lib/cube_remind_f103/Drivers/STM32F1xx_HAL_Driver/Src/stm32f1xx_hal_pcd_ex.o
 .debug_line    0x000000000000e82f      0xaf7 src/lib/cube_remind_f103/Drivers/STM32F1xx_HAL_Driver/Src/stm32f1xx_hal_pwr.o
 .debug_line    0x000000000000f326     0x1273 src/lib/cube_remind_f103/Drivers/STM32F1xx_HAL_Driver/Src/stm32f1xx_hal_rcc.o
 .debug_line    0x0000000000010599      0xb41 src/lib/cube_remind_f103/Drivers/STM32F1xx_HAL_Driver/Src/stm32f1xx_hal_rcc_ex.o
 .debug_line    0x00000000000110da     0x16b0 src/lib/cube_remind_f103/Drivers/STM32F1xx_HAL_Driver/Src/stm32f1xx_hal_rtc.o
 .debug_line    0x000000000001278a      0xda6 src/lib/cube_remind_f103/Drivers/STM32F1xx_HAL_Driver/Src/stm32f1xx_hal_rtc_ex.o
 .debug_line    0x0000000000013530     0x20e7 src/lib/cube_remind_f103/Drivers/STM32F1xx_HAL_Driver/Src/stm32f1xx_ll_usb.o
 .debug_line    0x0000000000015617     0x1694 src/lib/cube_remind_f103/Middlewares/ST/STM32_USB_Device_Library/Class/DFU/Src/usbd_dfu.o
 .debug_line    0x0000000000016cab     0x12dd src/lib/cube_remind_f103/Middlewares/ST/STM32_USB_Device_Library/Core/Src/usbd_core.o
 .debug_line    0x0000000000017f88     0x1419 src/lib/cube_remind_f103/Middlewares/ST/STM32_USB_Device_Library/Core/Src/usbd_ctlreq.o
 .debug_line    0x00000000000193a1      0xf05 src/lib/cube_remind_f103/Middlewares/ST/STM32_USB_Device_Library/Core/Src/usbd_ioreq.o
 .debug_line    0x000000000001a2a6      0xf00 src/lib/cube_remind_f103/USB_DEVICE/App/usb_device.o
 .debug_line    0x000000000001b1a6      0xfbc src/lib/cube_remind_f103/USB_DEVICE/App/usbd_desc.o
 .debug_line    0x000000000001c162      0xf81 src/lib/cube_remind_f103/USB_DEVICE/App/usbd_dfu_if.o
 .debug_line    0x000000000001d0e3     0x1436 src/lib/cube_remind_f103/USB_DEVICE/Target/usbd_conf.o
 .debug_line    0x000000000001e519      0xbe1 src/main.o

.debug_str      0x0000000000000000    0x88289
 .debug_str     0x0000000000000000    0x82f2d src/ap/ap.o
                                      0x83321 (size before relaxing)
 .debug_str     0x0000000000082f2d      0x320 src/bsp/bsp.o
                                      0x83506 (size before relaxing)
 .debug_str     0x000000000008324d       0x66 src/bsp/stm32f1xx_hal_msp.o
                                      0x83396 (size before relaxing)
 .debug_str     0x00000000000832b3      0x3fd src/bsp/stm32f1xx_it.o
                                      0x83758 (size before relaxing)
 .debug_str     0x00000000000836b0       0x66 src/bsp/system_stm32f1xx.o
                                      0x546e2 (size before relaxing)
 .debug_str     0x0000000000083716       0x39 src/bsp/startup/startup_stm32f103c8tx.o
                                         0x84 (size before relaxing)
 .debug_str     0x000000000008374f      0x176 src/hw/driver/flash.o
                                      0x8342a (size before relaxing)
 .debug_str     0x00000000000838c5       0x77 src/hw/driver/led.o
                                      0x83371 (size before relaxing)
 .debug_str     0x000000000008393c       0xd9 src/hw/driver/reset.o
                                      0x833b4 (size before relaxing)
 .debug_str     0x0000000000083a15      0x1a5 src/hw/driver/rtc.o
                                      0x834ec (size before relaxing)
 .debug_str     0x0000000000083bba      0xb2c src/hw/driver/usb.o