mpu9250.c:106:13:MPU9250_OnActivate	4	static
mpu9250.c:111:6:MPU9250_IsConnected	8	static
mpu9250.c:119:6:MPU_I2C_Write	32	static
mpu9250.c:124:6:MPU_I2C_Read	32	static
mpu9250.c:135:6:writeRegister	16	static
mpu9250.c:143:6:readRegisters	16	static
mpu9250.c:150:6:writeAK8963Register	16	static
mpu9250.c:166:6:readAK8963Registers	16	static
mpu9250.c:185:16:whoAmI	8	static
mpu9250.c:194:12:whoAmIAK8963	8	static
mpu9250.c:202:9:MPU9250_Init	16	static
mpu9250.c:301:6:MPU9250_SetAccelRange	16	static
mpu9250.c:307:6:MPU9250_SetGyroRange	16	static
mpu9250.c:313:6:MPU9250_SetDLPFBandwidth	16	static
mpu9250.c:320:6:MPU9250_SetSampleRateDivider	16	static
mpu9250.c:363:6:MPU9250_GetData	40	static
mpu9250.c:388:6:MPU6050_GetData_Axis	72	static
mpu9250.c:433:7:calibrate	96	static
