mpu9250.c:107:13:MPU9250_OnActivate	4	static
mpu9250.c:112:6:MPU9250_IsConnected	8	static
mpu9250.c:120:6:MPU_I2C_Write	32	static
mpu9250.c:125:6:MPU_I2C_Read	32	static
mpu9250.c:136:6:writeRegister	16	static
mpu9250.c:144:6:readRegisters	16	static
mpu9250.c:151:6:writeAK8963Register	16	static
mpu9250.c:167:6:readAK8963Registers	16	static
mpu9250.c:186:16:whoAmI	8	static
mpu9250.c:195:12:whoAmIAK8963	8	static
mpu9250.c:203:9:MPU9250_Init	16	static
mpu9250.c:305:6:MPU9250_SetAccelRange	16	static
mpu9250.c:311:6:MPU9250_SetGyroRange	16	static
mpu9250.c:317:6:MPU9250_SetDLPFBandwidth	16	static
mpu9250.c:324:6:MPU9250_SetSampleRateDivider	16	static
mpu9250.c:367:6:MPU9250_GetData	40	static
mpu9250.c:392:6:MPU6050_GetData_Axis	72	static
