Archive member included to satisfy reference by file (symbol)

c:/st/stm32cubeide_1.6.0/stm32cubeide/plugins/com.st.stm32cube.ide.mcu.externaltools.gnu-tools-for-stm32.9-2020-q2-update.win32_1.5.0.202011040924/tools/bin/../lib/gcc/arm-none-eabi/9.3.1/../../../../arm-none-eabi/lib/thumb/v7-m/nofp\libc_nano.a(lib_a-errno.o)
                              src/bsp/syscalls.o (__errno)
c:/st/stm32cubeide_1.6.0/stm32cubeide/plugins/com.st.stm32cube.ide.mcu.externaltools.gnu-tools-for-stm32.9-2020-q2-update.win32_1.5.0.202011040924/tools/bin/../lib/gcc/arm-none-eabi/9.3.1/../../../../arm-none-eabi/lib/thumb/v7-m/nofp\libc_nano.a(lib_a-exit.o)
                              c:/st/stm32cubeide_1.6.0/stm32cubeide/plugins/com.st.stm32cube.ide.mcu.externaltools.gnu-tools-for-stm32.9-2020-q2-update.win32_1.5.0.202011040924/tools/bin/../lib/gcc/arm-none-eabi/9.3.1/../../../../arm-none-eabi/lib/thumb/v7-m/nofp/crt0.o (exit)
c:/st/stm32cubeide_1.6.0/stm32cubeide/plugins/com.st.stm32cube.ide.mcu.externaltools.gnu-tools-for-stm32.9-2020-q2-update.win32_1.5.0.202011040924/tools/bin/../lib/gcc/arm-none-eabi/9.3.1/../../../../arm-none-eabi/lib/thumb/v7-m/nofp\libc_nano.a(lib_a-impure.o)
                              c:/st/stm32cubeide_1.6.0/stm32cubeide/plugins/com.st.stm32cube.ide.mcu.externaltools.gnu-tools-for-stm32.9-2020-q2-update.win32_1.5.0.202011040924/tools/bin/../lib/gcc/arm-none-eabi/9.3.1/../../../../arm-none-eabi/lib/thumb/v7-m/nofp\libc_nano.a(lib_a-exit.o) (_global_impure_ptr)
c:/st/stm32cubeide_1.6.0/stm32cubeide/plugins/com.st.stm32cube.ide.mcu.externaltools.gnu-tools-for-stm32.9-2020-q2-update.win32_1.5.0.202011040924/tools/bin/../lib/gcc/arm-none-eabi/9.3.1/../../../../arm-none-eabi/lib/thumb/v7-m/nofp\libc_nano.a(lib_a-init.o)
                              c:/st/stm32cubeide_1.6.0/stm32cubeide/plugins/com.st.stm32cube.ide.mcu.externaltools.gnu-tools-for-stm32.9-2020-q2-update.win32_1.5.0.202011040924/tools/bin/../lib/gcc/arm-none-eabi/9.3.1/../../../../arm-none-eabi/lib/thumb/v7-m/nofp/crt0.o (__libc_init_array)
c:/st/stm32cubeide_1.6.0/stm32cubeide/plugins/com.st.stm32cube.ide.mcu.externaltools.gnu-tools-for-stm32.9-2020-q2-update.win32_1.5.0.202011040924/tools/bin/../lib/gcc/arm-none-eabi/9.3.1/../../../../arm-none-eabi/lib/thumb/v7-m/nofp\libc_nano.a(lib_a-memset.o)
                              c:/st/stm32cubeide_1.6.0/stm32cubeide/plugins/com.st.stm32cube.ide.mcu.externaltools.gnu-tools-for-stm32.9-2020-q2-update.win32_1.5.0.202011040924/tools/bin/../lib/gcc/arm-none-eabi/9.3.1/../../../../arm-none-eabi/lib/thumb/v7-m/nofp/crt0.o (memset)
c:/st/stm32cubeide_1.6.0/stm32cubeide/plugins/com.st.stm32cube.ide.mcu.externaltools.gnu-tools-for-stm32.9-2020-q2-update.win32_1.5.0.202011040924/tools/bin/../lib/gcc/arm-none-eabi/9.3.1/../../../../arm-none-eabi/lib/thumb/v7-m/nofp\libc_nano.a(lib_a-vsnprintf.o)
                              src/hw/driver/uart.o (vsnprintf)
c:/st/stm32cubeide_1.6.0/stm32cubeide/plugins/com.st.stm32cube.ide.mcu.externaltools.gnu-tools-for-stm32.9-2020-q2-update.win32_1.5.0.202011040924/tools/bin/../lib/gcc/arm-none-eabi/9.3.1/../../../../arm-none-eabi/lib/thumb/v7-m/nofp\libc_nano.a(lib_a-nano-svfprintf.o)
                              c:/st/stm32cubeide_1.6.0/stm32cubeide/plugins/com.st.stm32cube.ide.mcu.externaltools.gnu-tools-for-stm32.9-2020-q2-update.win32_1.5.0.202011040924/tools/bin/../lib/gcc/arm-none-eabi/9.3.1/../../../../arm-none-eabi/lib/thumb/v7-m/nofp\libc_nano.a(lib_a-vsnprintf.o) (_svfprintf_r)
c:/st/stm32cubeide_1.6.0/stm32cubeide/plugins/com.st.stm32cube.ide.mcu.externaltools.gnu-tools-for-stm32.9-2020-q2-update.win32_1.5.0.202011040924/tools/bin/../lib/gcc/arm-none-eabi/9.3.1/../../../../arm-none-eabi/lib/thumb/v7-m/nofp\libc_nano.a(lib_a-nano-vfprintf_i.o)
                              c:/st/stm32cubeide_1.6.0/stm32cubeide/plugins/com.st.stm32cube.ide.mcu.externaltools.gnu-tools-for-stm32.9-2020-q2-update.win32_1.5.0.202011040924/tools/bin/../lib/gcc/arm-none-eabi/9.3.1/../../../../arm-none-eabi/lib/thumb/v7-m/nofp\libc_nano.a(lib_a-nano-svfprintf.o) (_printf_i)
c:/st/stm32cubeide_1.6.0/stm32cubeide/plugins/com.st.stm32cube.ide.mcu.externaltools.gnu-tools-for-stm32.9-2020-q2-update.win32_1.5.0.202011040924/tools/bin/../lib/gcc/arm-none-eabi/9.3.1/../../../../arm-none-eabi/lib/thumb/v7-m/nofp\libc_nano.a(lib_a-memchr-stub.o)
                              c:/st/stm32cubeide_1.6.0/stm32cubeide/plugins/com.st.stm32cube.ide.mcu.externaltools.gnu-tools-for-stm32.9-2020-q2-update.win32_1.5.0.202011040924/tools/bin/../lib/gcc/arm-none-eabi/9.3.1/../../../../arm-none-eabi/lib/thumb/v7-m/nofp\libc_nano.a(lib_a-nano-svfprintf.o) (memchr)
c:/st/stm32cubeide_1.6.0/stm32cubeide/plugins/com.st.stm32cube.ide.mcu.externaltools.gnu-tools-for-stm32.9-2020-q2-update.win32_1.5.0.202011040924/tools/bin/../lib/gcc/arm-none-eabi/9.3.1/../../../../arm-none-eabi/lib/thumb/v7-m/nofp\libc_nano.a(lib_a-memcpy-stub.o)
[...]
Memory Configuration

Name             Origin             Length             Attributes
RAM              0x0000000020000000 0x0000000000005000 xrw
FLASH            0x0000000008000000 0x0000000000010000 xr
*default*        0x0000000000000000 0xffffffffffffffff

Linker script and memory map

LOAD c:/st/stm32cubeide_1.6.0/stm32cubeide/plugins/com.st.stm32cube.ide.mcu.externaltools.gnu-tools-for-stm32.9-2020-q2-update.win32_1.5.0.202011040924/tools/bin/../lib/gcc/arm-none-eabi/9.3.1/thumb/v7-m/nofp/crti.o
LOAD c:/st/stm32cubeide_1.6.0/stm32cubeide/plugins/com.st.stm32cube.ide.mcu.externaltools.gnu-tools-for-stm32.9-2020-q2-update.win32_1.5.0.202011040924/tools/bin/../lib/gcc/arm-none-eabi/9.3.1/thumb/v7-m/nofp/crtbegin.o
LOAD c:/st/stm32cubeide_1.6.0/stm32cubeide/plugins/com.st.stm32cube.ide.mcu.externaltools.gnu-tools-for-stm32.9-2020-q2-update.win32_1.5.0.202011040924/tools/bin/../lib/gcc/arm-none-eabi/9.3.1/../../../../arm-none-eabi/lib/thumb/v7-m/nofp/crt0.o
LOAD src/ap/ap.o
LOAD src/bsp/bsp.o
LOAD src/bsp/stm32f1xx_hal_msp.o
LOAD src/bsp/stm32f1xx_it.o
LOAD src/bsp/syscalls.o
LOAD src/bsp/sysmem.o
LOAD src/bsp/system_stm32f1xx.o
LOAD src/bsp/startup/startup_stm32f103c8tx.o
LOAD src/common/core/qbuffer.o
LOAD src/hw/driver/i2c.o
LOAD src/hw/driver/led.o
LOAD src/hw/driver/motor.o
LOAD src/hw/driver/mpu9250.o
LOAD src/hw/driver/nrf24l01.o
LOAD src/hw/driver/spi.o
LOAD src/hw/driver/tim.o
LOAD src/hw/driver/uart.o
LOAD src/hw/hw.o
LOAD src/lib/cube_fw103/Drivers/STM32F1xx_HAL_Driver/Src/stm32f1xx_hal.o
LOAD src/lib/cube_fw103/Drivers/STM32F1xx_HAL_Driver/Src/stm32f1xx_hal_cortex.o
LOAD src/lib/cube_fw103/Drivers/STM32F1xx_HAL_Driver/Src/stm32f1xx_hal_dma.o
LOAD src/lib/cube_fw103/Drivers/STM32F1xx_HAL_Driver/Src/stm32f1xx_hal_exti.o
LOAD src/lib/cube_fw103/Drivers/STM32F1xx_HAL_Driver/Src/stm32f1xx_hal_flash.o
LOAD src/lib/cube_fw103/Drivers/STM32F1xx_HAL_Driver/Src/stm32f1xx_hal_flash_ex.o
LOAD src/lib/cube_fw103/Drivers/STM32F1xx_HAL_Driver/Src/stm32f1xx_hal_gpio.o
LOAD src/lib/cube_fw103/Drivers/STM32F1xx_HAL_Driver/Src/stm32f1xx_hal_gpio_ex.o
LOAD src/lib/cube_fw103/Drivers/STM32F1xx_HAL_Driver/Src/stm32f1xx_hal_i2c.o
LOAD src/lib/cube_fw103/Drivers/STM32F1xx_HAL_Driver/Src/stm32f1xx_hal_pwr.o
LOAD src/lib/cube_fw103/Drivers/STM32F1xx_HAL_Driver/Src/stm32f1xx_hal_rcc.o
LOAD src/lib/cube_fw103/Drivers/STM32F1xx_HAL_Driver/Src/stm32f1xx_hal_rcc_ex.o
LOAD src/lib/cube_fw103/Drivers/STM32F1xx_HAL_Driver/Src/stm32f1xx_hal_spi.o
LOAD src/lib/cube_fw103/Drivers/STM32F1xx_HAL_Driver/Src/stm32f1xx_hal_tim.o
LOAD src/lib/cube_fw103/Drivers/STM32F1xx_HAL_Driver/Src/stm32f1xx_hal_tim_ex.o
LOAD src/lib/cube_fw103/Drivers/STM32F1xx_HAL_Driver/Src/stm32f1xx_hal_uart.o
LOAD src/main.o
START GROUP
LOAD c:/st/stm32cubeide_1.6.0/stm32cubeide/plugins/com.st.stm32cube.ide.mcu.externaltools.gnu-tools-for-stm32.9-2020-q2-update.win32_1.5.0.202011040924/tools/bin/../lib/gcc/arm-none-eabi/9.3.1/../../../../arm-none-eabi/lib/thumb/v7-m/nofp\libc_nano.a
LOAD c:/st/stm32cubeide_1.6.0/stm32cubeide/plugins/com.st.stm32cube.ide.mcu.externaltools.gnu-tools-for-stm32.9-2020-q2-update.win32_1.5.0.202011040924/tools/bin/../lib/gcc/arm-none-eabi/9.3.1/../../../../arm-none-eabi/lib/thumb/v7-m/nofp\libm.a
END GROUP
START GROUP
LOAD c:/st/stm32cubeide_1.6.0/stm32cubeide/plugins/com.st.stm32cube.ide.mcu.externaltools.gnu-tools-for-stm32.9-2020-q2-update.win32_1.5.0.202011040924/tools/bin/../lib/gcc/arm-none-eabi/9.3.1/thumb/v7-m/nofp\libgcc.a
LOAD c:/st/stm32cubeide_1.6.0/stm32cubeide/plugins/com.st.stm32cube.ide.mcu.externaltools.gnu-tools-for-stm32.9-2020-q2-update.win32_1.5.0.202011040924/tools/bin/../lib/gcc/arm-none-eabi/9.3.1/../../../../arm-none-eabi/lib/thumb/v7-m/nofp\libc_nano.a
END GROUP
START GROUP
LOAD c:/st/stm32cubeide_1.6.0/stm32cubeide/plugins/com.st.stm32cube.ide.mcu.externaltools.gnu-tools-for-stm32.9-2020-q2-update.win32_1.5.0.202011040924/tools/bin/../lib/gcc/arm-none-eabi/9.3.1/thumb/v7-m/nofp\libgcc.a
LOAD c:/st/stm32cubeide_1.6.0/stm32cubeide/plugins/com.st.stm32cube.ide.mcu.externaltools.gnu-tools-for-stm32.9-2020-q2-update.win32_1.5.0.202011040924/tools/bin/../lib/gcc/arm-none-eabi/9.3.1/../../../../arm-none-eabi/lib/thumb/v7-m/nofp\libc_nano.a
LOAD c:/st/stm32cubeide_1.6.0/stm32cubeide/plugins/com.st.stm32cube.ide.mcu.externaltools.gnu-tools-for-stm32.9-2020-q2-update.win32_1.5.0.202011040924/tools/bin/../lib/gcc/arm-none-eabi/9.3.1/../../../../arm-none-eabi/lib/thumb/v7-m/nofp\libnosys.a
END GROUP
START GROUP
LOAD c:/st/stm32cubeide_1.6.0/stm32cubeide/plugins/com.st.stm32cube.ide.mcu.externaltools.gnu-tools-for-stm32.9-2020-q2-update.win32_1.5.0.202011040924/tools/bin/../lib/gcc/arm-none-eabi/9.3.1/thumb/v7-m/nofp\libgcc.a
LOAD c:/st/stm32cubeide_1.6.0/stm32cubeide/plugins/com.st.stm32cube.ide.mcu.externaltools.gnu-tools-for-stm32.9-2020-q2-update.win32_1.5.0.202011040924/tools/bin/../lib/gcc/arm-none-eabi/9.3.1/../../../../arm-none-eabi/lib/thumb/v7-m/nofp\libc_nano.a
LOAD c:/st/stm32cubeide_1.6.0/stm32cubeide/plugins/com.st.stm32cube.ide.mcu.externaltools.gnu-tools-for-stm32.9-2020-q2-update.win32_1.5.0.202011040924/tools/bin/../lib/gcc/arm-none-eabi/9.3.1/../../../../arm-none-eabi/lib/thumb/v7-m/nofp\libnosys.a
END GROUP
LOAD c:/st/stm32cubeide_1.6.0/stm32cubeide/plugins/com.st.stm32cube.ide.mcu.externaltools.gnu-tools-for-stm32.9-2020-q2-update.win32_1.5.0.202011040924/tools/bin/../lib/gcc/arm-none-eabi/9.3.1/thumb/v7-m/nofp/crtend.o
LOAD c:/st/stm32cubeide_1.6.0/stm32cubeide/plugins/com.st.stm32cube.ide.mcu.externaltools.gnu-tools-for-stm32.9-2020-q2-update.win32_1.5.0.202011040924/tools/bin/../lib/gcc/arm-none-eabi/9.3.1/thumb/v7-m/nofp/crtn.o
                0x0000000020005000                _estack = (ORIGIN (RAM) + LENGTH (RAM))
                0x0000000000000200                _Min_Heap_Size = 0x200
                0x0000000000000400                _Min_Stack_Size = 0x400

.isr_vector     0x0000000008000000      0x130
                0x0000000008000000                . = ALIGN (0x4)
 *(.isr_vector)
 .isr_vector    0x0000000008000000      0x130 src/bsp/startup/startup_stm32f103c8tx.o
                0x0000000008000000                g_pfnVectors
                0x0000000008000130                . = ALIGN (0x4)

.text           0x0000000008000130     0x405c
                0x0000000008000130                . = ALIGN (0x4)
 *(.text)
 .text          0x0000000008000130       0x40 c:/st/stm32cubeide_1.6.0/stm32cubeide/plugins/com.st.stm32cube.ide.mcu.externaltools.gnu-tools-for-stm32.9-2020-q2-update.win32_1.5.0.202011040924/tools/bin/../lib/gcc/arm-none-eabi/9.3.1/thumb/v7-m/nofp/crtbegin.o
 *(.text*)
 .text.apInit   0x0000000008000170        0xc src/ap/ap.o
                0x0000000008000170                apInit
 .text.apMain   0x000000000800017c       0x12 src/ap/ap.o
                0x000000000800017c                apMain
 *fill*         0x000000000800018e        0x2 
 .text.bspInit  0x0000000008000190       0x64 src/bsp/bsp.o
                0x0000000008000190                bspInit
 .text.delay    0x00000000080001f4       0x16 src/bsp/bsp.o
                0x00000000080001f4                delay
 .text.SystemClock_Config
                0x000000000800020a       0x8a src/bsp/bsp.o
                0x000000000800020a                SystemClock_Config
 .text.Error_Handler
                0x0000000008000294        0xa src/bsp/bsp.o
                0x0000000008000294                Error_Handler
 *fill*         0x000000000800029e        0x2 
 .text.HAL_MspInit
                0x00000000080002a0       0x64 src/bsp/stm32f1xx_hal_msp.o
                0x00000000080002a0                HAL_MspInit
 .text.NMI_Handler
                0x0000000008000304        0x6 src/bsp/stm32f1xx_it.o
                0x0000000008000304                NMI_Handler
 .text.HardFault_Handler
                0x000000000800030a        0x6 src/bsp/stm32f1xx_it.o
                0x000000000800030a                HardFault_Handler
 .text.MemManage_Handler
                0x0000000008000310        0x6 src/bsp/stm32f1xx_it.o
                0x0000000008000310                MemManage_Handler
 .text.BusFault_Handler
                0x0000000008000316        0x6 src/bsp/stm32f1xx_it.o
                0x0000000008000316                BusFault_Handler
 .text.UsageFault_Handler
                0x000000000800031c        0x6 src/bsp/stm32f1xx_it.o
                0x000000000800031c                UsageFault_Handler
 .text.SVC_Handler
                0x0000000008000322        0xc src/bsp/stm32f1xx_it.o
                0x0000000008000322                SVC_Handler
 .text.DebugMon_Handler
                0x000000000800032e        0xc src/bsp/stm32f1xx_it.o
                0x000000000800032e                DebugMon_Handler
 .text.PendSV_Handler
                0x000000000800033a        0xc src/bsp/stm32f1xx_it.o
                0x000000000800033a                PendSV_Handler
 .text.SysTick_Handler
                0x0000000008000346        0xc src/bsp/stm32f1xx_it.o
                0x0000000008000346                SysTick_Handler
 *fill*         0x0000000008000352        0x2 
 .text.DMA1_Channel5_IRQHandler
                0x0000000008000354       0x14 src/bsp/stm32f1xx_it.o
                0x0000000008000354                DMA1_Channel5_IRQHandler
 .text.USART1_IRQHandler
                0x0000000008000368       0x14 src/bsp/stm32f1xx_it.o
                0x0000000008000368                USART1_IRQHandler
 .text.SystemInit
                0x000000000800037c        0xc src/bsp/system_stm32f1xx.o
                0x000000000800037c                SystemInit
 .text.Reset_Handler
                0x0000000008000388       0x50 src/bsp/startup/startup_stm32f103c8tx.o
                0x0000000008000388                Reset_Handler
 .text.Default_Handler
                0x00000000080003d8        0x2 src/bsp/startup/startup_stm32f103c8tx.o
                0x00000000080003d8                EXTI2_IRQHandler
                0x00000000080003d8                TIM8_TRG_COM_IRQHandler
                0x00000000080003d8                TIM8_CC_IRQHandler
                0x00000000080003d8                TIM1_CC_IRQHandler
                0x00000000080003d8                TIM6_IRQHandler
                0x00000000080003d8                PVD_IRQHandler
                0x00000000080003d8                SDIO_IRQHandler
                0x00000000080003d8                EXTI3_IRQHandler
                0x00000000080003d8                USB_HP_CAN_TX_IRQHandler
                0x00000000080003d8                EXTI0_IRQHandler
                0x00000000080003d8                I2C2_EV_IRQHandler
                0x00000000080003d8                ADC1_2_IRQHandler
                0x00000000080003d8                SPI1_IRQHandler
                0x00000000080003d8                CAN_SCE_IRQHandler
                0x00000000080003d8                TAMPER_IRQHandler
                0x00000000080003d8                TIM8_UP_IRQHandler
                0x00000000080003d8                DMA2_Channel2_IRQHandler
                0x00000000080003d8                DMA1_Channel4_IRQHandler
                0x00000000080003d8                USART3_IRQHandler
                0x00000000080003d8                RTC_IRQHandler
                0x00000000080003d8                DMA1_Channel7_IRQHandler
                0x00000000080003d8                UART5_IRQHandler
                0x00000000080003d8                ADC3_IRQHandler
                0x00000000080003d8                TIM4_IRQHandler
                0x00000000080003d8                CAN_RX1_IRQHandler
                0x00000000080003d8                DMA2_Channel1_IRQHandler
                0x00000000080003d8                I2C1_EV_IRQHandler
                0x00000000080003d8                DMA1_Channel6_IRQHandler
                0x00000000080003d8                UART4_IRQHandler
                0x00000000080003d8                TIM3_IRQHandler
                0x00000000080003d8                RCC_IRQHandler
                0x00000000080003d8                TIM1_TRG_COM_IRQHandler
                0x00000000080003d8                DMA1_Channel1_IRQHandler
                0x00000000080003d8                Default_Handler
                0x00000000080003d8                EXTI15_10_IRQHandler
                0x00000000080003d8                TIM7_IRQHandler
                0x00000000080003d8                TIM5_IRQHandler
                0x00000000080003d8                EXTI9_5_IRQHandler
                0x00000000080003d8                SPI2_IRQHandler
                0x00000000080003d8                USB_LP_CAN_RX0_IRQHandler
                0x00000000080003d8                EXTI4_IRQHandler
                0x00000000080003d8                DMA1_Channel3_IRQHandler
                0x00000000080003d8                FSMC_IRQHandler
                0x00000000080003d8                TIM1_UP_IRQHandler
                0x00000000080003d8                WWDG_IRQHandler
                0x00000000080003d8                TIM2_IRQHandler
                0x00000000080003d8                TIM1_BRK_IRQHandler
                0x00000000080003d8                EXTI1_IRQHandler
                0x00000000080003d8                RTCAlarm_IRQHandler
                0x00000000080003d8                DMA2_Channel4_5_IRQHandler
                0x00000000080003d8                USART2_IRQHandler
                0x00000000080003d8                I2C2_ER_IRQHandler
                0x00000000080003d8                DMA1_Channel2_IRQHandler
                0x00000000080003d8                TIM8_BRK_IRQHandler
                0x00000000080003d8                FLASH_IRQHandler
                0x00000000080003d8                SPI3_IRQHandler
                0x00000000080003d8                I2C1_ER_IRQHandler
                0x00000000080003d8                DMA2_Channel3_IRQHandler
 *fill*         0x00000000080003da        0x2 
 .text.MX_I2C2_Init
                0x00000000080003dc       0x5c src/hw/driver/i2c.o
                0x00000000080003dc                MX_I2C2_Init
 .text.HAL_I2C_MspInit
                0x0000000008000438       0x80 src/hw/driver/i2c.o
                0x0000000008000438                HAL_I2C_MspInit
 .text.LedInit  0x00000000080004b8       0x6c src/hw/driver/led.o
                0x00000000080004b8                LedInit
 .text.LedOff   0x0000000008000524       0x40 src/hw/driver/led.o
                0x0000000008000524                LedOff
 .text.LedToggle
                0x0000000008000564       0x38 src/hw/driver/led.o
                0x0000000008000564                LedToggle
 .text.motorInit
                0x000000000800059c       0x90 src/hw/driver/motor.o
                0x000000000800059c                motorInit
 .text.Stop     0x000000000800062c       0x54 src/hw/driver/motor.o
                0x000000000800062c                Stop
 .text.MPU9250_IsConnected
                0x0000000008000680       0x28 src/hw/driver/mpu9250.o
                0x0000000008000680                MPU9250_IsConnected
 .text.MPU_I2C_Write
                0x00000000080006a8       0x38 src/hw/driver/mpu9250.o
                0x00000000080006a8                MPU_I2C_Write
 .text.MPU_I2C_Read
                0x00000000080006e0       0x4c src/hw/driver/mpu9250.o
                0x00000000080006e0                MPU_I2C_Read
 .text.writeRegister
                0x000000000800072c       0x2a src/hw/driver/mpu9250.o
                0x000000000800072c                writeRegister
 .text.readRegisters
                0x0000000008000756       0x26 src/hw/driver/mpu9250.o
                0x0000000008000756                readRegisters
 .text.writeAK8963Register
                0x000000000800077c       0x4e src/hw/driver/mpu9250.o
                0x000000000800077c                writeAK8963Register
 .text.readAK8963Registers
                0x00000000080007ca       0x56 src/hw/driver/mpu9250.o
                0x00000000080007ca                readAK8963Registers
 .text.whoAmI   0x0000000008000820       0x1c src/hw/driver/mpu9250.o
 .text.whoAmIAK8963
                0x000000000800083c       0x1c src/hw/driver/mpu9250.o
 .text.MPU9250_Init
                0x0000000008000858      0x17c src/hw/driver/mpu9250.o
                0x0000000008000858                MPU9250_Init
 .text.NRF24L01_Init
                0x00000000080009d4       0x64 src/hw/driver/nrf24l01.o
                0x00000000080009d4                NRF24L01_Init
 .text.MX_SPI1_Init
                0x0000000008000a38       0x6c src/hw/driver/spi.o
                0x0000000008000a38                MX_SPI1_Init
 .text.HAL_SPI_MspInit
                0x0000000008000aa4       0x94 src/hw/driver/spi.o
                0x0000000008000aa4                HAL_SPI_MspInit
 .text.MX_TIM3_Init
                0x0000000008000b38       0xc8 src/hw/driver/tim.o
                0x0000000008000b38                MX_TIM3_Init
 .text.HAL_TIM_PWM_MspInit
                0x0000000008000c00       0x3c src/hw/driver/tim.o
                0x0000000008000c00                HAL_TIM_PWM_MspInit
 .text.HAL_TIM_MspPostInit
                0x0000000008000c3c       0x64 src/hw/driver/tim.o
                0x0000000008000c3c                HAL_TIM_MspPostInit
 .text.uartInit
                0x0000000008000ca0       0x34 src/hw/driver/uart.o
                0x0000000008000ca0                uartInit
 .text.HAL_UART_ErrorCallback
                0x0000000008000cd4       0x12 src/hw/driver/uart.o
                0x0000000008000cd4                HAL_UART_ErrorCallback
 .text.HAL_UART_RxCpltCallback
                0x0000000008000ce6       0x12 src/hw/driver/uart.o
                0x0000000008000ce6                HAL_UART_RxCpltCallback
 .text.hwInit   0x0000000008000cf8       0x2e src/hw/hw.o
                0x0000000008000cf8                hwInit
 *fill*         0x0000000008000d26        0x2 
 .text.HAL_Init
                0x0000000008000d28       0x2c src/lib/cube_fw103/Drivers/STM32F1xx_HAL_Driver/Src/stm32f1xx_hal.o
                0x0000000008000d28                HAL_Init
 .text.HAL_InitTick
                0x0000000008000d54       0x60 src/lib/cube_fw103/Drivers/STM32F1xx_HAL_Driver/Src/stm32f1xx_hal.o
                0x0000000008000d54                HAL_InitTick
 .text.HAL_IncTick
                0x0000000008000db4       0x24 src/lib/cube_fw103/Drivers/STM32F1xx_HAL_Driver/Src/stm32f1xx_hal.o
                0x0000000008000db4                HAL_IncTick
 .text.HAL_GetTick
                0x0000000008000dd8       0x14 src/lib/cube_fw103/Drivers/STM32F1xx_HAL_Driver/Src/stm32f1xx_hal.o
                0x0000000008000dd8                HAL_GetTick
 .text.HAL_Delay
                0x0000000008000dec       0x48 src/lib/cube_fw103/Drivers/STM32F1xx_HAL_Driver/Src/stm32f1xx_hal.o
                0x0000000008000dec                HAL_Delay
 .text.__NVIC_SetPriorityGrouping
                0x0000000008000e34       0x48 src/lib/cube_fw103/Drivers/STM32F1xx_HAL_Driver/Src/stm32f1xx_hal_cortex.o
 .text.__NVIC_GetPriorityGrouping
                0x0000000008000e7c       0x1c src/lib/cube_fw103/Drivers/STM32F1xx_HAL_Driver/Src/stm32f1xx_hal_cortex.o
 .text.__NVIC_SetPriority
                0x0000000008000e98       0x54 src/lib/cube_fw103/Drivers/STM32F1xx_HAL_Driver/Src/stm32f1xx_hal_cortex.o
 .text.NVIC_EncodePriority
                0x0000000008000eec       0x64 src/lib/cube_fw103/Drivers/STM32F1xx_HAL_Driver/Src/stm32f1xx_hal_cortex.o
 .text.SysTick_Config
                0x0000000008000f50       0x44 src/lib/cube_fw103/Drivers/STM32F1xx_HAL_Driver/Src/stm32f1xx_hal_cortex.o
 .text.HAL_NVIC_SetPriorityGrouping
                0x0000000008000f94       0x16 src/lib/cube_fw103/Drivers/STM32F1xx_HAL_Driver/Src/stm32f1xx_hal_cortex.o
                0x0000000008000f94                HAL_NVIC_SetPriorityGrouping
 .text.HAL_NVIC_SetPriority
                0x0000000008000faa       0x38 src/lib/cube_fw103/Drivers/STM32F1xx_HAL_Driver/Src/stm32f1xx_hal_cortex.o
                0x0000000008000faa                HAL_NVIC_SetPriority
 .text.HAL_SYSTICK_Config
                0x0000000008000fe2       0x18 src/lib/cube_fw103/Drivers/STM32F1xx_HAL_Driver/Src/stm32f1xx_hal_cortex.o
                0x0000000008000fe2                HAL_SYSTICK_Config
 *fill*         0x0000000008000ffa        0x2 
 .text.HAL_DMA_Abort_IT
                0x0000000008000ffc       0xec src/lib/cube_fw103/Drivers/STM32F1xx_HAL_Driver/Src/stm32f1xx_hal_dma.o
                0x0000000008000ffc                HAL_DMA_Abort_IT
 .text.HAL_DMA_IRQHandler
                0x00000000080010e8      0x20c src/lib/cube_fw103/Drivers/STM32F1xx_HAL_Driver/Src/stm32f1xx_hal_dma.o
                0x00000000080010e8                HAL_DMA_IRQHandler
 .text.HAL_GPIO_Init
                0x00000000080012f4      0x308 src/lib/cube_fw103/Drivers/STM32F1xx_HAL_Driver/Src/stm32f1xx_hal_gpio.o
                0x00000000080012f4                HAL_GPIO_Init
 .text.HAL_GPIO_WritePin
                0x00000000080015fc       0x30 src/lib/cube_fw103/Drivers/STM32F1xx_HAL_Driver/Src/stm32f1xx_hal_gpio.o
                0x00000000080015fc                HAL_GPIO_WritePin
 .text.HAL_GPIO_TogglePin
                0x000000000800162c       0x32 src/lib/cube_fw103/Drivers/STM32F1xx_HAL_Driver/Src/stm32f1xx_hal_gpio.o
                0x000000000800162c                HAL_GPIO_TogglePin
 *fill*         0x000000000800165e        0x2 
 .text.HAL_I2C_Init
                0x0000000008001660      0x288 src/lib/cube_fw103/Drivers/STM32F1xx_HAL_Driver/Src/stm32f1xx_hal_i2c.o
                0x0000000008001660                HAL_I2C_Init
 .text.HAL_I2C_Master_Transmit
                0x00000000080018e8      0x1fc src/lib/cube_fw103/Drivers/STM32F1xx_HAL_Driver/Src/stm32f1xx_hal_i2c.o
                0x00000000080018e8                HAL_I2C_Master_Transmit
 .text.HAL_I2C_Master_Receive
                0x0000000008001ae4      0x4c0 src/lib/cube_fw103/Drivers/STM32F1xx_HAL_Driver/Src/stm32f1xx_hal_i2c.o
                0x0000000008001ae4                HAL_I2C_Master_Receive
 .text.HAL_I2C_Mem_Write
                0x0000000008001fa4      0x1f4 src/lib/cube_fw103/Drivers/STM32F1xx_HAL_Driver/Src/stm32f1xx_hal_i2c.o
                0x0000000008001fa4                HAL_I2C_Mem_Write
 .text.HAL_I2C_IsDeviceReady
                0x0000000008002198      0x25c src/lib/cube_fw103/Drivers/STM32F1xx_HAL_Driver/Src/stm32f1xx_hal_i2c.o
                0x0000000008002198                HAL_I2C_IsDeviceReady
 .text.I2C_MasterRequestWrite
                0x00000000080023f4      0x104 src/lib/cube_fw103/Drivers/STM32F1xx_HAL_Driver/Src/stm32f1xx_hal_i2c.o
 .text.I2C_MasterRequestRead
                0x00000000080024f8      0x19c src/lib/cube_fw103/Drivers/STM32F1xx_HAL_Driver/Src/stm32f1xx_hal_i2c.o
 .text.I2C_RequestMemoryWrite
                0x0000000008002694      0x12c src/lib/cube_fw103/Drivers/STM32F1xx_HAL_Driver/Src/stm32f1xx_hal_i2c.o
 .text.I2C_WaitOnFlagUntilTimeout
                0x00000000080027c0       0xae src/lib/cube_fw103/Drivers/STM32F1xx_HAL_Driver/Src/stm32f1xx_hal_i2c.o
 .text.I2C_WaitOnMasterAddressFlagUntilTimeout
                0x000000000800286e       0xfe src/lib/cube_fw103/Drivers/STM32F1xx_HAL_Driver/Src/stm32f1xx_hal_i2c.o
 .text.I2C_WaitOnTXEFlagUntilTimeout
                0x000000000800296c       0x82 src/lib/cube_fw103/Drivers/STM32F1xx_HAL_Driver/Src/stm32f1xx_hal_i2c.o
 .text.I2C_WaitOnBTFFlagUntilTimeout
                0x00000000080029ee       0x82 src/lib/cube_fw103/Drivers/STM32F1xx_HAL_Driver/Src/stm32f1xx_hal_i2c.o
 .text.I2C_WaitOnRXNEFlagUntilTimeout
                0x0000000008002a70       0xac src/lib/cube_fw103/Drivers/STM32F1xx_HAL_Driver/Src/stm32f1xx_hal_i2c.o
 .text.I2C_IsAcknowledgeFailed
                0x0000000008002b1c       0x5c src/lib/cube_fw103/Drivers/STM32F1xx_HAL_Driver/Src/stm32f1xx_hal_i2c.o
 .text.HAL_RCC_OscConfig
                0x0000000008002b78      0x500 src/lib/cube_fw103/Drivers/STM32F1xx_HAL_Driver/Src/stm32f1xx_hal_rcc.o
                0x0000000008002b78                HAL_RCC_OscConfig
 .text.HAL_RCC_ClockConfig
                0x0000000008003078      0x1d4 src/lib/cube_fw103/Drivers/STM32F1xx_HAL_Driver/Src/stm32f1xx_hal_rcc.o
                0x0000000008003078                HAL_RCC_ClockConfig
 .text.HAL_RCC_GetSysClockFreq
                0x000000000800324c       0xc0 src/lib/cube_fw103/Drivers/STM32F1xx_HAL_Driver/Src/stm32f1xx_hal_rcc.o
                0x000000000800324c                HAL_RCC_GetSysClockFreq
 .text.HAL_RCC_GetHCLKFreq
                0x000000000800330c       0x14 src/lib/cube_fw103/Drivers/STM32F1xx_HAL_Driver/Src/stm32f1xx_hal_rcc.o
                0x000000000800330c                HAL_RCC_GetHCLKFreq
 .text.HAL_RCC_GetPCLK1Freq
                0x0000000008003320       0x28 src/lib/cube_fw103/Drivers/STM32F1xx_HAL_Driver/Src/stm32f1xx_hal_rcc.o
                0x0000000008003320                HAL_RCC_GetPCLK1Freq
 .text.RCC_Delay
                0x0000000008003348       0x3c src/lib/cube_fw103/Drivers/STM32F1xx_HAL_Driver/Src/stm32f1xx_hal_rcc.o
 .text.HAL_SPI_Init
                0x0000000008003384      0x108 src/lib/cube_fw103/Drivers/STM32F1xx_HAL_Driver/Src/stm32f1xx_hal_spi.o
                0x0000000008003384                HAL_SPI_Init
 .text.HAL_TIM_PWM_Init
                0x000000000800348c       0x9e src/lib/cube_fw103/Drivers/STM32F1xx_HAL_Driver/Src/stm32f1xx_hal_tim.o
                0x000000000800348c                HAL_TIM_PWM_Init
 *fill*         0x000000000800352a        0x2 
 .text.HAL_TIM_PWM_Start
                0x000000000800352c      0x144 src/lib/cube_fw103/Drivers/STM32F1xx_HAL_Driver/Src/stm32f1xx_hal_tim.o
                0x000000000800352c                HAL_TIM_PWM_Start
 .text.HAL_TIM_PWM_ConfigChannel
                0x0000000008003670      0x17c src/lib/cube_fw103/Drivers/STM32F1xx_HAL_Driver/Src/stm32f1xx_hal_tim.o
                0x0000000008003670                HAL_TIM_PWM_ConfigChannel
 .text.TIM_Base_SetConfig
                0x00000000080037ec       0xc4 src/lib/cube_fw103/Drivers/STM32F1xx_HAL_Driver/Src/stm32f1xx_hal_tim.o
                0x00000000080037ec                TIM_Base_SetConfig
 .text.TIM_OC1_SetConfig
                0x00000000080038b0       0xcc src/lib/cube_fw103/Drivers/STM32F1xx_HAL_Driver/Src/stm32f1xx_hal_tim.o
 .text.TIM_OC2_SetConfig
                0x000000000800397c       0xd4 src/lib/cube_fw103/Drivers/STM32F1xx_HAL_Driver/Src/stm32f1xx_hal_tim.o
                0x000000000800397c                TIM_OC2_SetConfig
 .text.TIM_OC3_SetConfig
                0x0000000008003a50       0xd4 src/lib/cube_fw103/Drivers/STM32F1xx_HAL_Driver/Src/stm32f1xx_hal_tim.o
 .text.TIM_OC4_SetConfig
                0x0000000008003b24       0x9c src/lib/cube_fw103/Drivers/STM32F1xx_HAL_Driver/Src/stm32f1xx_hal_tim.o
 .text.TIM_CCxChannelCmd
                0x0000000008003bc0       0x48 src/lib/cube_fw103/Drivers/STM32F1xx_HAL_Driver/Src/stm32f1xx_hal_tim.o
                0x0000000008003bc0                TIM_CCxChannelCmd
 .text.HAL_TIMEx_MasterConfigSynchronization
                0x0000000008003c08       0xbc src/lib/cube_fw103/Drivers/STM32F1xx_HAL_Driver/Src/stm32f1xx_hal_tim_ex.o
                0x0000000008003c08                HAL_TIMEx_MasterConfigSynchronization
 .text.HAL_UART_IRQHandler
                0x0000000008003cc4      0x200 src/lib/cube_fw103/Drivers/STM32F1xx_HAL_Driver/Src/stm32f1xx_hal_uart.o
                0x0000000008003cc4                HAL_UART_IRQHandler
 .text.HAL_UART_TxCpltCallback
                0x0000000008003ec4       0x12 src/lib/cube_fw103/Drivers/STM32F1xx_HAL_Driver/Src/stm32f1xx_hal_uart.o
                0x0000000008003ec4                HAL_UART_TxCpltCallback
 .text.UART_EndRxTransfer
                0x0000000008003ed6       0x3a src/lib/cube_fw103/Drivers/STM32F1xx_HAL_Driver/Src/stm32f1xx_hal_uart.o
 .text.UART_DMAAbortOnError
                0x0000000008003f10       0x28 src/lib/cube_fw103/Drivers/STM32F1xx_HAL_Driver/Src/stm32f1xx_hal_uart.o
 .text.UART_Transmit_IT
                0x0000000008003f38       0x9e src/lib/cube_fw103/Drivers/STM32F1xx_HAL_Driver/Src/stm32f1xx_hal_uart.o
 .text.UART_EndTransmit_IT
                0x0000000008003fd6       0x30 src/lib/cube_fw103/Drivers/STM32F1xx_HAL_Driver/Src/stm32f1xx_hal_uart.o
 .text.UART_Receive_IT
                0x0000000008004006      0x100 src/lib/cube_fw103/Drivers/STM32F1xx_HAL_Driver/Src/stm32f1xx_hal_uart.o
 .text.main     0x0000000008004106       0x16 src/main.o
                0x0000000008004106                main
 .text.__libc_init_array
                0x000000000800411c       0x48 c:/st/stm32cubeide_1.6.0/stm32cubeide/plugins/com.st.stm32cube.ide.mcu.externaltools.gnu-tools-for-stm32.9-2020-q2-update.win32_1.5.0.202011040924/tools/bin/../lib/gcc/arm-none-eabi/9.3.1/../../../../arm-none-eabi/lib/thumb/v7-m/nofp\libc_nano.a(lib_a-init.o)
                0x000000000800411c                __libc_init_array
 .text.memset   0x0000000008004164       0x10 c:/st/stm32cubeide_1.6.0/stm32cubeide/plugins/com.st.stm32cube.ide.mcu.externaltools.gnu-tools-for-stm32.9-2020-q2-update.win32_1.5.0.202011040924/tools/bin/../lib/gcc/arm-none-eabi/9.3.1/../../../../arm-none-eabi/lib/thumb/v7-m/nofp\libc_nano.a(lib_a-memset.o)
                0x0000000008004164                memset
 *(.glue_7)
 .glue_7        0x0000000008004174        0x0 linker stubs
 *(.glue_7t)
 .glue_7t       0x0000000008004174        0x0 linker stubs
 *(.eh_frame)
 .eh_frame      0x0000000008004174        0x0 c:/st/stm32cubeide_1.6.0/stm32cubeide/plugins/com.st.stm32cube.ide.mcu.externaltools.gnu-tools-for-stm32.9-2020-q2-update.win32_1.5.0.202011040924/tools/bin/../lib/gcc/arm-none-eabi/9.3.1/thumb/v7-m/nofp/crtbegin.o
 *(.init)
 .init          0x0000000008004174        0x4 c:/st/stm32cubeide_1.6.0/stm32cubeide/plugins/com.st.stm32cube.ide.mcu.externaltools.gnu-tools-for-stm32.9-2020-q2-update.win32_1.5.0.202011040924/tools/bin/../lib/gcc/arm-none-eabi/9.3.1/thumb/v7-m/nofp/crti.o
                0x0000000008004174                _init
 .init          0x0000000008004178        0x8 c:/st/stm32cubeide_1.6.0/stm32cubeide/plugins/com.st.stm32cube.ide.mcu.externaltools.gnu-tools-for-stm32.9-2020-q2-update.win32_1.5.0.202011040924/tools/bin/../lib/gcc/arm-none-eabi/9.3.1/thumb/v7-m/nofp/crtn.o
 *(.fini)
 .fini          0x0000000008004180        0x4 c:/st/stm32cubeide_1.6.0/stm32cubeide/plugins/com.st.stm32cube.ide.mcu.externaltools.gnu-tools-for-stm32.9-2020-q2-update.win32_1.5.0.202011040924/tools/bin/../lib/gcc/arm-none-eabi/9.3.1/thumb/v7-m/nofp/crti.o
                0x0000000008004180                _fini
 .fini          0x0000000008004184        0x8 c:/st/stm32cubeide_1.6.0/stm32cubeide/plugins/com.st.stm32cube.ide.mcu.externaltools.gnu-tools-for-stm32.9-2020-q2-update.win32_1.5.0.202011040924/tools/bin/../lib/gcc/arm-none-eabi/9.3.1/thumb/v7-m/nofp/crtn.o
                0x000000000800418c                . = ALIGN (0x4)
                0x000000000800418c                _etext = .

.vfp11_veneer   0x000000000800418c        0x0
 .vfp11_veneer  0x000000000800418c        0x0 linker stubs

.v4_bx          0x000000000800418c        0x0
 .v4_bx         0x000000000800418c        0x0 linker stubs

.iplt           0x000000000800418c        0x0
 .iplt          0x000000000800418c        0x0 c:/st/stm32cubeide_1.6.0/stm32cubeide/plugins/com.st.stm32cube.ide.mcu.externaltools.gnu-tools-for-stm32.9-2020-q2-update.win32_1.5.0.202011040924/tools/bin/../lib/gcc/arm-none-eabi/9.3.1/thumb/v7-m/nofp/crtbegin.o

.rodata         0x000000000800418c       0x28
                0x000000000800418c                . = ALIGN (0x4)
 *(.rodata)
 .rodata        0x000000000800418c       0x10 src/lib/cube_fw103/Drivers/STM32F1xx_HAL_Driver/Src/stm32f1xx_hal_rcc.o
 *(.rodata*)
 .rodata.AHBPrescTable
                0x000000000800419c       0x10 src/bsp/system_stm32f1xx.o
                0x000000000800419c                AHBPrescTable
 .rodata.APBPrescTable
                0x00000000080041ac        0x8 src/bsp/system_stm32f1xx.o
                0x00000000080041ac                APBPrescTable
                0x00000000080041b4                . = ALIGN (0x4)

.rel.dyn        0x00000000080041b4        0x0
 .rel.iplt      0x00000000080041b4        0x0 c:/st/stm32cubeide_1.6.0/stm32cubeide/plugins/com.st.stm32cube.ide.mcu.externaltools.gnu-tools-for-stm32.9-2020-q2-update.win32_1.5.0.202011040924/tools/bin/../lib/gcc/arm-none-eabi/9.3.1/thumb/v7-m/nofp/crtbegin.o

.ARM.extab      0x00000000080041b4        0x0
                0x00000000080041b4                . = ALIGN (0x4)
 *(.ARM.extab* .gnu.linkonce.armextab.*)
                0x00000000080041b4                . = ALIGN (0x4)

.ARM            0x00000000080041b4        0x0
                0x00000000080041b4                . = ALIGN (0x4)
                0x00000000080041b4                __exidx_start = .
 *(.ARM.exidx*)
                0x00000000080041b4                __exidx_end = .
                0x00000000080041b4                . = ALIGN (0x4)

.preinit_array  0x00000000080041b4        0x0
                0x00000000080041b4                . = ALIGN (0x4)
                0x00000000080041b4                PROVIDE (__preinit_array_start = .)
 *(.preinit_array*)
                0x00000000080041b4                PROVIDE (__preinit_array_end = .)
                0x00000000080041b4                . = ALIGN (0x4)

.init_array     0x00000000080041b4        0x4
                0x00000000080041b4                . = ALIGN (0x4)
                0x00000000080041b4                PROVIDE (__init_array_start = .)
 *(SORT_BY_NAME(.init_array.*))
 *(.init_array*)
 .init_array    0x00000000080041b4        0x4 c:/st/stm32cubeide_1.6.0/stm32cubeide/plugins/com.st.stm32cube.ide.mcu.externaltools.gnu-tools-for-stm32.9-2020-q2-update.win32_1.5.0.202011040924/tools/bin/../lib/gcc/arm-none-eabi/9.3.1/thumb/v7-m/nofp/crtbegin.o
                0x00000000080041b8                PROVIDE (__init_array_end = .)
                0x00000000080041b8                . = ALIGN (0x4)

.fini_array     0x00000000080041b8        0x4
                0x00000000080041b8                . = ALIGN (0x4)
                [!provide]                        PROVIDE (__fini_array_start = .)
 *(SORT_BY_NAME(.fini_array.*))
 *(.fini_array*)
 .fini_array    0x00000000080041b8        0x4 c:/st/stm32cubeide_1.6.0/stm32cubeide/plugins/com.st.stm32cube.ide.mcu.externaltools.gnu-tools-for-stm32.9-2020-q2-update.win32_1.5.0.202011040924/tools/bin/../lib/gcc/arm-none-eabi/9.3.1/thumb/v7-m/nofp/crtbegin.o
                [!provide]                        PROVIDE (__fini_array_end = .)
                0x00000000080041bc                . = ALIGN (0x4)
                0x00000000080041bc                _sidata = LOADADDR (.data)

.data           0x0000000020000000       0x34 load address 0x00000000080041bc
                0x0000000020000000                . = ALIGN (0x4)
                0x0000000020000000                _sdata = .
 *(.data)
 *(.data*)
 .data.SystemCoreClock
                0x0000000020000000        0x4 src/bsp/system_stm32f1xx.o
                0x0000000020000000                SystemCoreClock
 .data.led_tbl  0x0000000020000004        0x8 src/hw/driver/led.o
                0x0000000020000004                led_tbl
 .data.Motor_Table
                0x000000002000000c       0x20 src/hw/driver/motor.o
                0x000000002000000c                Motor_Table
 .data.uwTickPrio
                0x000000002000002c        0x4 src/lib/cube_fw103/Drivers/STM32F1xx_HAL_Driver/Src/stm32f1xx_hal.o
                0x000000002000002c                uwTickPrio
 .data.uwTickFreq
                0x0000000020000030        0x1 src/lib/cube_fw103/Drivers/STM32F1xx_HAL_Driver/Src/stm32f1xx_hal.o
                0x0000000020000030                uwTickFreq
 *(.RamFunc)
 *(.RamFunc*)
                0x0000000020000034                . = ALIGN (0x4)
 *fill*         0x0000000020000031        0x3 
                0x0000000020000034                _edata = .

.igot.plt       0x0000000020000034        0x0 load address 0x00000000080041f0
 .igot.plt      0x0000000020000034        0x0 c:/st/stm32cubeide_1.6.0/stm32cubeide/plugins/com.st.stm32cube.ide.mcu.externaltools.gnu-tools-for-stm32.9-2020-q2-update.win32_1.5.0.202011040924/tools/bin/../lib/gcc/arm-none-eabi/9.3.1/thumb/v7-m/nofp/crtbegin.o
                0x0000000020000034                . = ALIGN (0x4)

.bss            0x0000000020000034      0x1b8 load address 0x00000000080041f0
                0x0000000020000034                _sbss = .
                0x0000000020000034                __bss_start__ = _sbss
 *(.bss)
 .bss           0x0000000020000034       0x1c c:/st/stm32cubeide_1.6.0/stm32cubeide/plugins/com.st.stm32cube.ide.mcu.externaltools.gnu-tools-for-stm32.9-2020-q2-update.win32_1.5.0.202011040924/tools/bin/../lib/gcc/arm-none-eabi/9.3.1/thumb/v7-m/nofp/crtbegin.o
 *(.bss*)
 .bss._buffer   0x0000000020000050       0x15 src/hw/driver/mpu9250.o
 *fill*         0x0000000020000065        0x3 
 .bss._mag_adjust
                0x0000000020000068        0x3 src/hw/driver/mpu9250.o
 *fill*         0x000000002000006b        0x1 
 .bss.is_open   0x000000002000006c        0x1 src/hw/driver/uart.o
 *(COMMON)
 *fill*         0x000000002000006d        0x3 
 COMMON         0x0000000020000070       0x54 src/hw/driver/i2c.o
                0x0000000020000070                hi2c2
 COMMON         0x00000000200000c4       0x58 src/hw/driver/spi.o
                0x00000000200000c4                hspi1
 COMMON         0x000000002000011c       0x48 src/hw/driver/tim.o
                0x000000002000011c                htim3
 COMMON         0x0000000020000164       0x84 src/hw/driver/uart.o
                0x0000000020000164                hdma_usart1_rx
                0x00000000200001a8                huart1
 COMMON         0x00000000200001e8        0x4 src/lib/cube_fw103/Drivers/STM32F1xx_HAL_Driver/Src/stm32f1xx_hal.o
                0x00000000200001e8                uwTick
                0x00000000200001ec                . = ALIGN (0x4)
                0x00000000200001ec                _ebss = .
                0x00000000200001ec                __bss_end__ = _ebss

._user_heap_stack
                0x00000000200001ec      0x604 load address 0x00000000080041f0
                0x00000000200001f0                . = ALIGN (0x8)
 *fill*         0x00000000200001ec        0x4 
                [!provide]                        PROVIDE (end = .)
                0x00000000200001f0                PROVIDE (_end = .)
                0x00000000200003f0                . = (. + _Min_Heap_Size)
 *fill*         0x00000000200001f0      0x200 
                0x00000000200007f0                . = (. + _Min_Stack_Size)
 *fill*         0x00000000200003f0      0x400 
                0x00000000200007f0                . = ALIGN (0x8)

/DISCARD/
 libc.a(*)
 libm.a(*)
 libgcc.a(*)

.ARM.attributes
                0x0000000000000000       0x29
 *(.ARM.attributes)
 .ARM.attributes
                0x0000000000000000       0x1d c:/st/stm32cubeide_1.6.0/stm32cubeide/plugins/com.st.stm32cube.ide.mcu.externaltools.gnu-tools-for-stm32.9-2020-q2-update.win32_1.5.0.202011040924/tools/bin/../lib/gcc/arm-none-eabi/9.3.1/thumb/v7-m/nofp/crti.o
 .ARM.attributes
                0x000000000000001d       0x2d c:/st/stm32cubeide_1.6.0/stm32cubeide/plugins/com.st.stm32cube.ide.mcu.externaltools.gnu-tools-for-stm32.9-2020-q2-update.win32_1.5.0.202011040924/tools/bin/../lib/gcc/arm-none-eabi/9.3.1/thumb/v7-m/nofp/crtbegin.o
 .ARM.attributes
                0x000000000000004a       0x2d src/ap/ap.o
 .ARM.attributes
                0x0000000000000077       0x2d src/bsp/bsp.o
 .ARM.attributes
                0x00000000000000a4       0x2d src/bsp/stm32f1xx_hal_msp.o
 .ARM.attributes
                0x00000000000000d1       0x2d src/bsp/stm32f1xx_it.o
 .ARM.attributes
                0x00000000000000fe       0x2d src/bsp/system_stm32f1xx.o
 .ARM.attributes
                0x000000000000012b       0x21 src/bsp/startup/startup_stm32f103c8tx.o
 .ARM.attributes
                0x000000000000014c       0x2d src/hw/driver/i2c.o
 .ARM.attributes
                0x0000000000000179       0x2d src/hw/driver/led.o
 .ARM.attributes
                0x00000000000001a6       0x2d src/hw/driver/motor.o
 .ARM.attributes
                0x00000000000001d3       0x2d src/hw/driver/mpu9250.o
 .ARM.attributes
                0x0000000000000200       0x2d src/hw/driver/nrf24l01.o
 .ARM.attributes
                0x000000000000022d       0x2d src/hw/driver/spi.o
 .ARM.attributes
                0x000000000000025a       0x2d src/hw/driver/tim.o
 .ARM.attributes
                0x0000000000000287       0x2d src/hw/driver/uart.o
 .ARM.attributes
                0x00000000000002b4       0x2d src/hw/hw.o
 .ARM.attributes
                0x00000000000002e1       0x2d src/lib/cube_fw103/Drivers/STM32F1xx_HAL_Driver/Src/stm32f1xx_hal.o
 .ARM.attributes
                0x000000000000030e       0x2d src/lib/cube_fw103/Drivers/STM32F1xx_HAL_Driver/Src/stm32f1xx_hal_cortex.o
 .ARM.attributes
                0x000000000000033b       0x2d src/lib/cube_fw103/Drivers/STM32F1xx_HAL_Driver/Src/stm32f1xx_hal_dma.o
 .ARM.attributes
                0x0000000000000368       0x2d src/lib/cube_fw103/Drivers/STM32F1xx_HAL_Driver/Src/stm32f1xx_hal_gpio.o
 .ARM.attributes
                0x0000000000000395       0x2d src/lib/cube_fw103/Drivers/STM32F1xx_HAL_Driver/Src/stm32f1xx_hal_i2c.o
 .ARM.attributes
                0x00000000000003c2       0x2d src/lib/cube_fw103/Drivers/STM32F1xx_HAL_Driver/Src/stm32f1xx_hal_rcc.o
 .ARM.attributes
                0x00000000000003ef       0x2d src/lib/cube_fw103/Drivers/STM32F1xx_HAL_Driver/Src/stm32f1xx_hal_spi.o
 .ARM.attributes
                0x000000000000041c       0x2d src/lib/cube_fw103/Drivers/STM32F1xx_HAL_Driver/Src/stm32f1xx_hal_tim.o
 .ARM.attributes
                0x0000000000000449       0x2d src/lib/cube_fw103/Drivers/STM32F1xx_HAL_Driver/Src/stm32f1xx_hal_tim_ex.o
 .ARM.attributes
                0x0000000000000476       0x2d src/lib/cube_fw103/Drivers/STM32F1xx_HAL_Driver/Src/stm32f1xx_hal_uart.o
 .ARM.attributes
                0x00000000000004a3       0x2d src/main.o
 .ARM.attributes
                0x00000000000004d0       0x2d c:/st/stm32cubeide_1.6.0/stm32cubeide/plugins/com.st.stm32cube.ide.mcu.externaltools.gnu-tools-for-stm32.9-2020-q2-update.win32_1.5.0.202011040924/tools/bin/../lib/gcc/arm-none-eabi/9.3.1/../../../../arm-none-eabi/lib/thumb/v7-m/nofp\libc_nano.a(lib_a-init.o)
 .ARM.attributes
                0x00000000000004fd       0x2d c:/st/stm32cubeide_1.6.0/stm32cubeide/plugins/com.st.stm32cube.ide.mcu.externaltools.gnu-tools-for-stm32.9-2020-q2-update.win32_1.5.0.202011040924/tools/bin/../lib/gcc/arm-none-eabi/9.3.1/../../../../arm-none-eabi/lib/thumb/v7-m/nofp\libc_nano.a(lib_a-memset.o)
 .ARM.attributes
                0x000000000000052a       0x1d c:/st/stm32cubeide_1.6.0/stm32cubeide/plugins/com.st.stm32cube.ide.mcu.externaltools.gnu-tools-for-stm32.9-2020-q2-update.win32_1.5.0.202011040924/tools/bin/../lib/gcc/arm-none-eabi/9.3.1/thumb/v7-m/nofp/crtn.o
OUTPUT(stm32_f103.elf elf32-littlearm)
LOAD linker stubs
LOAD c:/st/stm32cubeide_1.6.0/stm32cubeide/plugins/com.st.stm32cube.ide.mcu.externaltools.gnu-tools-for-stm32.9-2020-q2-update.win32_1.5.0.202011040924/tools/bin/../lib/gcc/arm-none-eabi/9.3.1/../../../../arm-none-eabi/lib/thumb/v7-m/nofp\libc.a
LOAD c:/st/stm32cubeide_1.6.0/stm32cubeide/plugins/com.st.stm32cube.ide.mcu.externaltools.gnu-tools-for-stm32.9-2020-q2-update.win32_1.5.0.202011040924/tools/bin/../lib/gcc/arm-none-eabi/9.3.1/../../../../arm-none-eabi/lib/thumb/v7-m/nofp\libm.a
LOAD c:/st/stm32cubeide_1.6.0/stm32cubeide/plugins/com.st.stm32cube.ide.mcu.externaltools.gnu-tools-for-stm32.9-2020-q2-update.win32_1.5.0.202011040924/tools/bin/../lib/gcc/arm-none-eabi/9.3.1/thumb/v7-m/nofp\libgcc.a

.debug_info     0x0000000000000000    0x1d1ac
 .debug_info    0x0000000000000000     0x1555 src/ap/ap.o
 .debug_info    0x0000000000001555      0xd46 src/bsp/bsp.o
 .debug_info    0x000000000000229b     0x16ad src/bsp/stm32f1xx_hal_msp.o
 .debug_info    0x0000000000003948     0x181e src/bsp/stm32f1xx_it.o
 .debug_info    0x0000000000005166      0x260 src/bsp/system_stm32f1xx.o
 .debug_info    0x00000000000053c6       0x22 src/bsp/startup/startup_stm32f103c8tx.o
 .debug_info    0x00000000000053e8     0x11a5 src/hw/driver/i2c.o
 .debug_info    0x000000000000658d      0xc98 src/hw/driver/led.o
 .debug_info    0x0000000000007225     0x1210 src/hw/driver/motor.o
 .debug_info    0x0000000000008435     0x1a61 src/hw/driver/mpu9250.o
 .debug_info    0x0000000000009e96     0x133f src/hw/driver/nrf24l01.o
 .debug_info    0x000000000000b1d5     0x1174 src/hw/driver/spi.o
 .debug_info    0x000000000000c349     0x131a src/hw/driver/tim.o
 .debug_info    0x000000000000d663     0x15af src/hw/driver/uart.o
 .debug_info    0x000000000000ec12     0x1543 src/hw/hw.o
 .debug_info    0x0000000000010155      0x76a src/lib/cube_fw103/Drivers/STM32F1xx_HAL_Driver/Src/stm32f1xx_hal.o
 .debug_info    0x00000000000108bf      0xbdc src/lib/cube_fw103/Drivers/STM32F1xx_HAL_Driver/Src/stm32f1xx_hal_cortex.o
 .debug_info    0x000000000001149b      0x81e src/lib/cube_fw103/Drivers/STM32F1xx_HAL_Driver/Src/stm32f1xx_hal_dma.o
 .debug_info    0x0000000000011cb9      0x701 src/lib/cube_fw103/Drivers/STM32F1xx_HAL_Driver/Src/stm32f1xx_hal_gpio.o
 .debug_info    0x00000000000123ba     0x2774 src/lib/cube_fw103/Drivers/STM32F1xx_HAL_Driver/Src/stm32f1xx_hal_i2c.o
 .debug_info    0x0000000000014b2e      0x88e src/lib/cube_fw103/Drivers/STM32F1xx_HAL_Driver/Src/stm32f1xx_hal_rcc.o
 .debug_info    0x00000000000153bc     0x16af src/lib/cube_fw103/Drivers/STM32F1xx_HAL_Driver/Src/stm32f1xx_hal_spi.o
 .debug_info    0x0000000000016a6b     0x2a43 src/lib/cube_fw103/Drivers/STM32F1xx_HAL_Driver/Src/stm32f1xx_hal_tim.o
 .debug_info    0x00000000000194ae     0x1495 src/lib/cube_fw103/Drivers/STM32F1xx_HAL_Driver/Src/stm32f1xx_hal_tim_ex.o
 .debug_info    0x000000000001a943     0x1322 src/lib/cube_fw103/Drivers/STM32F1xx_HAL_Driver/Src/stm32f1xx_hal_uart.o
 .debug_info    0x000000000001bc65     0x1547 src/main.o

.debug_abbrev   0x0000000000000000     0x39f5
 .debug_abbrev  0x0000000000000000      0x211 src/ap/ap.o
 .debug_abbrev  0x0000000000000211      0x276 src/bsp/bsp.o
 .debug_abbrev  0x0000000000000487      0x21c src/bsp/stm32f1xx_hal_msp.o
 .debug_abbrev  0x00000000000006a3      0x211 src/bsp/stm32f1xx_it.o
 .debug_abbrev  0x00000000000008b4      0x14e src/bsp/system_stm32f1xx.o
 .debug_abbrev  0x0000000000000a02       0x12 src/bsp/startup/startup_stm32f103c8tx.o
 .debug_abbrev  0x0000000000000a14      0x245 src/hw/driver/i2c.o
 .debug_abbrev  0x0000000000000c59      0x253 src/hw/driver/led.o
 .debug_abbrev  0x0000000000000eac      0x264 src/hw/driver/motor.o
 .debug_abbrev  0x0000000000001110      0x2f8 src/hw/driver/mpu9250.o
 .debug_abbrev  0x0000000000001408      0x28f src/hw/driver/nrf24l01.o
 .debug_abbrev  0x0000000000001697      0x245 src/hw/driver/spi.o
 .debug_abbrev  0x00000000000018dc      0x269 src/hw/driver/tim.o
 .debug_abbrev  0x0000000000001b45      0x313 src/hw/driver/uart.o
 .debug_abbrev  0x0000000000001e58      0x1f7 src/hw/hw.o
 .debug_abbrev  0x000000000000204f      0x1ed src/lib/cube_fw103/Drivers/STM32F1xx_HAL_Driver/Src/stm32f1xx_hal.o
 .debug_abbrev  0x000000000000223c      0x313 src/lib/cube_fw103/Drivers/STM32F1xx_HAL_Driver/Src/stm32f1xx_hal_cortex.o
 .debug_abbrev  0x000000000000254f      0x228 src/lib/cube_fw103/Drivers/STM32F1xx_HAL_Driver/Src/stm32f1xx_hal_dma.o
 .debug_abbrev  0x0000000000002777      0x1e8 src/lib/cube_fw103/Drivers/STM32F1xx_HAL_Driver/Src/stm32f1xx_hal_gpio.o
 .debug_abbrev  0x000000000000295f      0x288 src/lib/cube_fw103/Drivers/STM32F1xx_HAL_Driver/Src/stm32f1xx_hal_i2c.o
 .debug_abbrev  0x0000000000002be7      0x273 src/lib/cube_fw103/Drivers/STM32F1xx_HAL_Driver/Src/stm32f1xx_hal_rcc.o
 .debug_abbrev  0x0000000000002e5a      0x26e src/lib/cube_fw103/Drivers/STM32F1xx_HAL_Driver/Src/stm32f1xx_hal_spi.o
 .debug_abbrev  0x00000000000030c8      0x25e src/lib/cube_fw103/Drivers/STM32F1xx_HAL_Driver/Src/stm32f1xx_hal_tim.o
 .debug_abbrev  0x0000000000003326      0x266 src/lib/cube_fw103/Drivers/STM32F1xx_HAL_Driver/Src/stm32f1xx_hal_tim_ex.o
 .debug_abbrev  0x000000000000358c      0x270 src/lib/cube_fw103/Drivers/STM32F1xx_HAL_Driver/Src/stm32f1xx_hal_uart.o
 .debug_abbrev  0x00000000000037fc      0x1f9 src/main.o

.debug_aranges  0x0000000000000000     0x12e8
 .debug_aranges
                0x0000000000000000       0x28 src/ap/ap.o
 .debug_aranges
                0x0000000000000028       0x40 src/bsp/bsp.o
 .debug_aranges
                0x0000000000000068       0x20 src/bsp/stm32f1xx_hal_msp.o
 .debug_aranges
                0x0000000000000088       0x70 src/bsp/stm32f1xx_it.o
 .debug_aranges
                0x00000000000000f8       0x28 src/bsp/system_stm32f1xx.o
 .debug_aranges
                0x0000000000000120       0x28 src/bsp/startup/startup_stm32f103c8tx.o
 .debug_aranges
                0x0000000000000148       0x30 src/hw/driver/i2c.o
 .debug_aranges
                0x0000000000000178       0x38 src/hw/driver/led.o
 .debug_aranges
                0x00000000000001b0       0x48 src/hw/driver/motor.o
 .debug_aranges
                0x00000000000001f8       0xa0 src/hw/driver/mpu9250.o
 .debug_aranges
                0x0000000000000298       0x78 src/hw/driver/nrf24l01.o
 .debug_aranges
                0x0000000000000310       0x30 src/hw/driver/spi.o
 .debug_aranges
                0x0000000000000340       0x38 src/hw/driver/tim.o
 .debug_aranges
                0x0000000000000378       0x70 src/hw/driver/uart.o
 .debug_aranges
                0x00000000000003e8       0x20 src/hw/hw.o
 .debug_aranges
                0x0000000000000408       0xe0 src/lib/cube_fw103/Drivers/STM32F1xx_HAL_Driver/Src/stm32f1xx_hal.o
 .debug_aranges
                0x00000000000004e8      0x100 src/lib/cube_fw103/Drivers/STM32F1xx_HAL_Driver/Src/stm32f1xx_hal_cortex.o
 .debug_aranges
                0x00000000000005e8       0x80 src/lib/cube_fw103/Drivers/STM32F1xx_HAL_Driver/Src/stm32f1xx_hal_dma.o
 .debug_aranges
                0x0000000000000668       0x58 src/lib/cube_fw103/Drivers/STM32F1xx_HAL_Driver/Src/stm32f1xx_hal_gpio.o
 .debug_aranges
                0x00000000000006c0      0x2a0 src/lib/cube_fw103/Drivers/STM32F1xx_HAL_Driver/Src/stm32f1xx_hal_i2c.o
 .debug_aranges
                0x0000000000000960       0x90 src/lib/cube_fw103/Drivers/STM32F1xx_HAL_Driver/Src/stm32f1xx_hal_rcc.o
 .debug_aranges
                0x00000000000009f0      0x1d0 src/lib/cube_fw103/Drivers/STM32F1xx_HAL_Driver/Src/stm32f1xx_hal_spi.o
 .debug_aranges
                0x0000000000000bc0      0x3d0 src/lib/cube_fw103/Drivers/STM32F1xx_HAL_Driver/Src/stm32f1xx_hal_tim.o
 .debug_aranges
                0x0000000000000f90      0x168 src/lib/cube_fw103/Drivers/STM32F1xx_HAL_Driver/Src/stm32f1xx_hal_tim_ex.o
 .debug_aranges
                0x00000000000010f8      0x1d0 src/lib/cube_fw103/Drivers/STM32F1xx_HAL_Driver/Src/stm32f1xx_hal_uart.o
 .debug_aranges
                0x00000000000012c8       0x20 src/main.o

.debug_ranges   0x0000000000000000     0x1178
 .debug_ranges  0x0000000000000000       0x18 src/ap/ap.o
 .debug_ranges  0x0000000000000018       0x30 src/bsp/bsp.o
 .debug_ranges  0x0000000000000048       0x10 src/bsp/stm32f1xx_hal_msp.o
 .debug_ranges  0x0000000000000058       0x60 src/bsp/stm32f1xx_it.o
 .debug_ranges  0x00000000000000b8       0x18 src/bsp/system_stm32f1xx.o
 .debug_ranges  0x00000000000000d0       0x20 src/bsp/startup/startup_stm32f103c8tx.o
 .debug_ranges  0x00000000000000f0       0x20 src/hw/driver/i2c.o
 .debug_ranges  0x0000000000000110       0x28 src/hw/driver/led.o
 .debug_ranges  0x0000000000000138       0x38 src/hw/driver/motor.o
 .debug_ranges  0x0000000000000170       0x90 src/hw/driver/mpu9250.o
 .debug_ranges  0x0000000000000200       0x68 src/hw/driver/nrf24l01.o
 .debug_ranges  0x0000000000000268       0x20 src/hw/driver/spi.o
 .debug_ranges  0x0000000000000288       0x28 src/hw/driver/tim.o
 .debug_ranges  0x00000000000002b0       0x60 src/hw/driver/uart.o
 .debug_ranges  0x0000000000000310       0x10 src/hw/hw.o
 .debug_ranges  0x0000000000000320       0xd0 src/lib/cube_fw103/Drivers/STM32F1xx_HAL_Driver/Src/stm32f1xx_hal.o
 .debug_ranges  0x00000000000003f0       0xf0 src/lib/cube_fw103/Drivers/STM32F1xx_HAL_Driver/Src/stm32f1xx_hal_cortex.o
 .debug_ranges  0x00000000000004e0       0x70 src/lib/cube_fw103/Drivers/STM32F1xx_HAL_Driver/Src/stm32f1xx_hal_dma.o
 .debug_ranges  0x0000000000000550       0x48 src/lib/cube_fw103/Drivers/STM32F1xx_HAL_Driver/Src/stm32f1xx_hal_gpio.o
 .debug_ranges  0x0000000000000598      0x2b8 src/lib/cube_fw103/Drivers/STM32F1xx_HAL_Driver/Src/stm32f1xx_hal_i2c.o
 .debug_ranges  0x0000000000000850       0x80 src/lib/cube_fw103/Drivers/STM32F1xx_HAL_Driver/Src/stm32f1xx_hal_rcc.o
 .debug_ranges  0x00000000000008d0      0x1c0 src/lib/cube_fw103/Drivers/STM32F1xx_HAL_Driver/Src/stm32f1xx_hal_spi.o
 .debug_ranges  0x0000000000000a90      0x3c0 src/lib/cube_fw103/Drivers/STM32F1xx_HAL_Driver/Src/stm32f1xx_hal_tim.o
 .debug_ranges  0x0000000000000e50      0x158 src/lib/cube_fw103/Drivers/STM32F1xx_HAL_Driver/Src/stm32f1xx_hal_tim_ex.o
 .debug_ranges  0x0000000000000fa8      0x1c0 src/lib/cube_fw103/Drivers/STM32F1xx_HAL_Driver/Src/stm32f1xx_hal_uart.o
 .debug_ranges  0x0000000000001168       0x10 src/main.o

.debug_macro    0x0000000000000000    0x1b094
 .debug_macro   0x0000000000000000      0x3ba src/ap/ap.o
 .debug_macro   0x00000000000003ba      0xa90 src/ap/ap.o
 .debug_macro   0x0000000000000e4a       0x22 src/ap/ap.o
 .debug_macro   0x0000000000000e6c       0x4c src/ap/ap.o
 .debug_macro   0x0000000000000eb8       0x18 src/ap/ap.o
 .debug_macro   0x0000000000000ed0       0x94 src/ap/ap.o
 .debug_macro   0x0000000000000f64       0x3c src/ap/ap.o
 .debug_macro   0x0000000000000fa0       0x34 src/ap/ap.o
 .debug_macro   0x0000000000000fd4       0x16 src/ap/ap.o
 .debug_macro   0x0000000000000fea       0x57 src/ap/ap.o
 .debug_macro   0x0000000000001041       0x97 src/ap/ap.o
 .debug_macro   0x00000000000010d8      0x339 src/ap/ap.o
 .debug_macro   0x0000000000001411       0xfd src/ap/ap.o
 .debug_macro   0x000000000000150e       0x10 src/ap/ap.o
 .debug_macro   0x000000000000151e       0x16 src/ap/ap.o
 .debug_macro   0x0000000000001534       0x43 src/ap/ap.o
 .debug_macro   0x0000000000001577       0x34 src/ap/ap.o
 .debug_macro   0x00000000000015ab       0x10 src/ap/ap.o
 .debug_macro   0x00000000000015bb       0x58 src/ap/ap.o
 .debug_macro   0x0000000000001613       0x71 src/ap/ap.o
 .debug_macro   0x0000000000001684       0x1c src/ap/ap.o
 .debug_macro   0x00000000000016a0      0x12a src/ap/ap.o
 .debug_macro   0x00000000000017ca       0x10 src/ap/ap.o
 .debug_macro   0x00000000000017da       0x6a src/ap/ap.o
 .debug_macro   0x0000000000001844       0x1c src/ap/ap.o
 .debug_macro   0x0000000000001860       0x52 src/ap/ap.o
 .debug_macro   0x00000000000018b2       0x22 src/ap/ap.o
 .debug_macro   0x00000000000018d4       0x10 src/ap/ap.o
 .debug_macro   0x00000000000018e4       0x40 src/ap/ap.o
 .debug_macro   0x0000000000001924       0xd5 src/ap/ap.o
 .debug_macro   0x00000000000019f9       0x1c src/ap/ap.o
 .debug_macro   0x0000000000001a15       0x3d src/ap/ap.o
 .debug_macro   0x0000000000001a52       0x16 src/ap/ap.o
 .debug_macro   0x0000000000001a68      0x145 src/ap/ap.o
 .debug_macro   0x0000000000001bad      0x103 src/ap/ap.o
 .debug_macro   0x0000000000001cb0      0x1df src/ap/ap.o
 .debug_macro   0x0000000000001e8f       0x22 src/ap/ap.o
 .debug_macro   0x0000000000001eb1       0x4c src/ap/ap.o
 .debug_macro   0x0000000000001efd      0x1a9 src/ap/ap.o
 .debug_macro   0x00000000000020a6       0x10 src/ap/ap.o
 .debug_macro   0x00000000000020b6      0x22d src/ap/ap.o
 .debug_macro   0x00000000000022e3       0x2e src/ap/ap.o
 .debug_macro   0x0000000000002311       0x22 src/ap/ap.o
 .debug_macro   0x0000000000002333       0x1c src/ap/ap.o
 .debug_macro   0x000000000000234f       0x22 src/ap/ap.o
 .debug_macro   0x0000000000002371       0xbd src/ap/ap.o
 .debug_macro   0x000000000000242e      0xd23 src/ap/ap.o
 .debug_macro   0x0000000000003151     0xe097 src/ap/ap.o
 .debug_macro   0x00000000000111e8       0x43 src/ap/ap.o
 .debug_macro   0x000000000001122b     0x3468 src/ap/ap.o
 .debug_macro   0x0000000000014693       0x56 src/ap/ap.o
 .debug_macro   0x00000000000146e9      0x5be src/ap/ap.o
 .debug_macro   0x0000000000014ca7      0x289 src/ap/ap.o
 .debug_macro   0x0000000000014f30      0x1cb src/ap/ap.o
 .debug_macro   0x00000000000150fb      0x114 src/ap/ap.o
 .debug_macro   0x000000000001520f      0x1b2 src/ap/ap.o
 .debug_macro   0x00000000000153c1       0x27 src/ap/ap.o
 .debug_macro   0x00000000000153e8      0x136 src/ap/ap.o
 .debug_macro   0x000000000001551e      0x1bc src/ap/ap.o
 .debug_macro   0x00000000000156da       0x34 src/ap/ap.o
 .debug_macro   0x000000000001570e       0x3c src/ap/ap.o
 .debug_macro   0x000000000001574a       0x57 src/ap/ap.o
 .debug_macro   0x00000000000157a1       0x88 src/ap/ap.o
 .debug_macro   0x0000000000015829      0x241 src/ap/ap.o
 .debug_macro   0x0000000000015a6a      0x287 src/ap/ap.o
 .debug_macro   0x0000000000015cf1      0x141 src/ap/ap.o
 .debug_macro   0x0000000000015e32      0x217 src/ap/ap.o
 .debug_macro   0x0000000000016049      0x8d1 src/ap/ap.o
 .debug_macro   0x000000000001691a      0x26b src/ap/ap.o
 .debug_macro   0x0000000000016b85       0x83 src/ap/ap.o
 .debug_macro   0x0000000000016c08       0x46 src/ap/ap.o
 .debug_macro   0x0000000000016c4e       0x46 src/ap/ap.o
 .debug_macro   0x0000000000016c94       0x10 src/ap/ap.o
 .debug_macro   0x0000000000016ca4      0x176 src/ap/ap.o
 .debug_macro   0x0000000000016e1a       0x10 src/ap/ap.o
 .debug_macro   0x0000000000016e2a      0x34d src/bsp/bsp.o
 .debug_macro   0x0000000000017177      0x3be src/bsp/stm32f1xx_hal_msp.o
 .debug_macro   0x0000000000017535      0x3c8 src/bsp/stm32f1xx_it.o
 .debug_macro   0x00000000000178fd       0xc8 src/bsp/system_stm32f1xx.o
 .debug_macro   0x00000000000179c5       0x8e src/bsp/system_stm32f1xx.o
 .debug_macro   0x0000000000017a53       0x51 src/bsp/system_stm32f1xx.o
 .debug_macro   0x0000000000017aa4       0xc3 src/bsp/system_stm32f1xx.o
 .debug_macro   0x0000000000017b67      0x360 src/hw/driver/i2c.o
 .debug_macro   0x0000000000017ec7      0x36c src/hw/driver/led.o
 .debug_macro   0x0000000000018233      0x36f src/hw/driver/motor.o
 .debug_macro   0x00000000000185a2       0x40 src/hw/driver/motor.o
 .debug_macro   0x00000000000185e2      0x369 src/hw/driver/mpu9250.o
 .debug_macro   0x000000000001894b      0x369 src/hw/driver/nrf24l01.o
 .debug_macro   0x0000000000018cb4      0x360 src/hw/driver/spi.o
 .debug_macro   0x0000000000019014      0x360 src/hw/driver/tim.o
 .debug_macro   0x0000000000019374      0x376 src/hw/driver/uart.o
 .debug_macro   0x00000000000196ea      0x3aa src/hw/hw.o
 .debug_macro   0x0000000000019a94      0x1d6 src/lib/cube_fw103/Drivers/STM32F1xx_HAL_Driver/Src/stm32f1xx_hal.o
 .debug_macro   0x0000000000019c6a       0x5c src/lib/cube_fw103/Drivers/STM32F1xx_HAL_Driver/Src/stm32f1xx_hal.o
 .debug_macro   0x0000000000019cc6      0x1b2 src/lib/cube_fw103/Drivers/STM32F1xx_HAL_Driver/Src/stm32f1xx_hal_cortex.o
 .debug_macro   0x0000000000019e78      0x1b2 src/lib/cube_fw103/Drivers/STM32F1xx_HAL_Driver/Src/stm32f1xx_hal_dma.o
 .debug_macro   0x000000000001a02a      0x21d src/lib/cube_fw103/Drivers/STM32F1xx_HAL_Driver/Src/stm32f1xx_hal_gpio.o
 .debug_macro   0x000000000001a247      0x1f9 src/lib/cube_fw103/Drivers/STM32F1xx_HAL_Driver/Src/stm32f1xx_hal_i2c.o
 .debug_macro   0x000000000001a440      0x1c4 src/lib/cube_fw103/Drivers/STM32F1xx_HAL_Driver/Src/stm32f1xx_hal_rcc.o
 .debug_macro   0x000000000001a604      0x1ba src/lib/cube_fw103/Drivers/STM32F1xx_HAL_Driver/Src/stm32f1xx_hal_spi.o
 .debug_macro   0x000000000001a7be      0x1b3 src/lib/cube_fw103/Drivers/STM32F1xx_HAL_Driver/Src/stm32f1xx_hal_tim.o
 .debug_macro   0x000000000001a971      0x1b2 src/lib/cube_fw103/Drivers/STM32F1xx_HAL_Driver/Src/stm32f1xx_hal_tim_ex.o
 .debug_macro   0x000000000001ab23      0x1b3 src/lib/cube_fw103/Drivers/STM32F1xx_HAL_Driver/Src/stm32f1xx_hal_uart.o
 .debug_macro   0x000000000001acd6      0x3be src/main.o

.debug_line     0x0000000000000000    0x1ad29
 .debug_line    0x0000000000000000      0xb36 src/ap/ap.o
 .debug_line    0x0000000000000b36      0xadc src/bsp/bsp.o
 .debug_line    0x0000000000001612      0xba6 src/bsp/stm32f1xx_hal_msp.o
 .debug_line    0x00000000000021b8      0xc97 src/bsp/stm32f1xx_it.o
 .debug_line    0x0000000000002e4f      0x569 src/bsp/system_stm32f1xx.o
 .debug_line    0x00000000000033b8       0x8c src/bsp/startup/startup_stm32f103c8tx.o
 .debug_line    0x0000000000003444      0xb2d src/hw/driver/i2c.o
 .debug_line    0x0000000000003f71      0xb5b src/hw/driver/led.o
 .debug_line    0x0000000000004acc      0xb9a src/hw/driver/motor.o
 .debug_line    0x0000000000005666      0xec0 src/hw/driver/mpu9250.o
 .debug_line    0x0000000000006526      0xd2d src/hw/driver/nrf24l01.o
 .debug_line    0x0000000000007253      0xb3f src/hw/driver/spi.o
 .debug_line    0x0000000000007d92      0xb70 src/hw/driver/tim.o
 .debug_line    0x0000000000008902      0xd26 src/hw/driver/uart.o
 .debug_line    0x0000000000009628      0xb20 src/hw/hw.o
 .debug_line    0x000000000000a148      0xaae src/lib/cube_fw103/Drivers/STM32F1xx_HAL_Driver/Src/stm32f1xx_hal.o
 .debug_line    0x000000000000abf6      0xc96 src/lib/cube_fw103/Drivers/STM32F1xx_HAL_Driver/Src/stm32f1xx_hal_cortex.o
 .debug_line    0x000000000000b88c      0xf06 src/lib/cube_fw103/Drivers/STM32F1xx_HAL_Driver/Src/stm32f1xx_hal_dma.o
 .debug_line    0x000000000000c792      0xb45 src/lib/cube_fw103/Drivers/STM32F1xx_HAL_Driver/Src/stm32f1xx_hal_gpio.o
 .debug_line    0x000000000000d2d7     0x3ab0 src/lib/cube_fw103/Drivers/STM32F1xx_HAL_Driver/Src/stm32f1xx_hal_i2c.o
 .debug_line    0x0000000000010d87      0xebc src/lib/cube_fw103/Drivers/STM32F1xx_HAL_Driver/Src/stm32f1xx_hal_rcc.o
 .debug_line    0x0000000000011c43     0x1d26 src/lib/cube_fw103/Drivers/STM32F1xx_HAL_Driver/Src/stm32f1xx_hal_spi.o
 .debug_line    0x0000000000013969     0x3456 src/lib/cube_fw103/Drivers/STM32F1xx_HAL_Driver/Src/stm32f1xx_hal_tim.o
 .debug_line    0x0000000000016dbf     0x1b54 src/lib/cube_fw103/Drivers/STM32F1xx_HAL_Driver/Src/stm32f1xx_hal_tim_ex.o
 .debug_line    0x0000000000018913     0x18b8 src/lib/cube_fw103/Drivers/STM32F1xx_HAL_Driver/Src/stm32f1xx_hal_uart.o
 .debug_line    0x000000000001a1cb      0xb5e src/main.o

.debug_str      0x0000000000000000    0x8fe80
 .debug_str     0x0000000000000000    0x8b2e9 src/ap/ap.o
                                      0x8b866 (size before relaxing)
 .debug_str     0x000000000008b2e9      0x1c6 src/bsp/bsp.o
                                      0x8a851 (size before relaxing)
 .debug_str     0x000000000008b4af       0x66 src/bsp/stm32f1xx_hal_msp.o
                                      0x8b8e7 (size before relaxing)
 .debug_str     0x000000000008b515      0x248 src/bsp/stm32f1xx_it.o
                                      0x8baa3 (size before relaxing)
 .debug_str     0x000000000008b75d       0x66 src/bsp/system_stm32f1xx.o
                                      0x5427b (size before relaxing)
 .debug_str     0x000000000008b7c3       0x39 src/bsp/startup/startup_stm32f103c8tx.o
                                         0x74 (size before relaxing)
 .debug_str     0x000000000008b7fc       0x8d src/hw/driver/i2c.o
                                      0x8aca8 (size before relaxing)
 .debug_str     0x000000000008b889       0x8a src/hw/driver/led.o
                                      0x8a85c (size before relaxing)
 .debug_str     0x000000000008b913       0x88 src/hw/driver/motor.o
                                      0x8ae22 (size before relaxing)
 .debug_str     0x000000000008b99b      0x7d4 src/hw/driver/mpu9250.o
                                      0x8b430 (size before relaxing)
 .debug_str     0x000000000008c16f      0x153 src/hw/driver/nrf24l01.o
                                      0x8b2fc (size before relaxing)
 .debug_str     0x000000000008c2c2       0x50 src/hw/driver/spi.o
                                      0x8abff (size before relaxing)
 .debug_str     0x000000000008c312      0x129 src/hw/driver/tim.o
                                      0x8addf (size before relaxing)
 .debug_str     0x000000000008c43b      0x397 src/hw/driver/uart.o
                                      0x8b00e (size before relaxing)
 .debug_str     0x000000000008c7d2       0x16 src/hw/hw.o
                                      0x8b843 (size before relaxing)
 .debug_str     0x000000000008c7e8      0x2f6 src/lib/cube_fw103/Drivers/STM32F1xx_HAL_Driver/Src/stm32f1xx_hal.o
                                      0x8632d (size before relaxing)
 .debug_str     0x000000000008cade      0x313 src/lib/cube_fw103/Drivers/STM32F1xx_HAL_Driver/Src/stm32f1xx_hal_cortex.o
                                      0x86335 (size before relaxing)
 .debug_str     0x000000000008cdf1      0x248 src/lib/cube_fw103/Drivers/STM32F1xx_HAL_Driver/Src/stm32f1xx_hal_dma.o
                                      0x86077 (size before relaxing)
 .debug_str     0x000000000008d039      0x324 src/lib/cube_fw103/Drivers/STM32F1xx_HAL_Driver/Src/stm32f1xx_hal_gpio.o
                                      0x86060 (size before relaxing)
 .debug_str     0x000000000008d35d      0xb5f src/lib/cube_fw103/Drivers/STM32F1xx_HAL_Driver/Src/stm32f1xx_hal_i2c.o
                                      0x86cd8 (size before relaxing)
 .debug_str     0x000000000008debc      0x257 src/lib/cube_fw103/Drivers/STM32F1xx_HAL_Driver/Src/stm32f1xx_hal_rcc.o
                                      0x86099 (size before relaxing)
 .debug_str     0x000000000008e113      0x541 src/lib/cube_fw103/Drivers/STM32F1xx_HAL_Driver/Src/stm32f1xx_hal_spi.o
                                      0x865a1 (size before relaxing)
 .debug_str     0x000000000008e654      0xded src/lib/cube_fw103/Drivers/STM32F1xx_HAL_Driver/Src/stm32f1xx_hal_tim.o
                                      0x8706b (size before relaxing)
 .debug_str     0x000000000008f441      0x52a src/lib/cube_fw103/Drivers/STM32F1xx_HAL_Driver/Src/stm32f1xx_hal_tim_ex.o
                                      0x86845 (size before relaxing)
 .debug_str     0x000000000008f96b      0x502 src/lib/cube_fw103/Drivers/STM32F1xx_HAL_Driver/Src/stm32f1xx_hal_uart.o
                                      0x8659f (size before relaxing)
 .debug_str     0x000000000008fe6d       0x13 src/main.o
                                      0x8b85b (size before relaxing)

.comment        0x0000000000000000       0x53
 .comment       0x0000000000000000       0x53 src/ap/ap.o
                                         0x54 (size before relaxing)
 .comment       0x0000000000000053       0x54 src/bsp/bsp.o
 .comment       0x0000000000000053       0x54 src/bsp/stm32f1xx_hal_msp.o
 .comment       0x0000000000000053       0x54 src/bsp/stm32f1xx_it.o
 .comment       0x0000000000000053       0x54 src/bsp/system_stm32f1xx.o
 .comment       0x0000000000000053       0x54 src/hw/driver/i2c.o
 .comment       0x0000000000000053       0x54 src/hw/driver/led.o
 .comment       0x0000000000000053       0x54 src/hw/driver/motor.o
 .comment       0x0000000000000053       0x54 src/hw/driver/mpu9250.o
 .comment       0x0000000000000053       0x54 src/hw/driver/nrf24l01.o
 .comment       0x0000000000000053       0x54 src/hw/driver/spi.o
 .comment       0x0000000000000053       0x54 src/hw/driver/tim.o
 .comment       0x0000000000000053       0x54 src/hw/driver/uart.o
 .comment       0x0000000000000053       0x54 src/hw/hw.o
 .comment       0x0000000000000053       0x54 src/lib/cube_fw103/Drivers/STM32F1xx_HAL_Driver/Src/stm32f1xx_hal.o
 .comment       0x0000000000000053       0x54 src/lib/cube_fw103/Drivers/STM32F1xx_HAL_Driver/Src/stm32f1xx_hal_cortex.o
 .comment       0x0000000000000053       0x54 src/lib/cube_fw103/Drivers/STM32F1xx_HAL_Driver/Src/stm32f1xx_hal_dma.o
 .comment       0x0000000000000053       0x54 src/lib/cube_fw103/Drivers/STM32F1xx_HAL_Driver/Src/stm32f1xx_hal_gpio.o
 .comment       0x0000000000000053       0x54 src/lib/cube_fw103/Drivers/STM32F1xx_HAL_Driver/Src/stm32f1xx_hal_i2c.o
 .comment       0x0000000000000053       0x54 src/lib/cube_fw103/Drivers/STM32F1xx_HAL_Driver/Src/stm32f1xx_hal_rcc.o
 .comment       0x0000000000000053       0x54 src/lib/cube_fw103/Drivers/STM32F1xx_HAL_Driver/Src/stm32f1xx_hal_spi.o
 .comment       0x0000000000000053       0x54 src/lib/cube_fw103/Drivers/STM32F1xx_HAL_Driver/Src/stm32f1xx_hal_tim.o
 .comment       0x0000000000000053       0x54 src/lib/cube_fw103/Drivers/STM32F1xx_HAL_Driver/Src/stm32f1xx_hal_tim_ex.o
 .comment       0x0000000000000053       0x54 src/lib/cube_fw103/Drivers/STM32F1xx_HAL_Driver/Src/stm32f1xx_hal_uart.o
 .comment       0x0000000000000053       0x54 src/main.o

.debug_frame    0x0000000000000000     0x4d9c
 .debug_frame   0x0000000000000000       0x4c src/ap/ap.o
 .debug_frame   0x000000000000004c       0xb0 src/bsp/bsp.o
 .debug_frame   0x00000000000000fc       0x38 src/bsp/stm32f1xx_hal_msp.o
 .debug_frame   0x0000000000000134      0x13c src/bsp/stm32f1xx_it.o
 .debug_frame   0x0000000000000270       0x58 src/bsp/system_stm32f1xx.o
 .debug_frame   0x00000000000002c8       0x74 src/hw/driver/i2c.o
 .debug_frame   0x000000000000033c       0xa0 src/hw/driver/led.o
 .debug_frame   0x00000000000003dc       0xc0 src/hw/driver/motor.o
 .debug_frame   0x000000000000049c      0x260 src/hw/driver/mpu9250.o
 .debug_frame   0x00000000000006fc      0x1b8 src/hw/driver/nrf24l01.o
 .debug_frame   0x00000000000008b4       0x74 src/hw/driver/spi.o
 .debug_frame   0x0000000000000928       0xa8 src/hw/driver/tim.o
 .debug_frame   0x00000000000009d0      0x1c0 src/hw/driver/uart.o
 .debug_frame   0x0000000000000b90       0x2c src/hw/hw.o
 .debug_frame   0x0000000000000bbc      0x334 src/lib/cube_fw103/Drivers/STM32F1xx_HAL_Driver/Src/stm32f1xx_hal.o
 .debug_frame   0x0000000000000ef0      0x428 src/lib/cube_fw103/Drivers/STM32F1xx_HAL_Driver/Src/stm32f1xx_hal_cortex.o
 .debug_frame   0x0000000000001318      0x208 src/lib/cube_fw103/Drivers/STM32F1xx_HAL_Driver/Src/stm32f1xx_hal_dma.o
 .debug_frame   0x0000000000001520      0x14c src/lib/cube_fw103/Drivers/STM32F1xx_HAL_Driver/Src/stm32f1xx_hal_gpio.o
 .debug_frame   0x000000000000166c      0xc54 src/lib/cube_fw103/Drivers/STM32F1xx_HAL_Driver/Src/stm32f1xx_hal_i2c.o
 .debug_frame   0x00000000000022c0      0x21c src/lib/cube_fw103/Drivers/STM32F1xx_HAL_Driver/Src/stm32f1xx_hal_rcc.o
 .debug_frame   0x00000000000024dc      0x824 src/lib/cube_fw103/Drivers/STM32F1xx_HAL_Driver/Src/stm32f1xx_hal_spi.o
 .debug_frame   0x0000000000002d00     0x11b8 src/lib/cube_fw103/Drivers/STM32F1xx_HAL_Driver/Src/stm32f1xx_hal_tim.o
 .debug_frame   0x0000000000003eb8      0x638 src/lib/cube_fw103/Drivers/STM32F1xx_HAL_Driver/Src/stm32f1xx_hal_tim_ex.o
 .debug_frame   0x00000000000044f0      0x834 src/lib/cube_fw103/Drivers/STM32F1xx_HAL_Driver/Src/stm32f1xx_hal_uart.o
 .debug_frame   0x0000000000004d24       0x2c src/main.o
 .debug_frame   0x0000000000004d50       0x2c c:/st/stm32cubeide_1.6.0/stm32cubeide/plugins/com.st.stm32cube.ide.mcu.externaltools.gnu-tools-for-stm32.9-2020-q2-update.win32_1.5.0.202011040924/tools/bin/../lib/gcc/arm-none-eabi/9.3.1/../../../../arm-none-eabi/lib/thumb/v7-m/nofp\libc_nano.a(lib_a-init.o)
 .debug_frame   0x0000000000004d7c       0x20 c:/st/stm32cubeide_1.6.0/stm32cubeide/plugins/com.st.stm32cube.ide.mcu.externaltools.gnu-tools-for-stm32.9-2020-q2-update.win32_1.5.0.202011040924/tools/bin/../lib/gcc/arm-none-eabi/9.3.1/../../../../arm-none-eabi/lib/thumb/v7-m/nofp\libc_nano.a(lib_a-memset.o)
