02:11:08 **** Build of configuration Debug for project stm32_f103 ****
make -j4 all 
arm-none-eabi-gcc "../src/lib/cube_fw103/Drivers/STM32F1xx_HAL_Driver/Src/stm32f1xx_hal.c" -mcpu=cortex-m3 -std=gnu11 -g3 -DSTM32F103xB -c -I"C:/STM32 Coding files/exam_fw103/exam_arm/stm32_f103/src" -I"C:/STM32 Coding files/exam_fw103/exam_arm/stm32_f103/src/ap" -I"C:/STM32 Coding files/exam_fw103/exam_arm/stm32_f103/src/bsp" -I"C:/STM32 Coding files/exam_fw103/exam_arm/stm32_f103/src/common" -I"C:/STM32 Coding files/exam_fw103/exam_arm/stm32_f103/src/hw" -I"C:/STM32 Coding files/exam_fw103/exam_arm/stm32_f103/src/lib" -I"C:/STM32 Coding files/exam_fw103/exam_arm/stm32_f103/src/lib/cube_fw103/Drivers/CMSIS/Device/ST/STM32F1xx/Include" -I"C:/STM32 Coding files/exam_fw103/exam_arm/stm32_f103/src/lib/cube_fw103/Drivers/CMSIS/Include" -I"C:/STM32 Coding files/exam_fw103/exam_arm/stm32_f103/src/lib/cube_fw103/Drivers/STM32F1xx_HAL_Driver/Inc" -I"C:/STM32 Coding files/exam_fw103/exam_arm/stm32_f103/src/common/hw/include" -I"C:/STM32 Coding files/exam_fw103/exam_arm/stm32_f103/src/common/core" -O0 -ffunction-sections -fdata-sections -Wall -fstack-usage -MMD -MP -MF"src/lib/cube_fw103/Drivers/STM32F1xx_HAL_Driver/Src/stm32f1xx_hal.d" -MT"src/lib/cube_fw103/Drivers/STM32F1xx_HAL_Driver/Src/stm32f1xx_hal.o" --specs=nano.specs -mfloat-abi=soft -mthumb -o "src/lib/cube_fw103/Drivers/STM32F1xx_HAL_Driver/Src/stm32f1xx_hal.o"
arm-none-eabi-gcc "../src/lib/cube_fw103/Drivers/STM32F1xx_HAL_Driver/Src/stm32f1xx_hal_cortex.c" -mcpu=cortex-m3 -std=gnu11 -g3 -DSTM32F103xB -c -I"C:/STM32 Coding files/exam_fw103/exam_arm/stm32_f103/src" -I"C:/STM32 Coding files/exam_fw103/exam_arm/stm32_f103/src/ap" -I"C:/STM32 Coding files/exam_fw103/exam_arm/stm32_f103/src/bsp" -I"C:/STM32 Coding files/exam_fw103/exam_arm/stm32_f103/src/common" -I"C:/STM32 Coding files/exam_fw103/exam_arm/stm32_f103/src/hw" -I"C:/STM32 Coding files/exam_fw103/exam_arm/stm32_f103/src/lib" -I"C:/STM32 Coding files/exam_fw103/exam_arm/stm32_f103/src/lib/cube_fw103/Drivers/CMSIS/Device/ST/STM32F1xx/Include" -I"C:/STM32 Coding files/exam_fw103/exam_arm/stm32_f103/src/lib/cube_fw103/Drivers/CMSIS/Include" -I"C:/STM32 Coding files/exam_fw103/exam_arm/stm32_f103/src/lib/cube_fw103/Drivers/STM32F1xx_HAL_Driver/Inc" -I"C:/STM32 Coding files/exam_fw103/exam_arm/stm32_f103/src/common/hw/include" -I"C:/STM32 Coding files/exam_fw103/exam_arm/stm32_f103/src/common/core" -O0 -ffunction-sections -fdata-sections -Wall -fstack-usage -MMD -MP -MF"src/lib/cube_fw103/Drivers/STM32F1xx_HAL_Driver/Src/stm32f1xx_hal_cortex.d" -MT"src/lib/cube_fw103/Drivers/STM32F1xx_HAL_Driver/Src/stm32f1xx_hal_cortex.o" --specs=nano.specs -mfloat-abi=soft -mthumb -o "src/lib/cube_fw103/Drivers/STM32F1xx_HAL_Driver/Src/stm32f1xx_hal_cortex.o"
arm-none-eabi-gcc "../src/lib/cube_fw103/Drivers/STM32F1xx_HAL_Driver/Src/stm32f1xx_hal_dma.c" -mcpu=cortex-m3 -std=gnu11 -g3 -DSTM32F103xB -c -I"C:/STM32 Coding files/exam_fw103/exam_arm/stm32_f103/src" -I"C:/STM32 Coding files/exam_fw103/exam_arm/stm32_f103/src/ap" -I"C:/STM32 Coding files/exam_fw103/exam_arm/stm32_f103/src/bsp" -I"C:/STM32 Coding files/exam_fw103/exam_arm/stm32_f103/src/common" -I"C:/STM32 Coding files/exam_fw103/exam_arm/stm32_f103/src/hw" -I"C:/STM32 Coding files/exam_fw103/exam_arm/stm32_f103/src/lib" -I"C:/STM32 Coding files/exam_fw103/exam_arm/stm32_f103/src/lib/cube_fw103/Drivers/CMSIS/Device/ST/STM32F1xx/Include" -I"C:/STM32 Coding files/exam_fw103/exam_arm/stm32_f103/src/lib/cube_fw103/Drivers/CMSIS/Include" -I"C:/STM32 Coding files/exam_fw103/exam_arm/stm32_f103/src/lib/cube_fw103/Drivers/STM32F1xx_HAL_Driver/Inc" -I"C:/STM32 Coding files/exam_fw103/exam_arm/stm32_f103/src/common/hw/include" -I"C:/STM32 Coding files/exam_fw103/exam_arm/stm32_f103/src/common/core" -O0 -ffunction-sections -fdata-sections -Wall -fstack-usage -MMD -MP -MF"src/lib/cube_fw103/Drivers/STM32F1xx_HAL_Driver/Src/stm32f1xx_hal_dma.d" -MT"src/lib/cube_fw103/Drivers/STM32F1xx_HAL_Driver/Src/stm32f1xx_hal_dma.o" --specs=nano.specs -mfloat-abi=soft -mthumb -o "src/lib/cube_fw103/Drivers/STM32F1xx_HAL_Driver/Src/stm32f1xx_hal_dma.o"
arm-none-eabi-gcc "../src/lib/cube_fw103/Drivers/STM32F1xx_HAL_Driver/Src/stm32f1xx_hal_exti.c" -mcpu=cortex-m3 -std=gnu11 -g3 -DSTM32F103xB -c -I"C:/STM32 Coding files/exam_fw103/exam_arm/stm32_f103/src" -I"C:/STM32 Coding files/exam_fw103/exam_arm/stm32_f103/src/ap" -I"C:/STM32 Coding files/exam_fw103/exam_arm/stm32_f103/src/bsp" -I"C:/STM32 Coding files/exam_fw103/exam_arm/stm32_f103/src/common" -I"C:/STM32 Coding files/exam_fw103/exam_arm/stm32_f103/src/hw" -I"C:/STM32 Coding files/exam_fw103/exam_arm/stm32_f103/src/lib" -I"C:/STM32 Coding files/exam_fw103/exam_arm/stm32_f103/src/lib/cube_fw103/Drivers/CMSIS/Device/ST/STM32F1xx/Include" -I"C:/STM32 Coding files/exam_fw103/exam_arm/stm32_f103/src/lib/cube_fw103/Drivers/CMSIS/Include" -I"C:/STM32 Coding files/exam_fw103/exam_arm/stm32_f103/src/lib/cube_fw103/Drivers/STM32F1xx_HAL_Driver/Inc" -I"C:/STM32 Coding files/exam_fw103/exam_arm/stm32_f103/src/common/hw/include" -I"C:/STM32 Coding files/exam_fw103/exam_arm/stm32_f103/src/common/core" -O0 -ffunction-sections -fdata-sections -Wall -fstack-usage -MMD -MP -MF"src/lib/cube_fw103/Drivers/STM32F1xx_HAL_Driver/Src/stm32f1xx_hal_exti.d" -MT"src/lib/cube_fw103/Drivers/STM32F1xx_HAL_Driver/Src/stm32f1xx_hal_exti.o" --specs=nano.specs -mfloat-abi=soft -mthumb -o "src/lib/cube_fw103/Drivers/STM32F1xx_HAL_Driver/Src/stm32f1xx_hal_exti.o"
arm-none-eabi-gcc "../src/lib/cube_fw103/Drivers/STM32F1xx_HAL_Driver/Src/stm32f1xx_hal_flash.c" -mcpu=cortex-m3 -std=gnu11 -g3 -DSTM32F103xB -c -I"C:/STM32 Coding files/exam_fw103/exam_arm/stm32_f103/src" -I"C:/STM32 Coding files/exam_fw103/exam_arm/stm32_f103/src/ap" -I"C:/STM32 Coding files/exam_fw103/exam_arm/stm32_f103/src/bsp" -I"C:/STM32 Coding files/exam_fw103/exam_arm/stm32_f103/src/common" -I"C:/STM32 Coding files/exam_fw103/exam_arm/stm32_f103/src/hw" -I"C:/STM32 Coding files/exam_fw103/exam_arm/stm32_f103/src/lib" -I"C:/STM32 Coding files/exam_fw103/exam_arm/stm32_f103/src/lib/cube_fw103/Drivers/CMSIS/Device/ST/STM32F1xx/Include" -I"C:/STM32 Coding files/exam_fw103/exam_arm/stm32_f103/src/lib/cube_fw103/Drivers/CMSIS/Include" -I"C:/STM32 Coding files/exam_fw103/exam_arm/stm32_f103/src/lib/cube_fw103/Drivers/STM32F1xx_HAL_Driver/Inc" -I"C:/STM32 Coding files/exam_fw103/exam_arm/stm32_f103/src/common/hw/include" -I"C:/STM32 Coding files/exam_fw103/exam_arm/stm32_f103/src/common/core" -O0 -ffunction-sections -fdata-sections -Wall -fstack-usage -MMD -MP -MF"src/lib/cube_fw103/Drivers/STM32F1xx_HAL_Driver/Src/stm32f1xx_hal_flash.d" -MT"src/lib/cube_fw103/Drivers/STM32F1xx_HAL_Driver/Src/stm32f1xx_hal_flash.o" --specs=nano.specs -mfloat-abi=soft -mthumb -o "src/lib/cube_fw103/Drivers/STM32F1xx_HAL_Driver/Src/stm32f1xx_hal_flash.o"
arm-none-eabi-gcc "../src/lib/cube_fw103/Drivers/STM32F1xx_HAL_Driver/Src/stm32f1xx_hal_flash_ex.c" -mcpu=cortex-m3 -std=gnu11 -g3 -DSTM32F103xB -c -I"C:/STM32 Coding files/exam_fw103/exam_arm/stm32_f103/src" -I"C:/STM32 Coding files/exam_fw103/exam_arm/stm32_f103/src/ap" -I"C:/STM32 Coding files/exam_fw103/exam_arm/stm32_f103/src/bsp" -I"C:/STM32 Coding files/exam_fw103/exam_arm/stm32_f103/src/common" -I"C:/STM32 Coding files/exam_fw103/exam_arm/stm32_f103/src/hw" -I"C:/STM32 Coding files/exam_fw103/exam_arm/stm32_f103/src/lib" -I"C:/STM32 Coding files/exam_fw103/exam_arm/stm32_f103/src/lib/cube_fw103/Drivers/CMSIS/Device/ST/STM32F1xx/Include" -I"C:/STM32 Coding files/exam_fw103/exam_arm/stm32_f103/src/lib/cube_fw103/Drivers/CMSIS/Include" -I"C:/STM32 Coding files/exam_fw103/exam_arm/stm32_f103/src/lib/cube_fw103/Drivers/STM32F1xx_HAL_Driver/Inc" -I"C:/STM32 Coding files/exam_fw103/exam_arm/stm32_f103/src/common/hw/include" -I"C:/STM32 Coding files/exam_fw103/exam_arm/stm32_f103/src/common/core" -O0 -ffunction-sections -fdata-sections -Wall -fstack-usage -MMD -MP -MF"src/lib/cube_fw103/Drivers/STM32F1xx_HAL_Driver/Src/stm32f1xx_hal_flash_ex.d" -MT"src/lib/cube_fw103/Drivers/STM32F1xx_HAL_Driver/Src/stm32f1xx_hal_flash_ex.o" --specs=nano.specs -mfloat-abi=soft -mthumb -o "src/lib/cube_fw103/Drivers/STM32F1xx_HAL_Driver/Src/stm32f1xx_hal_flash_ex.o"
arm-none-eabi-gcc "../src/lib/cube_fw103/Drivers/STM32F1xx_HAL_Driver/Src/stm32f1xx_hal_gpio.c" -mcpu=cortex-m3 -std=gnu11 -g3 -DSTM32F103xB -c -I"C:/STM32 Coding files/exam_fw103/exam_arm/stm32_f103/src" -I"C:/STM32 Coding files/exam_fw103/exam_arm/stm32_f103/src/ap" -I"C:/STM32 Coding files/exam_fw103/exam_arm/stm32_f103/src/bsp" -I"C:/STM32 Coding files/exam_fw103/exam_arm/stm32_f103/src/common" -I"C:/STM32 Coding files/exam_fw103/exam_arm/stm32_f103/src/hw" -I"C:/STM32 Coding files/exam_fw103/exam_arm/stm32_f103/src/lib" -I"C:/STM32 Coding files/exam_fw103/exam_arm/stm32_f103/src/lib/cube_fw103/Drivers/CMSIS/Device/ST/STM32F1xx/Include" -I"C:/STM32 Coding files/exam_fw103/exam_arm/stm32_f103/src/lib/cube_fw103/Drivers/CMSIS/Include" -I"C:/STM32 Coding files/exam_fw103/exam_arm/stm32_f103/src/lib/cube_fw103/Drivers/STM32F1xx_HAL_Driver/Inc" -I"C:/STM32 Coding files/exam_fw103/exam_arm/stm32_f103/src/common/hw/include" -I"C:/STM32 Coding files/exam_fw103/exam_arm/stm32_f103/src/common/core" -O0 -ffunction-sections -fdata-sections -Wall -fstack-usage -MMD -MP -MF"src/lib/cube_fw103/Drivers/STM32F1xx_HAL_Driver/Src/stm32f1xx_hal_gpio.d" -MT"src/lib/cube_fw103/Drivers/STM32F1xx_HAL_Driver/Src/stm32f1xx_hal_gpio.o" --specs=nano.specs -mfloat-abi=soft -mthumb -o "src/lib/cube_fw103/Drivers/STM32F1xx_HAL_Driver/Src/stm32f1xx_hal_gpio.o"
arm-none-eabi-gcc "../src/lib/cube_fw103/Drivers/STM32F1xx_HAL_Driver/Src/stm32f1xx_hal_gpio_ex.c" -mcpu=cortex-m3 -std=gnu11 -g3 -DSTM32F103xB -c -I"C:/STM32 Coding files/exam_fw103/exam_arm/stm32_f103/src" -I"C:/STM32 Coding files/exam_fw103/exam_arm/stm32_f103/src/ap" -I"C:/STM32 Coding files/exam_fw103/exam_arm/stm32_f103/src/bsp" -I"C:/STM32 Coding files/exam_fw103/exam_arm/stm32_f103/src/common" -I"C:/STM32 Coding files/exam_fw103/exam_arm/stm32_f103/src/hw" -I"C:/STM32 Coding files/exam_fw103/exam_arm/stm32_f103/src/lib" -I"C:/STM32 Coding files/exam_fw103/exam_arm/stm32_f103/src/lib/cube_fw103/Drivers/CMSIS/Device/ST/STM32F1xx/Include" -I"C:/STM32 Coding files/exam_fw103/exam_arm/stm32_f103/src/lib/cube_fw103/Drivers/CMSIS/Include" -I"C:/STM32 Coding files/exam_fw103/exam_arm/stm32_f103/src/lib/cube_fw103/Drivers/STM32F1xx_HAL_Driver/Inc" -I"C:/STM32 Coding files/exam_fw103/exam_arm/stm32_f103/src/common/hw/include" -I"C:/STM32 Coding files/exam_fw103/exam_arm/stm32_f103/src/common/core" -O0 -ffunction-sections -fdata-sections -Wall -fstack-usage -MMD -MP -MF"src/lib/cube_fw103/Drivers/STM32F1xx_HAL_Driver/Src/stm32f1xx_hal_gpio_ex.d" -MT"src/lib/cube_fw103/Drivers/STM32F1xx_HAL_Driver/Src/stm32f1xx_hal_gpio_ex.o" --specs=nano.specs -mfloat-abi=soft -mthumb -o "src/lib/cube_fw103/Drivers/STM32F1xx_HAL_Driver/Src/stm32f1xx_hal_gpio_ex.o"
arm-none-eabi-gcc "../src/lib/cube_fw103/Drivers/STM32F1xx_HAL_Driver/Src/stm32f1xx_hal_i2c.c" -mcpu=cortex-m3 -std=gnu11 -g3 -DSTM32F103xB -c -I"C:/STM32 Coding files/exam_fw103/exam_arm/stm32_f103/src" -I"C:/STM32 Coding files/exam_fw103/exam_arm/stm32_f103/src/ap" -I"C:/STM32 Coding files/exam_fw103/exam_arm/stm32_f103/src/bsp" -I"C:/STM32 Coding files/exam_fw103/exam_arm/stm32_f103/src/common" -I"C:/STM32 Coding files/exam_fw103/exam_arm/stm32_f103/src/hw" -I"C:/STM32 Coding files/exam_fw103/exam_arm/stm32_f103/src/lib" -I"C:/STM32 Coding files/exam_fw103/exam_arm/stm32_f103/src/lib/cube_fw103/Drivers/CMSIS/Device/ST/STM32F1xx/Include" -I"C:/STM32 Coding files/exam_fw103/exam_arm/stm32_f103/src/lib/cube_fw103/Drivers/CMSIS/Include" -I"C:/STM32 Coding files/exam_fw103/exam_arm/stm32_f103/src/lib/cube_fw103/Drivers/STM32F1xx_HAL_Driver/Inc" -I"C:/STM32 Coding files/exam_fw103/exam_arm/stm32_f103/src/common/hw/include" -I"C:/STM32 Coding files/exam_fw103/exam_arm/stm32_f103/src/common/core" -O0 -ffunction-sections -fdata-sections -Wall -fstack-usage -MMD -MP -MF"src/lib/cube_fw103/Drivers/STM32F1xx_HAL_Driver/Src/stm32f1xx_hal_i2c.d" -MT"src/lib/cube_fw103/Drivers/STM32F1xx_HAL_Driver/Src/stm32f1xx_hal_i2c.o" --specs=nano.specs -mfloat-abi=soft -mthumb -o "src/lib/cube_fw103/Drivers/STM32F1xx_HAL_Driver/Src/stm32f1xx_hal_i2c.o"
arm-none-eabi-gcc "../src/lib/cube_fw103/Drivers/STM32F1xx_HAL_Driver/Src/stm32f1xx_hal_pwr.c" -mcpu=cortex-m3 -std=gnu11 -g3 -DSTM32F103xB -c -I"C:/STM32 Coding files/exam_fw103/exam_arm/stm32_f103/src" -I"C:/STM32 Coding files/exam_fw103/exam_arm/stm32_f103/src/ap" -I"C:/STM32 Coding files/exam_fw103/exam_arm/stm32_f103/src/bsp" -I"C:/STM32 Coding files/exam_fw103/exam_arm/stm32_f103/src/common" -I"C:/STM32 Coding files/exam_fw103/exam_arm/stm32_f103/src/hw" -I"C:/STM32 Coding files/exam_fw103/exam_arm/stm32_f103/src/lib" -I"C:/STM32 Coding files/exam_fw103/exam_arm/stm32_f103/src/lib/cube_fw103/Drivers/CMSIS/Device/ST/STM32F1xx/Include" -I"C:/STM32 Coding files/exam_fw103/exam_arm/stm32_f103/src/lib/cube_fw103/Drivers/CMSIS/Include" -I"C:/STM32 Coding files/exam_fw103/exam_arm/stm32_f103/src/lib/cube_fw103/Drivers/STM32F1xx_HAL_Driver/Inc" -I"C:/STM32 Coding files/exam_fw103/exam_arm/stm32_f103/src/common/hw/include" -I"C:/STM32 Coding files/exam_fw103/exam_arm/stm32_f103/src/common/core" -O0 -ffunction-sections -fdata-sections -Wall -fstack-usage -MMD -MP -MF"src/lib/cube_fw103/Drivers/STM32F1xx_HAL_Driver/Src/stm32f1xx_hal_pwr.d" -MT"src/lib/cube_fw103/Drivers/STM32F1xx_HAL_Driver/Src/stm32f1xx_hal_pwr.o" --specs=nano.specs -mfloat-abi=soft -mthumb -o "src/lib/cube_fw103/Drivers/STM32F1xx_HAL_Driver/Src/stm32f1xx_hal_pwr.o"
arm-none-eabi-gcc "../src/lib/cube_fw103/Drivers/STM32F1xx_HAL_Driver/Src/stm32f1xx_hal_rcc.c" -mcpu=cortex-m3 -std=gnu11 -g3 -DSTM32F103xB -c -I"C:/STM32 Coding files/exam_fw103/exam_arm/stm32_f103/src" -I"C:/STM32 Coding files/exam_fw103/exam_arm/stm32_f103/src/ap" -I"C:/STM32 Coding files/exam_fw103/exam_arm/stm32_f103/src/bsp" -I"C:/STM32 Coding files/exam_fw103/exam_arm/stm32_f103/src/common" -I"C:/STM32 Coding files/exam_fw103/exam_arm/stm32_f103/src/hw" -I"C:/STM32 Coding files/exam_fw103/exam_arm/stm32_f103/src/lib" -I"C:/STM32 Coding files/exam_fw103/exam_arm/stm32_f103/src/lib/cube_fw103/Drivers/CMSIS/Device/ST/STM32F1xx/Include" -I"C:/STM32 Coding files/exam_fw103/exam_arm/stm32_f103/src/lib/cube_fw103/Drivers/CMSIS/Include" -I"C:/STM32 Coding files/exam_fw103/exam_arm/stm32_f103/src/lib/cube_fw103/Drivers/STM32F1xx_HAL_Driver/Inc" -I"C:/STM32 Coding files/exam_fw103/exam_arm/stm32_f103/src/common/hw/include" -I"C:/STM32 Coding files/exam_fw103/exam_arm/stm32_f103/src/common/core" -O0 -ffunction-sections -fdata-sections -Wall -fstack-usage -MMD -MP -MF"src/lib/cube_fw103/Drivers/STM32F1xx_HAL_Driver/Src/stm32f1xx_hal_rcc.d" -MT"src/lib/cube_fw103/Drivers/STM32F1xx_HAL_Driver/Src/stm32f1xx_hal_rcc.o" --specs=nano.specs -mfloat-abi=soft -mthumb -o "src/lib/cube_fw103/Drivers/STM32F1xx_HAL_Driver/Src/stm32f1xx_hal_rcc.o"
arm-none-eabi-gcc "../src/lib/cube_fw103/Drivers/STM32F1xx_HAL_Driver/Src/stm32f1xx_hal_rcc_ex.c" -mcpu=cortex-m3 -std=gnu11 -g3 -DSTM32F103xB -c -I"C:/STM32 Coding files/exam_fw103/exam_arm/stm32_f103/src" -I"C:/STM32 Coding files/exam_fw103/exam_arm/stm32_f103/src/ap" -I"C:/STM32 Coding files/exam_fw103/exam_arm/stm32_f103/src/bsp" -I"C:/STM32 Coding files/exam_fw103/exam_arm/stm32_f103/src/common" -I"C:/STM32 Coding files/exam_fw103/exam_arm/stm32_f103/src/hw" -I"C:/STM32 Coding files/exam_fw103/exam_arm/stm32_f103/src/lib" -I"C:/STM32 Coding files/exam_fw103/exam_arm/stm32_f103/src/lib/cube_fw103/Drivers/CMSIS/Device/ST/STM32F1xx/Include" -I"C:/STM32 Coding files/exam_fw103/exam_arm/stm32_f103/src/lib/cube_fw103/Drivers/CMSIS/Include" -I"C:/STM32 Coding files/exam_fw103/exam_arm/stm32_f103/src/lib/cube_fw103/Drivers/STM32F1xx_HAL_Driver/Inc" -I"C:/STM32 Coding files/exam_fw103/exam_arm/stm32_f103/src/common/hw/include" -I"C:/STM32 Coding files/exam_fw103/exam_arm/stm32_f103/src/common/core" -O0 -ffunction-sections -fdata-sections -Wall -fstack-usage -MMD -MP -MF"src/lib/cube_fw103/Drivers/STM32F1xx_HAL_Driver/Src/stm32f1xx_hal_rcc_ex.d" -MT"src/lib/cube_fw103/Drivers/STM32F1xx_HAL_Driver/Src/stm32f1xx_hal_rcc_ex.o" --specs=nano.specs -mfloat-abi=soft -mthumb -o "src/lib/cube_fw103/Drivers/STM32F1xx_HAL_Driver/Src/stm32f1xx_hal_rcc_ex.o"
arm-none-eabi-gcc "../src/lib/cube_fw103/Drivers/STM32F1xx_HAL_Driver/Src/stm32f1xx_hal_spi.c" -mcpu=cortex-m3 -std=gnu11 -g3 -DSTM32F103xB -c -I"C:/STM32 Coding files/exam_fw103/exam_arm/stm32_f103/src" -I"C:/STM32 Coding files/exam_fw103/exam_arm/stm32_f103/src/ap" -I"C:/STM32 Coding files/exam_fw103/exam_arm/stm32_f103/src/bsp" -I"C:/STM32 Coding files/exam_fw103/exam_arm/stm32_f103/src/common" -I"C:/STM32 Coding files/exam_fw103/exam_arm/stm32_f103/src/hw" -I"C:/STM32 Coding files/exam_fw103/exam_arm/stm32_f103/src/lib" -I"C:/STM32 Coding files/exam_fw103/exam_arm/stm32_f103/src/lib/cube_fw103/Drivers/CMSIS/Device/ST/STM32F1xx/Include" -I"C:/STM32 Coding files/exam_fw103/exam_arm/stm32_f103/src/lib/cube_fw103/Drivers/CMSIS/Include" -I"C:/STM32 Coding files/exam_fw103/exam_arm/stm32_f103/src/lib/cube_fw103/Drivers/STM32F1xx_HAL_Driver/Inc" -I"C:/STM32 Coding files/exam_fw103/exam_arm/stm32_f103/src/common/hw/include" -I"C:/STM32 Coding files/exam_fw103/exam_arm/stm32_f103/src/common/core" -O0 -ffunction-sections -fdata-sections -Wall -fstack-usage -MMD -MP -MF"src/lib/cube_fw103/Drivers/STM32F1xx_HAL_Driver/Src/stm32f1xx_hal_spi.d" -MT"src/lib/cube_fw103/Drivers/STM32F1xx_HAL_Driver/Src/stm32f1xx_hal_spi.o" --specs=nano.specs -mfloat-abi=soft -mthumb -o "src/lib/cube_fw103/Drivers/STM32F1xx_HAL_Driver/Src/stm32f1xx_hal_spi.o"
arm-none-eabi-gcc "../src/lib/cube_fw103/Drivers/STM32F1xx_HAL_Driver/Src/stm32f1xx_hal_tim.c" -mcpu=cortex-m3 -std=gnu11 -g3 -DSTM32F103xB -c -I"C:/STM32 Coding files/exam_fw103/exam_arm/stm32_f103/src" -I"C:/STM32 Coding files/exam_fw103/exam_arm/stm32_f103/src/ap" -I"C:/STM32 Coding files/exam_fw103/exam_arm/stm32_f103/src/bsp" -I"C:/STM32 Coding files/exam_fw103/exam_arm/stm32_f103/src/common" -I"C:/STM32 Coding files/exam_fw103/exam_arm/stm32_f103/src/hw" -I"C:/STM32 Coding files/exam_fw103/exam_arm/stm32_f103/src/lib" -I"C:/STM32 Coding files/exam_fw103/exam_arm/stm32_f103/src/lib/cube_fw103/Drivers/CMSIS/Device/ST/STM32F1xx/Include" -I"C:/STM32 Coding files/exam_fw103/exam_arm/stm32_f103/src/lib/cube_fw103/Drivers/CMSIS/Include" -I"C:/STM32 Coding files/exam_fw103/exam_arm/stm32_f103/src/lib/cube_fw103/Drivers/STM32F1xx_HAL_Driver/Inc" -I"C:/STM32 Coding files/exam_fw103/exam_arm/stm32_f103/src/common/hw/include" -I"C:/STM32 Coding files/exam_fw103/exam_arm/stm32_f103/src/common/core" -O0 -ffunction-sections -fdata-sections -Wall -fstack-usage -MMD -MP -MF"src/lib/cube_fw103/Drivers/STM32F1xx_HAL_Driver/Src/stm32f1xx_hal_tim.d" -MT"src/lib/cube_fw103/Drivers/STM32F1xx_HAL_Driver/Src/stm32f1xx_hal_tim.o" --specs=nano.specs -mfloat-abi=soft -mthumb -o "src/lib/cube_fw103/Drivers/STM32F1xx_HAL_Driver/Src/stm32f1xx_hal_tim.o"
arm-none-eabi-gcc "../src/lib/cube_fw103/Drivers/STM32F1xx_HAL_Driver/Src/stm32f1xx_hal_tim_ex.c" -mcpu=cortex-m3 -std=gnu11 -g3 -DSTM32F103xB -c -I"C:/STM32 Coding files/exam_fw103/exam_arm/stm32_f103/src" -I"C:/STM32 Coding files/exam_fw103/exam_arm/stm32_f103/src/ap" -I"C:/STM32 Coding files/exam_fw103/exam_arm/stm32_f103/src/bsp" -I"C:/STM32 Coding files/exam_fw103/exam_arm/stm32_f103/src/common" -I"C:/STM32 Coding files/exam_fw103/exam_arm/stm32_f103/src/hw" -I"C:/STM32 Coding files/exam_fw103/exam_arm/stm32_f103/src/lib" -I"C:/STM32 Coding files/exam_fw103/exam_arm/stm32_f103/src/lib/cube_fw103/Drivers/CMSIS/Device/ST/STM32F1xx/Include" -I"C:/STM32 Coding files/exam_fw103/exam_arm/stm32_f103/src/lib/cube_fw103/Drivers/CMSIS/Include" -I"C:/STM32 Coding files/exam_fw103/exam_arm/stm32_f103/src/lib/cube_fw103/Drivers/STM32F1xx_HAL_Driver/Inc" -I"C:/STM32 Coding files/exam_fw103/exam_arm/stm32_f103/src/common/hw/include" -I"C:/STM32 Coding files/exam_fw103/exam_arm/stm32_f103/src/common/core" -O0 -ffunction-sections -fdata-sections -Wall -fstack-usage -MMD -MP -MF"src/lib/cube_fw103/Drivers/STM32F1xx_HAL_Driver/Src/stm32f1xx_hal_tim_ex.d" -MT"src/lib/cube_fw103/Drivers/STM32F1xx_HAL_Driver/Src/stm32f1xx_hal_tim_ex.o" --specs=nano.specs -mfloat-abi=soft -mthumb -o "src/lib/cube_fw103/Drivers/STM32F1xx_HAL_Driver/Src/stm32f1xx_hal_tim_ex.o"
arm-none-eabi-gcc "../src/lib/cube_fw103/Drivers/STM32F1xx_HAL_Driver/Src/stm32f1xx_hal_uart.c" -mcpu=cortex-m3 -std=gnu11 -g3 -DSTM32F103xB -c -I"C:/STM32 Coding files/exam_fw103/exam_arm/stm32_f103/src" -I"C:/STM32 Coding files/exam_fw103/exam_arm/stm32_f103/src/ap" -I"C:/STM32 Coding files/exam_fw103/exam_arm/stm32_f103/src/bsp" -I"C:/STM32 Coding files/exam_fw103/exam_arm/stm32_f103/src/common" -I"C:/STM32 Coding files/exam_fw103/exam_arm/stm32_f103/src/hw" -I"C:/STM32 Coding files/exam_fw103/exam_arm/stm32_f103/src/lib" -I"C:/STM32 Coding files/exam_fw103/exam_arm/stm32_f103/src/lib/cube_fw103/Drivers/CMSIS/Device/ST/STM32F1xx/Include" -I"C:/STM32 Coding files/exam_fw103/exam_arm/stm32_f103/src/lib/cube_fw103/Drivers/CMSIS/Include" -I"C:/STM32 Coding files/exam_fw103/exam_arm/stm32_f103/src/lib/cube_fw103/Drivers/STM32F1xx_HAL_Driver/Inc" -I"C:/STM32 Coding files/exam_fw103/exam_arm/stm32_f103/src/common/hw/include" -I"C:/STM32 Coding files/exam_fw103/exam_arm/stm32_f103/src/common/core" -O0 -ffunction-sections -fdata-sections -Wall -fstack-usage -MMD -MP -MF"src/lib/cube_fw103/Drivers/STM32F1xx_HAL_Driver/Src/stm32f1xx_hal_uart.d" -MT"src/lib/cube_fw103/Drivers/STM32F1xx_HAL_Driver/Src/stm32f1xx_hal_uart.o" --specs=nano.specs -mfloat-abi=soft -mthumb -o "src/lib/cube_fw103/Drivers/STM32F1xx_HAL_Driver/Src/stm32f1xx_hal_uart.o"
arm-none-eabi-gcc "../src/hw/driver/i2c.c" -mcpu=cortex-m3 -std=gnu11 -g3 -DSTM32F103xB -c -I"C:/STM32 Coding files/exam_fw103/exam_arm/stm32_f103/src" -I"C:/STM32 Coding files/exam_fw103/exam_arm/stm32_f103/src/ap" -I"C:/STM32 Coding files/exam_fw103/exam_arm/stm32_f103/src/bsp" -I"C:/STM32 Coding files/exam_fw103/exam_arm/stm32_f103/src/common" -I"C:/STM32 Coding files/exam_fw103/exam_arm/stm32_f103/src/hw" -I"C:/STM32 Coding files/exam_fw103/exam_arm/stm32_f103/src/lib" -I"C:/STM32 Coding files/exam_fw103/exam_arm/stm32_f103/src/lib/cube_fw103/Drivers/CMSIS/Device/ST/STM32F1xx/Include" -I"C:/STM32 Coding files/exam_fw103/exam_arm/stm32_f103/src/lib/cube_fw103/Drivers/CMSIS/Include" -I"C:/STM32 Coding files/exam_fw103/exam_arm/stm32_f103/src/lib/cube_fw103/Drivers/STM32F1xx_HAL_Driver/Inc" -I"C:/STM32 Coding files/exam_fw103/exam_arm/stm32_f103/src/common/hw/include" -I"C:/STM32 Coding files/exam_fw103/exam_arm/stm32_f103/src/common/core" -O0 -ffunction-sections -fdata-sections -Wall -fstack-usage -MMD -MP -MF"src/hw/driver/i2c.d" -MT"src/hw/driver/i2c.o" --specs=nano.specs -mfloat-abi=soft -mthumb -o "src/hw/driver/i2c.o"
arm-none-eabi-gcc "../src/hw/driver/led.c" -mcpu=cortex-m3 -std=gnu11 -g3 -DSTM32F103xB -c -I"C:/STM32 Coding files/exam_fw103/exam_arm/stm32_f103/src" -I"C:/STM32 Coding files/exam_fw103/exam_arm/stm32_f103/src/ap" -I"C:/STM32 Coding files/exam_fw103/exam_arm/stm32_f103/src/bsp" -I"C:/STM32 Coding files/exam_fw103/exam_arm/stm32_f103/src/common" -I"C:/STM32 Coding files/exam_fw103/exam_arm/stm32_f103/src/hw" -I"C:/STM32 Coding files/exam_fw103/exam_arm/stm32_f103/src/lib" -I"C:/STM32 Coding files/exam_fw103/exam_arm/stm32_f103/src/lib/cube_fw103/Drivers/CMSIS/Device/ST/STM32F1xx/Include" -I"C:/STM32 Coding files/exam_fw103/exam_arm/stm32_f103/src/lib/cube_fw103/Drivers/CMSIS/Include" -I"C:/STM32 Coding files/exam_fw103/exam_arm/stm32_f103/src/lib/cube_fw103/Drivers/STM32F1xx_HAL_Driver/Inc" -I"C:/STM32 Coding files/exam_fw103/exam_arm/stm32_f103/src/common/hw/include" -I"C:/STM32 Coding files/exam_fw103/exam_arm/stm32_f103/src/common/core" -O0 -ffunction-sections -fdata-sections -Wall -fstack-usage -MMD -MP -MF"src/hw/driver/led.d" -MT"src/hw/driver/led.o" --specs=nano.specs -mfloat-abi=soft -mthumb -o "src/hw/driver/led.o"
arm-none-eabi-gcc "../src/hw/driver/motor.c" -mcpu=cortex-m3 -std=gnu11 -g3 -DSTM32F103xB -c -I"C:/STM32 Coding files/exam_fw103/exam_arm/stm32_f103/src" -I"C:/STM32 Coding files/exam_fw103/exam_arm/stm32_f103/src/ap" -I"C:/STM32 Coding files/exam_fw103/exam_arm/stm32_f103/src/bsp" -I"C:/STM32 Coding files/exam_fw103/exam_arm/stm32_f103/src/common" -I"C:/STM32 Coding files/exam_fw103/exam_arm/stm32_f103/src/hw" -I"C:/STM32 Coding files/exam_fw103/exam_arm/stm32_f103/src/lib" -I"C:/STM32 Coding files/exam_fw103/exam_arm/stm32_f103/src/lib/cube_fw103/Drivers/CMSIS/Device/ST/STM32F1xx/Include" -I"C:/STM32 Coding files/exam_fw103/exam_arm/stm32_f103/src/lib/cube_fw103/Drivers/CMSIS/Include" -I"C:/STM32 Coding files/exam_fw103/exam_arm/stm32_f103/src/lib/cube_fw103/Drivers/STM32F1xx_HAL_Driver/Inc" -I"C:/STM32 Coding files/exam_fw103/exam_arm/stm32_f103/src/common/hw/include" -I"C:/STM32 Coding files/exam_fw103/exam_arm/stm32_f103/src/common/core" -O0 -ffunction-sections -fdata-sections -Wall -fstack-usage -MMD -MP -MF"src/hw/driver/motor.d" -MT"src/hw/driver/motor.o" --specs=nano.specs -mfloat-abi=soft -mthumb -o "src/hw/driver/motor.o"
arm-none-eabi-gcc "../src/hw/driver/mpu9250.c" -mcpu=cortex-m3 -std=gnu11 -g3 -DSTM32F103xB -c -I"C:/STM32 Coding files/exam_fw103/exam_arm/stm32_f103/src" -I"C:/STM32 Coding files/exam_fw103/exam_arm/stm32_f103/src/ap" -I"C:/STM32 Coding files/exam_fw103/exam_arm/stm32_f103/src/bsp" -I"C:/STM32 Coding files/exam_fw103/exam_arm/stm32_f103/src/common" -I"C:/STM32 Coding files/exam_fw103/exam_arm/stm32_f103/src/hw" -I"C:/STM32 Coding files/exam_fw103/exam_arm/stm32_f103/src/lib" -I"C:/STM32 Coding files/exam_fw103/exam_arm/stm32_f103/src/lib/cube_fw103/Drivers/CMSIS/Device/ST/STM32F1xx/Include" -I"C:/STM32 Coding files/exam_fw103/exam_arm/stm32_f103/src/lib/cube_fw103/Drivers/CMSIS/Include" -I"C:/STM32 Coding files/exam_fw103/exam_arm/stm32_f103/src/lib/cube_fw103/Drivers/STM32F1xx_HAL_Driver/Inc" -I"C:/STM32 Coding files/exam_fw103/exam_arm/stm32_f103/src/common/hw/include" -I"C:/STM32 Coding files/exam_fw103/exam_arm/stm32_f103/src/common/core" -O0 -ffunction-sections -fdata-sections -Wall -fstack-usage -MMD -MP -MF"src/hw/driver/mpu9250.d" -MT"src/hw/driver/mpu9250.o" --specs=nano.specs -mfloat-abi=soft -mthumb -o "src/hw/driver/mpu9250.o"
arm-none-eabi-gcc "../src/hw/driver/nrf24l01.c" -mcpu=cortex-m3 -std=gnu11 -g3 -DSTM32F103xB -c -I"C:/STM32 Coding files/exam_fw103/exam_arm/stm32_f103/src" -I"C:/STM32 Coding files/exam_fw103/exam_arm/stm32_f103/src/ap" -I"C:/STM32 Coding files/exam_fw103/exam_arm/stm32_f103/src/bsp" -I"C:/STM32 Coding files/exam_fw103/exam_arm/stm32_f103/src/common" -I"C:/STM32 Coding files/exam_fw103/exam_arm/stm32_f103/src/hw" -I"C:/STM32 Coding files/exam_fw103/exam_arm/stm32_f103/src/lib" -I"C:/STM32 Coding files/exam_fw103/exam_arm/stm32_f103/src/lib/cube_fw103/Drivers/CMSIS/Device/ST/STM32F1xx/Include" -I"C:/STM32 Coding files/exam_fw103/exam_arm/stm32_f103/src/lib/cube_fw103/Drivers/CMSIS/Include" -I"C:/STM32 Coding files/exam_fw103/exam_arm/stm32_f103/src/lib/cube_fw103/Drivers/STM32F1xx_HAL_Driver/Inc" -I"C:/STM32 Coding files/exam_fw103/exam_arm/stm32_f103/src/common/hw/include" -I"C:/STM32 Coding files/exam_fw103/exam_arm/stm32_f103/src/common/core" -O0 -ffunction-sections -fdata-sections -Wall -fstack-usage -MMD -MP -MF"src/hw/driver/nrf24l01.d" -MT"src/hw/driver/nrf24l01.o" --specs=nano.specs -mfloat-abi=soft -mthumb -o "src/hw/driver/nrf24l01.o"
arm-none-eabi-gcc "../src/hw/driver/spi.c" -mcpu=cortex-m3 -std=gnu11 -g3 -DSTM32F103xB -c -I"C:/STM32 Coding files/exam_fw103/exam_arm/stm32_f103/src" -I"C:/STM32 Coding files/exam_fw103/exam_arm/stm32_f103/src/ap" -I"C:/STM32 Coding files/exam_fw103/exam_arm/stm32_f103/src/bsp" -I"C:/STM32 Coding files/exam_fw103/exam_arm/stm32_f103/src/common" -I"C:/STM32 Coding files/exam_fw103/exam_arm/stm32_f103/src/hw" -I"C:/STM32 Coding files/exam_fw103/exam_arm/stm32_f103/src/lib" -I"C:/STM32 Coding files/exam_fw103/exam_arm/stm32_f103/src/lib/cube_fw103/Drivers/CMSIS/Device/ST/STM32F1xx/Include" -I"C:/STM32 Coding files/exam_fw103/exam_arm/stm32_f103/src/lib/cube_fw103/Drivers/CMSIS/Include" -I"C:/STM32 Coding files/exam_fw103/exam_arm/stm32_f103/src/lib/cube_fw103/Drivers/STM32F1xx_HAL_Driver/Inc" -I"C:/STM32 Coding files/exam_fw103/exam_arm/stm32_f103/src/common/hw/include" -I"C:/STM32 Coding files/exam_fw103/exam_arm/stm32_f103/src/common/core" -O0 -ffunction-sections -fdata-sections -Wall -fstack-usage -MMD -MP -MF"src/hw/driver/spi.d" -MT"src/hw/driver/spi.o" --specs=nano.specs -mfloat-abi=soft -mthumb -o "src/hw/driver/spi.o"
arm-none-eabi-gcc "../src/hw/driver/tim.c" -mcpu=cortex-m3 -std=gnu11 -g3 -DSTM32F103xB -c -I"C:/STM32 Coding files/exam_fw103/exam_arm/stm32_f103/src" -I"C:/STM32 Coding files/exam_fw103/exam_arm/stm32_f103/src/ap" -I"C:/STM32 Coding files/exam_fw103/exam_arm/stm32_f103/src/bsp" -I"C:/STM32 Coding files/exam_fw103/exam_arm/stm32_f103/src/common" -I"C:/STM32 Coding files/exam_fw103/exam_arm/stm32_f103/src/hw" -I"C:/STM32 Coding files/exam_fw103/exam_arm/stm32_f103/src/lib" -I"C:/STM32 Coding files/exam_fw103/exam_arm/stm32_f103/src/lib/cube_fw103/Drivers/CMSIS/Device/ST/STM32F1xx/Include" -I"C:/STM32 Coding files/exam_fw103/exam_arm/stm32_f103/src/lib/cube_fw103/Drivers/CMSIS/Include" -I"C:/STM32 Coding files/exam_fw103/exam_arm/stm32_f103/src/lib/cube_fw103/Drivers/STM32F1xx_HAL_Driver/Inc" -I"C:/STM32 Coding files/exam_fw103/exam_arm/stm32_f103/src/common/hw/include" -I"C:/STM32 Coding files/exam_fw103/exam_arm/stm32_f103/src/common/core" -O0 -ffunction-sections -fdata-sections -Wall -fstack-usage -MMD -MP -MF"src/hw/driver/tim.d" -MT"src/hw/driver/tim.o" --specs=nano.specs -mfloat-abi=soft -mthumb -o "src/hw/driver/tim.o"
arm-none-eabi-gcc "../src/hw/driver/uart.c" -mcpu=cortex-m3 -std=gnu11 -g3 -DSTM32F103xB -c -I"C:/STM32 Coding files/exam_fw103/exam_arm/stm32_f103/src" -I"C:/STM32 Coding files/exam_fw103/exam_arm/stm32_f103/src/ap" -I"C:/STM32 Coding files/exam_fw103/exam_arm/stm32_f103/src/bsp" -I"C:/STM32 Coding files/exam_fw103/exam_arm/stm32_f103/src/common" -I"C:/STM32 Coding files/exam_fw103/exam_arm/stm32_f103/src/hw" -I"C:/STM32 Coding files/exam_fw103/exam_arm/stm32_f103/src/lib" -I"C:/STM32 Coding files/exam_fw103/exam_arm/stm32_f103/src/lib/cube_fw103/Drivers/CMSIS/Device/ST/STM32F1xx/Include" -I"C:/STM32 Coding files/exam_fw103/exam_arm/stm32_f103/src/lib/cube_fw103/Drivers/CMSIS/Include" -I"C:/STM32 Coding files/exam_fw103/exam_arm/stm32_f103/src/lib/cube_fw103/Drivers/STM32F1xx_HAL_Driver/Inc" -I"C:/STM32 Coding files/exam_fw103/exam_arm/stm32_f103/src/common/hw/include" -I"C:/STM32 Coding files/exam_fw103/exam_arm/stm32_f103/src/common/core" -O0 -ffunction-sections -fdata-sections -Wall -fstack-usage -MMD -MP -MF"src/hw/driver/uart.d" -MT"src/hw/driver/uart.o" --specs=nano.specs -mfloat-abi=soft -mthumb -o "src/hw/driver/uart.o"
arm-none-eabi-gcc "../src/hw/hw.c" -mcpu=cortex-m3 -std=gnu11 -g3 -DSTM32F103xB -c -I"C:/STM32 Coding files/exam_fw103/exam_arm/stm32_f103/src" -I"C:/STM32 Coding files/exam_fw103/exam_arm/stm32_f103/src/ap" -I"C:/STM32 Coding files/exam_fw103/exam_arm/stm32_f103/src/bsp" -I"C:/STM32 Coding files/exam_fw103/exam_arm/stm32_f103/src/common" -I"C:/STM32 Coding files/exam_fw103/exam_arm/stm32_f103/src/hw" -I"C:/STM32 Coding files/exam_fw103/exam_arm/stm32_f103/src/lib" -I"C:/STM32 Coding files/exam_fw103/exam_arm/stm32_f103/src/lib/cube_fw103/Drivers/CMSIS/Device/ST/STM32F1xx/Include" -I"C:/STM32 Coding files/exam_fw103/exam_arm/stm32_f103/src/lib/cube_fw103/Drivers/CMSIS/Include" -I"C:/STM32 Coding files/exam_fw103/exam_arm/stm32_f103/src/lib/cube_fw103/Drivers/STM32F1xx_HAL_Driver/Inc" -I"C:/STM32 Coding files/exam_fw103/exam_arm/stm32_f103/src/common/hw/include" -I"C:/STM32 Coding files/exam_fw103/exam_arm/stm32_f103/src/common/core" -O0 -ffunction-sections -fdata-sections -Wall -fstack-usage -MMD -MP -MF"src/hw/hw.d" -MT"src/hw/hw.o" --specs=nano.specs -mfloat-abi=soft -mthumb -o "src/hw/hw.o"
arm-none-eabi-gcc "../src/common/core/qbuffer.c" -mcpu=cortex-m3 -std=gnu11 -g3 -DSTM32F103xB -c -I"C:/STM32 Coding files/exam_fw103/exam_arm/stm32_f103/src" -I"C:/STM32 Coding files/exam_fw103/exam_arm/stm32_f103/src/ap" -I"C:/STM32 Coding files/exam_fw103/exam_arm/stm32_f103/src/bsp" -I"C:/STM32 Coding files/exam_fw103/exam_arm/stm32_f103/src/common" -I"C:/STM32 Coding files/exam_fw103/exam_arm/stm32_f103/src/hw" -I"C:/STM32 Coding files/exam_fw103/exam_arm/stm32_f103/src/lib" -I"C:/STM32 Coding files/exam_fw103/exam_arm/stm32_f103/src/lib/cube_fw103/Drivers/CMSIS/Device/ST/STM32F1xx/Include" -I"C:/STM32 Coding files/exam_fw103/exam_arm/stm32_f103/src/lib/cube_fw103/Drivers/CMSIS/Include" -I"C:/STM32 Coding files/exam_fw103/exam_arm/stm32_f103/src/lib/cube_fw103/Drivers/STM32F1xx_HAL_Driver/Inc" -I"C:/STM32 Coding files/exam_fw103/exam_arm/stm32_f103/src/common/hw/include" -I"C:/STM32 Coding files/exam_fw103/exam_arm/stm32_f103/src/common/core" -O0 -ffunction-sections -fdata-sections -Wall -fstack-usage -MMD -MP -MF"src/common/core/qbuffer.d" -MT"src/common/core/qbuffer.o" --specs=nano.specs -mfloat-abi=soft -mthumb -o "src/common/core/qbuffer.o"
arm-none-eabi-gcc -mcpu=cortex-m3 -g3 -c -x assembler-with-cpp -MMD -MP -MF"src/bsp/startup/startup_stm32f103c8tx.d" -MT"src/bsp/startup/startup_stm32f103c8tx.o" --specs=nano.specs -mfloat-abi=soft -mthumb -o "src/bsp/startup/startup_stm32f103c8tx.o" "../src/bsp/startup/startup_stm32f103c8tx.s"
arm-none-eabi-gcc "../src/bsp/bsp.c" -mcpu=cortex-m3 -std=gnu11 -g3 -DSTM32F103xB -c -I"C:/STM32 Coding files/exam_fw103/exam_arm/stm32_f103/src" -I"C:/STM32 Coding files/exam_fw103/exam_arm/stm32_f103/src/ap" -I"C:/STM32 Coding files/exam_fw103/exam_arm/stm32_f103/src/bsp" -I"C:/STM32 Coding files/exam_fw103/exam_arm/stm32_f103/src/common" -I"C:/STM32 Coding files/exam_fw103/exam_arm/stm32_f103/src/hw" -I"C:/STM32 Coding files/exam_fw103/exam_arm/stm32_f103/src/lib" -I"C:/STM32 Coding files/exam_fw103/exam_arm/stm32_f103/src/lib/cube_fw103/Drivers/CMSIS/Device/ST/STM32F1xx/Include" -I"C:/STM32 Coding files/exam_fw103/exam_arm/stm32_f103/src/lib/cube_fw103/Drivers/CMSIS/Include" -I"C:/STM32 Coding files/exam_fw103/exam_arm/stm32_f103/src/lib/cube_fw103/Drivers/STM32F1xx_HAL_Driver/Inc" -I"C:/STM32 Coding files/exam_fw103/exam_arm/stm32_f103/src/common/hw/include" -I"C:/STM32 Coding files/exam_fw103/exam_arm/stm32_f103/src/common/core" -O0 -ffunction-sections -fdata-sections -Wall -fstack-usage -MMD -MP -MF"src/bsp/bsp.d" -MT"src/bsp/bsp.o" --specs=nano.specs -mfloat-abi=soft -mthumb -o "src/bsp/bsp.o"
arm-none-eabi-gcc "../src/bsp/stm32f1xx_hal_msp.c" -mcpu=cortex-m3 -std=gnu11 -g3 -DSTM32F103xB -c -I"C:/STM32 Coding files/exam_fw103/exam_arm/stm32_f103/src" -I"C:/STM32 Coding files/exam_fw103/exam_arm/stm32_f103/src/ap" -I"C:/STM32 Coding files/exam_fw103/exam_arm/stm32_f103/src/bsp" -I"C:/STM32 Coding files/exam_fw103/exam_arm/stm32_f103/src/common" -I"C:/STM32 Coding files/exam_fw103/exam_arm/stm32_f103/src/hw" -I"C:/STM32 Coding files/exam_fw103/exam_arm/stm32_f103/src/lib" -I"C:/STM32 Coding files/exam_fw103/exam_arm/stm32_f103/src/lib/cube_fw103/Drivers/CMSIS/Device/ST/STM32F1xx/Include" -I"C:/STM32 Coding files/exam_fw103/exam_arm/stm32_f103/src/lib/cube_fw103/Drivers/CMSIS/Include" -I"C:/STM32 Coding files/exam_fw103/exam_arm/stm32_f103/src/lib/cube_fw103/Drivers/STM32F1xx_HAL_Driver/Inc" -I"C:/STM32 Coding files/exam_fw103/exam_arm/stm32_f103/src/common/hw/include" -I"C:/STM32 Coding files/exam_fw103/exam_arm/stm32_f103/src/common/core" -O0 -ffunction-sections -fdata-sections -Wall -fstack-usage -MMD -MP -MF"src/bsp/stm32f1xx_hal_msp.d" -MT"src/bsp/stm32f1xx_hal_msp.o" --specs=nano.specs -mfloat-abi=soft -mthumb -o "src/bsp/stm32f1xx_hal_msp.o"
arm-none-eabi-gcc "../src/bsp/stm32f1xx_it.c" -mcpu=cortex-m3 -std=gnu11 -g3 -DSTM32F103xB -c -I"C:/STM32 Coding files/exam_fw103/exam_arm/stm32_f103/src" -I"C:/STM32 Coding files/exam_fw103/exam_arm/stm32_f103/src/ap" -I"C:/STM32 Coding files/exam_fw103/exam_arm/stm32_f103/src/bsp" -I"C:/STM32 Coding files/exam_fw103/exam_arm/stm32_f103/src/common" -I"C:/STM32 Coding files/exam_fw103/exam_arm/stm32_f103/src/hw" -I"C:/STM32 Coding files/exam_fw103/exam_arm/stm32_f103/src/lib" -I"C:/STM32 Coding files/exam_fw103/exam_arm/stm32_f103/src/lib/cube_fw103/Drivers/CMSIS/Device/ST/STM32F1xx/Include" -I"C:/STM32 Coding files/exam_fw103/exam_arm/stm32_f103/src/lib/cube_fw103/Drivers/CMSIS/Include" -I"C:/STM32 Coding files/exam_fw103/exam_arm/stm32_f103/src/lib/cube_fw103/Drivers/STM32F1xx_HAL_Driver/Inc" -I"C:/STM32 Coding files/exam_fw103/exam_arm/stm32_f103/src/common/hw/include" -I"C:/STM32 Coding files/exam_fw103/exam_arm/stm32_f103/src/common/core" -O0 -ffunction-sections -fdata-sections -Wall -fstack-usage -MMD -MP -MF"src/bsp/stm32f1xx_it.d" -MT"src/bsp/stm32f1xx_it.o" --specs=nano.specs -mfloat-abi=soft -mthumb -o "src/bsp/stm32f1xx_it.o"
arm-none-eabi-gcc "../src/bsp/syscalls.c" -mcpu=cortex-m3 -std=gnu11 -g3 -DSTM32F103xB -c -I"C:/STM32 Coding files/exam_fw103/exam_arm/stm32_f103/src" -I"C:/STM32 Coding files/exam_fw103/exam_arm/stm32_f103/src/ap" -I"C:/STM32 Coding files/exam_fw103/exam_arm/stm32_f103/src/bsp" -I"C:/STM32 Coding files/exam_fw103/exam_arm/stm32_f103/src/common" -I"C:/STM32 Coding files/exam_fw103/exam_arm/stm32_f103/src/hw" -I"C:/STM32 Coding files/exam_fw103/exam_arm/stm32_f103/src/lib" -I"C:/STM32 Coding files/exam_fw103/exam_arm/stm32_f103/src/lib/cube_fw103/Drivers/CMSIS/Device/ST/STM32F1xx/Include" -I"C:/STM32 Coding files/exam_fw103/exam_arm/stm32_f103/src/lib/cube_fw103/Drivers/CMSIS/Include" -I"C:/STM32 Coding files/exam_fw103/exam_arm/stm32_f103/src/lib/cube_fw103/Drivers/STM32F1xx_HAL_Driver/Inc" -I"C:/STM32 Coding files/exam_fw103/exam_arm/stm32_f103/src/common/hw/include" -I"C:/STM32 Coding files/exam_fw103/exam_arm/stm32_f103/src/common/core" -O0 -ffunction-sections -fdata-sections -Wall -fstack-usage -MMD -MP -MF"src/bsp/syscalls.d" -MT"src/bsp/syscalls.o" --specs=nano.specs -mfloat-abi=soft -mthumb -o "src/bsp/syscalls.o"
arm-none-eabi-gcc "../src/bsp/sysmem.c" -mcpu=cortex-m3 -std=gnu11 -g3 -DSTM32F103xB -c -I"C:/STM32 Coding files/exam_fw103/exam_arm/stm32_f103/src" -I"C:/STM32 Coding files/exam_fw103/exam_arm/stm32_f103/src/ap" -I"C:/STM32 Coding files/exam_fw103/exam_arm/stm32_f103/src/bsp" -I"C:/STM32 Coding files/exam_fw103/exam_arm/stm32_f103/src/common" -I"C:/STM32 Coding files/exam_fw103/exam_arm/stm32_f103/src/hw" -I"C:/STM32 Coding files/exam_fw103/exam_arm/stm32_f103/src/lib" -I"C:/STM32 Coding files/exam_fw103/exam_arm/stm32_f103/src/lib/cube_fw103/Drivers/CMSIS/Device/ST/STM32F1xx/Include" -I"C:/STM32 Coding files/exam_fw103/exam_arm/stm32_f103/src/lib/cube_fw103/Drivers/CMSIS/Include" -I"C:/STM32 Coding files/exam_fw103/exam_arm/stm32_f103/src/lib/cube_fw103/Drivers/STM32F1xx_HAL_Driver/Inc" -I"C:/STM32 Coding files/exam_fw103/exam_arm/stm32_f103/src/common/hw/include" -I"C:/STM32 Coding files/exam_fw103/exam_arm/stm32_f103/src/common/core" -O0 -ffunction-sections -fdata-sections -Wall -fstack-usage -MMD -MP -MF"src/bsp/sysmem.d" -MT"src/bsp/sysmem.o" --specs=nano.specs -mfloat-abi=soft -mthumb -o "src/bsp/sysmem.o"
arm-none-eabi-gcc "../src/bsp/system_stm32f1xx.c" -mcpu=cortex-m3 -std=gnu11 -g3 -DSTM32F103xB -c -I"C:/STM32 Coding files/exam_fw103/exam_arm/stm32_f103/src" -I"C:/STM32 Coding files/exam_fw103/exam_arm/stm32_f103/src/ap" -I"C:/STM32 Coding files/exam_fw103/exam_arm/stm32_f103/src/bsp" -I"C:/STM32 Coding files/exam_fw103/exam_arm/stm32_f103/src/common" -I"C:/STM32 Coding files/exam_fw103/exam_arm/stm32_f103/src/hw" -I"C:/STM32 Coding files/exam_fw103/exam_arm/stm32_f103/src/lib" -I"C:/STM32 Coding files/exam_fw103/exam_arm/stm32_f103/src/lib/cube_fw103/Drivers/CMSIS/Device/ST/STM32F1xx/Include" -I"C:/STM32 Coding files/exam_fw103/exam_arm/stm32_f103/src/lib/cube_fw103/Drivers/CMSIS/Include" -I"C:/STM32 Coding files/exam_fw103/exam_arm/stm32_f103/src/lib/cube_fw103/Drivers/STM32F1xx_HAL_Driver/Inc" -I"C:/STM32 Coding files/exam_fw103/exam_arm/stm32_f103/src/common/hw/include" -I"C:/STM32 Coding files/exam_fw103/exam_arm/stm32_f103/src/common/core" -O0 -ffunction-sections -fdata-sections -Wall -fstack-usage -MMD -MP -MF"src/bsp/system_stm32f1xx.d" -MT"src/bsp/system_stm32f1xx.o" --specs=nano.specs -mfloat-abi=soft -mthumb -o "src/bsp/system_stm32f1xx.o"
arm-none-eabi-gcc "../src/ap/ap.c" -mcpu=cortex-m3 -std=gnu11 -g3 -DSTM32F103xB -c -I"C:/STM32 Coding files/exam_fw103/exam_arm/stm32_f103/src" -I"C:/STM32 Coding files/exam_fw103/exam_arm/stm32_f103/src/ap" -I"C:/STM32 Coding files/exam_fw103/exam_arm/stm32_f103/src/bsp" -I"C:/STM32 Coding files/exam_fw103/exam_arm/stm32_f103/src/common" -I"C:/STM32 Coding files/exam_fw103/exam_arm/stm32_f103/src/hw" -I"C:/STM32 Coding files/exam_fw103/exam_arm/stm32_f103/src/lib" -I"C:/STM32 Coding files/exam_fw103/exam_arm/stm32_f103/src/lib/cube_fw103/Drivers/CMSIS/Device/ST/STM32F1xx/Include" -I"C:/STM32 Coding files/exam_fw103/exam_arm/stm32_f103/src/lib/cube_fw103/Drivers/CMSIS/Include" -I"C:/STM32 Coding files/exam_fw103/exam_arm/stm32_f103/src/lib/cube_fw103/Drivers/STM32F1xx_HAL_Driver/Inc" -I"C:/STM32 Coding files/exam_fw103/exam_arm/stm32_f103/src/common/hw/include" -I"C:/STM32 Coding files/exam_fw103/exam_arm/stm32_f103/src/common/core" -O0 -ffunction-sections -fdata-sections -Wall -fstack-usage -MMD -MP -MF"src/ap/ap.d" -MT"src/ap/ap.o" --specs=nano.specs -mfloat-abi=soft -mthumb -o "src/ap/ap.o"
arm-none-eabi-gcc "../src/main.c" -mcpu=cortex-m3 -std=gnu11 -g3 -DSTM32F103xB -c -I"C:/STM32 Coding files/exam_fw103/exam_arm/stm32_f103/src" -I"C:/STM32 Coding files/exam_fw103/exam_arm/stm32_f103/src/ap" -I"C:/STM32 Coding files/exam_fw103/exam_arm/stm32_f103/src/bsp" -I"C:/STM32 Coding files/exam_fw103/exam_arm/stm32_f103/src/common" -I"C:/STM32 Coding files/exam_fw103/exam_arm/stm32_f103/src/hw" -I"C:/STM32 Coding files/exam_fw103/exam_arm/stm32_f103/src/lib" -I"C:/STM32 Coding files/exam_fw103/exam_arm/stm32_f103/src/lib/cube_fw103/Drivers/CMSIS/Device/ST/STM32F1xx/Include" -I"C:/STM32 Coding files/exam_fw103/exam_arm/stm32_f103/src/lib/cube_fw103/Drivers/CMSIS/Include" -I"C:/STM32 Coding files/exam_fw103/exam_arm/stm32_f103/src/lib/cube_fw103/Drivers/STM32F1xx_HAL_Driver/Inc" -I"C:/STM32 Coding files/exam_fw103/exam_arm/stm32_f103/src/common/hw/include" -I"C:/STM32 Coding files/exam_fw103/exam_arm/stm32_f103/src/common/core" -O0 -ffunction-sections -fdata-sections -Wall -fstack-usage -MMD -MP -MF"src/main.d" -MT"src/main.o" --specs=nano.specs -mfloat-abi=soft -mthumb -o "src/main.o"
arm-none-eabi-gcc -o "stm32_f103.elf" @"objects.list"   -mcpu=cortex-m3 -T"C:\STM32 Coding files\exam_fw103\exam_arm\stm32_f103\src\bsp\ldscript\STM32F103C8TX_FLASH.ld" --specs=nosys.specs -Wl,-Map="stm32_f103.map" -Wl,--gc-sections -static -u _printf_float --specs=nano.specs -mfloat-abi=soft -mthumb -Wl,--start-group -lc -lm -Wl,--end-group
Finished building target: stm32_f103.elf
 
arm-none-eabi-size   stm32_f103.elf 
arm-none-eabi-objdump -h -S  stm32_f103.elf  > "stm32_f103.list"
arm-none-eabi-objcopy  -O ihex  stm32_f103.elf  "stm32_f103.hex"
arm-none-eabi-objcopy  -O binary  stm32_f103.elf  "stm32_f103.bin"
   text	   data	    bss	    dec	    hex	filename
  36776	    524	   2420	  39720	   9b28	stm32_f103.elf
Finished building: default.size.stdout
 
Finished building: stm32_f103.bin
Finished building: stm32_f103.hex
 
 
Finished building: stm32_f103.list
 
02:16:29 **** Incremental Build of configuration Debug for project stm32_f103 ****
make -j4 all 
arm-none-eabi-gcc "../src/ap/ap.c" -mcpu=cortex-m3 -std=gnu11 -g3 -DSTM32F103xB -c -I"C:/STM32 Coding files/exam_fw103/exam_arm/stm32_f103/src" -I"C:/STM32 Coding files/exam_fw103/exam_arm/stm32_f103/src/ap" -I"C:/STM32 Coding files/exam_fw103/exam_arm/stm32_f103/src/bsp" -I"C:/STM32 Coding files/exam_fw103/exam_arm/stm32_f103/src/common" -I"C:/STM32 Coding files/exam_fw103/exam_arm/stm32_f103/src/hw" -I"C:/STM32 Coding files/exam_fw103/exam_arm/stm32_f103/src/lib" -I"C:/STM32 Coding files/exam_fw103/exam_arm/stm32_f103/src/lib/cube_fw103/Drivers/CMSIS/Device/ST/STM32F1xx/Include" -I"C:/STM32 Coding files/exam_fw103/exam_arm/stm32_f103/src/lib/cube_fw103/Drivers/CMSIS/Include" -I"C:/STM32 Coding files/exam_fw103/exam_arm/stm32_f103/src/lib/cube_fw103/Drivers/STM32F1xx_HAL_Driver/Inc" -I"C:/STM32 Coding files/exam_fw103/exam_arm/stm32_f103/src/common/hw/include" -I"C:/STM32 Coding files/exam_fw103/exam_arm/stm32_f103/src/common/core" -O0 -ffunction-sections -fdata-sections -Wall -fstack-usage -MMD -MP -MF"src/ap/ap.d" -MT"src/ap/ap.o" --specs=nano.specs -mfloat-abi=soft -mthumb -o "src/ap/ap.o"
arm-none-eabi-gcc -o "stm32_f103.elf" @"objects.list"   -mcpu=cortex-m3 -T"C:\STM32 Coding files\exam_fw103\exam_arm\stm32_f103\src\bsp\ldscript\STM32F103C8TX_FLASH.ld" --specs=nosys.specs -Wl,-Map="stm32_f103.map" -Wl,--gc-sections -static -u _printf_float --specs=nano.specs -mfloat-abi=soft -mthumb -Wl,--start-group -lc -lm -Wl,--end-group
Finished building target: stm32_f103.elf
 
arm-none-eabi-objdump -h -S  stm32_f103.elf  > "stm32_f103.list"
arm-none-eabi-objcopy  -O ihex  stm32_f103.elf  "stm32_f103.hex"
arm-none-eabi-objcopy  -O binary  stm32_f103.elf  "stm32_f103.bin"
arm-none-eabi-size   stm32_f103.elf 
   text	   data	    bss	    dec	    hex	filename
  36792	    524	   2420	  39736	   9b38	stm32_f103.elf
Finished building: default.size.stdout
 
Finished building: stm32_f103.hex
Finished building: stm32_f103.bin
 
 
Finished building: stm32_f103.list
 
